running develop
running egg_info
creating rse_common_utils.egg-info
writing rse_common_utils.egg-info/PKG-INFO
writing dependency_links to rse_common_utils.egg-info/dependency_links.txt
writing entry points to rse_common_utils.egg-info/entry_points.txt
writing requirements to rse_common_utils.egg-info/requires.txt
writing top-level names to rse_common_utils.egg-info/top_level.txt
writing manifest file 'rse_common_utils.egg-info/SOURCES.txt'
reading manifest file 'rse_common_utils.egg-info/SOURCES.txt'
writing manifest file 'rse_common_utils.egg-info/SOURCES.txt'
running build_ext
Creating /home/jjy/ros2_ws/install/rse_common_utils/lib/python3.10/site-packages/rse-common-utils.egg-link (link to .)

Installed /home/jjy/ros2_ws/build/rse_common_utils
running symlink_data
creating /home/jjy/ros2_ws/install/rse_common_utils/share/ament_index
creating /home/jjy/ros2_ws/install/rse_common_utils/share/ament_index/resource_index
creating /home/jjy/ros2_ws/install/rse_common_utils/share/ament_index/resource_index/packages
symbolically linking /home/jjy/ros2_ws/build/rse_common_utils/resource/rse_common_utils -> /home/jjy/ros2_ws/install/rse_common_utils/share/ament_index/resource_index/packages
symbolically linking /home/jjy/ros2_ws/build/rse_common_utils/package.xml -> /home/jjy/ros2_ws/install/rse_common_utils/share/rse_common_utils
