[0.454s] Invoking command in '/home/jjy/ros2_ws/src/rse_prob_robotics/rse_gaussian_filters': AMENT_PREFIX_PATH=/home/jjy/ros2_ws/install/rse_common_utils:/home/jjy/ros2_ws/install/rse_observation_models:/home/jjy/ros2_ws/install/rse_motion_models:${AMENT_PREFIX_PATH} PYTHONPATH=/home/jjy/ros2_ws/build/rse_gaussian_filters/prefix_override:/usr/lib/python3/dist-packages/colcon_core/task/python/colcon_distutils_commands:/home/jjy/ros2_ws/install/rse_gaussian_filters/lib/python3.10/site-packages:/home/jjy/ros2_ws/install/rse_common_utils/lib/python3.10/site-packages:/home/jjy/ros2_ws/install/rse_observation_models/lib/python3.10/site-packages:/home/jjy/ros2_ws/install/rse_motion_models/lib/python3.10/site-packages:${PYTHONPATH} /usr/bin/python3 -W ignore:setup.py install is deprecated -W ignore:easy_install command is deprecated setup.py egg_info --egg-base ../../../build/rse_gaussian_filters build --build-base /home/jjy/ros2_ws/build/rse_gaussian_filters/build install --record /home/jjy/ros2_ws/build/rse_gaussian_filters/install.log --single-version-externally-managed install_data
[0.575s] running egg_info
[0.575s] writing ../../../build/rse_gaussian_filters/rse_gaussian_filters.egg-info/PKG-INFO
[0.575s] writing dependency_links to ../../../build/rse_gaussian_filters/rse_gaussian_filters.egg-info/dependency_links.txt
[0.575s] writing entry points to ../../../build/rse_gaussian_filters/rse_gaussian_filters.egg-info/entry_points.txt
[0.575s] writing requirements to ../../../build/rse_gaussian_filters/rse_gaussian_filters.egg-info/requires.txt
[0.575s] writing top-level names to ../../../build/rse_gaussian_filters/rse_gaussian_filters.egg-info/top_level.txt
[0.576s] reading manifest file '../../../build/rse_gaussian_filters/rse_gaussian_filters.egg-info/SOURCES.txt'
[0.576s] adding license file 'LICENSE'
[0.577s] writing manifest file '../../../build/rse_gaussian_filters/rse_gaussian_filters.egg-info/SOURCES.txt'
[0.577s] running build
[0.577s] running build_py
[0.578s] running install
[0.578s] running install_lib
[0.579s] running install_data
[0.579s] running install_egg_info
[0.580s] removing '/home/jjy/ros2_ws/install/rse_gaussian_filters/lib/python3.10/site-packages/rse_gaussian_filters-0.0.0-py3.10.egg-info' (and everything under it)
[0.580s] Copying ../../../build/rse_gaussian_filters/rse_gaussian_filters.egg-info to /home/jjy/ros2_ws/install/rse_gaussian_filters/lib/python3.10/site-packages/rse_gaussian_filters-0.0.0-py3.10.egg-info
[0.581s] running install_scripts
[0.592s] Installing einf_estimation_3d_v1 script to /home/jjy/ros2_ws/install/rse_gaussian_filters/lib/rse_gaussian_filters
[0.592s] Installing einf_estimation_3d_v2 script to /home/jjy/ros2_ws/install/rse_gaussian_filters/lib/rse_gaussian_filters
[0.592s] Installing einf_estimation_7d script to /home/jjy/ros2_ws/install/rse_gaussian_filters/lib/rse_gaussian_filters
[0.592s] Installing einf_estimation_8d script to /home/jjy/ros2_ws/install/rse_gaussian_filters/lib/rse_gaussian_filters
[0.592s] Installing ekf_estimation_3d_v1 script to /home/jjy/ros2_ws/install/rse_gaussian_filters/lib/rse_gaussian_filters
[0.593s] Installing ekf_estimation_3d_v2 script to /home/jjy/ros2_ws/install/rse_gaussian_filters/lib/rse_gaussian_filters
[0.593s] Installing ekf_estimation_7d script to /home/jjy/ros2_ws/install/rse_gaussian_filters/lib/rse_gaussian_filters
[0.593s] Installing ekf_estimation_8d script to /home/jjy/ros2_ws/install/rse_gaussian_filters/lib/rse_gaussian_filters
[0.593s] Installing inf_estimation_3d script to /home/jjy/ros2_ws/install/rse_gaussian_filters/lib/rse_gaussian_filters
[0.593s] Installing kf_estimation_3d script to /home/jjy/ros2_ws/install/rse_gaussian_filters/lib/rse_gaussian_filters
[0.593s] Installing ukf_estimation_3d_v1 script to /home/jjy/ros2_ws/install/rse_gaussian_filters/lib/rse_gaussian_filters
[0.593s] Installing ukf_estimation_3d_v2 script to /home/jjy/ros2_ws/install/rse_gaussian_filters/lib/rse_gaussian_filters
[0.593s] Installing ukf_estimation_7d script to /home/jjy/ros2_ws/install/rse_gaussian_filters/lib/rse_gaussian_filters
[0.593s] Installing ukf_estimation_8d script to /home/jjy/ros2_ws/install/rse_gaussian_filters/lib/rse_gaussian_filters
[0.593s] writing list of installed files to '/home/jjy/ros2_ws/build/rse_gaussian_filters/install.log'
[0.607s] Invoked command in '/home/jjy/ros2_ws/src/rse_prob_robotics/rse_gaussian_filters' returned '0': AMENT_PREFIX_PATH=/home/jjy/ros2_ws/install/rse_common_utils:/home/jjy/ros2_ws/install/rse_observation_models:/home/jjy/ros2_ws/install/rse_motion_models:${AMENT_PREFIX_PATH} PYTHONPATH=/home/jjy/ros2_ws/build/rse_gaussian_filters/prefix_override:/usr/lib/python3/dist-packages/colcon_core/task/python/colcon_distutils_commands:/home/jjy/ros2_ws/install/rse_gaussian_filters/lib/python3.10/site-packages:/home/jjy/ros2_ws/install/rse_common_utils/lib/python3.10/site-packages:/home/jjy/ros2_ws/install/rse_observation_models/lib/python3.10/site-packages:/home/jjy/ros2_ws/install/rse_motion_models/lib/python3.10/site-packages:${PYTHONPATH} /usr/bin/python3 -W ignore:setup.py install is deprecated -W ignore:easy_install command is deprecated setup.py egg_info --egg-base ../../../build/rse_gaussian_filters build --build-base /home/jjy/ros2_ws/build/rse_gaussian_filters/build install --record /home/jjy/ros2_ws/build/rse_gaussian_filters/install.log --single-version-externally-managed install_data
