[1.028s] Invoking command in '/home/jjy/ros2_ws/src/rse_prob_robotics/rse_occupancy_grid_mapping': PYTHONPATH=/home/jjy/ros2_ws/build/rse_occupancy_grid_mapping/prefix_override:/usr/lib/python3/dist-packages/colcon_core/task/python/colcon_distutils_commands:/home/jjy/ros2_ws/install/rse_occupancy_grid_mapping/lib/python3.10/site-packages:${PYTHONPATH} /usr/bin/python3 -W ignore:setup.py install is deprecated -W ignore:easy_install command is deprecated setup.py egg_info --egg-base ../../../build/rse_occupancy_grid_mapping build --build-base /home/jjy/ros2_ws/build/rse_occupancy_grid_mapping/build install --record /home/jjy/ros2_ws/build/rse_occupancy_grid_mapping/install.log --single-version-externally-managed install_data
[1.185s] running egg_info
[1.185s] writing ../../../build/rse_occupancy_grid_mapping/rse_occupancy_grid_mapping.egg-info/PKG-INFO
[1.185s] writing dependency_links to ../../../build/rse_occupancy_grid_mapping/rse_occupancy_grid_mapping.egg-info/dependency_links.txt
[1.186s] writing entry points to ../../../build/rse_occupancy_grid_mapping/rse_occupancy_grid_mapping.egg-info/entry_points.txt
[1.186s] writing requirements to ../../../build/rse_occupancy_grid_mapping/rse_occupancy_grid_mapping.egg-info/requires.txt
[1.186s] writing top-level names to ../../../build/rse_occupancy_grid_mapping/rse_occupancy_grid_mapping.egg-info/top_level.txt
[1.187s] reading manifest file '../../../build/rse_occupancy_grid_mapping/rse_occupancy_grid_mapping.egg-info/SOURCES.txt'
[1.188s] writing manifest file '../../../build/rse_occupancy_grid_mapping/rse_occupancy_grid_mapping.egg-info/SOURCES.txt'
[1.188s] running build
[1.188s] running build_py
[1.189s] running install
[1.189s] running install_lib
[1.191s] running install_data
[1.191s] running install_egg_info
[1.192s] removing '/home/jjy/ros2_ws/install/rse_occupancy_grid_mapping/lib/python3.10/site-packages/rse_occupancy_grid_mapping-0.0.0-py3.10.egg-info' (and everything under it)
[1.192s] Copying ../../../build/rse_occupancy_grid_mapping/rse_occupancy_grid_mapping.egg-info to /home/jjy/ros2_ws/install/rse_occupancy_grid_mapping/lib/python3.10/site-packages/rse_occupancy_grid_mapping-0.0.0-py3.10.egg-info
[1.193s] running install_scripts
[1.204s] Installing occupancy_grid_mapping script to /home/jjy/ros2_ws/install/rse_occupancy_grid_mapping/lib/rse_occupancy_grid_mapping
[1.204s] writing list of installed files to '/home/jjy/ros2_ws/build/rse_occupancy_grid_mapping/install.log'
[1.311s] Invoked command in '/home/jjy/ros2_ws/src/rse_prob_robotics/rse_occupancy_grid_mapping' returned '0': PYTHONPATH=/home/jjy/ros2_ws/build/rse_occupancy_grid_mapping/prefix_override:/usr/lib/python3/dist-packages/colcon_core/task/python/colcon_distutils_commands:/home/jjy/ros2_ws/install/rse_occupancy_grid_mapping/lib/python3.10/site-packages:${PYTHONPATH} /usr/bin/python3 -W ignore:setup.py install is deprecated -W ignore:easy_install command is deprecated setup.py egg_info --egg-base ../../../build/rse_occupancy_grid_mapping build --build-base /home/jjy/ros2_ws/build/rse_occupancy_grid_mapping/build install --record /home/jjy/ros2_ws/build/rse_occupancy_grid_mapping/install.log --single-version-externally-managed install_data
