[0.915s] Invoking command in '/home/jjy/ros2_ws/src/rse_prob_robotics/rse_occupancy_grid_mapping': PYTHONPATH=/home/jjy/ros2_ws/build/rse_occupancy_grid_mapping/prefix_override:/usr/lib/python3/dist-packages/colcon_core/task/python/colcon_distutils_commands:/home/jjy/ros2_ws/install/rse_occupancy_grid_mapping/lib/python3.10/site-packages:${PYTHONPATH} /usr/bin/python3 -W ignore:setup.py install is deprecated -W ignore:easy_install command is deprecated setup.py egg_info --egg-base ../../../build/rse_occupancy_grid_mapping build --build-base /home/jjy/ros2_ws/build/rse_occupancy_grid_mapping/build install --record /home/jjy/ros2_ws/build/rse_occupancy_grid_mapping/install.log --single-version-externally-managed install_data
[1.036s] running egg_info
[1.036s] writing ../../../build/rse_occupancy_grid_mapping/rse_occupancy_grid_mapping.egg-info/PKG-INFO
[1.036s] writing dependency_links to ../../../build/rse_occupancy_grid_mapping/rse_occupancy_grid_mapping.egg-info/dependency_links.txt
[1.036s] writing entry points to ../../../build/rse_occupancy_grid_mapping/rse_occupancy_grid_mapping.egg-info/entry_points.txt
[1.036s] writing requirements to ../../../build/rse_occupancy_grid_mapping/rse_occupancy_grid_mapping.egg-info/requires.txt
[1.036s] writing top-level names to ../../../build/rse_occupancy_grid_mapping/rse_occupancy_grid_mapping.egg-info/top_level.txt
[1.038s] reading manifest file '../../../build/rse_occupancy_grid_mapping/rse_occupancy_grid_mapping.egg-info/SOURCES.txt'
[1.039s] writing manifest file '../../../build/rse_occupancy_grid_mapping/rse_occupancy_grid_mapping.egg-info/SOURCES.txt'
[1.039s] running build
[1.039s] running build_py
[1.039s] running install
[1.039s] running install_lib
[1.040s] running install_data
[1.041s] running install_egg_info
[1.042s] removing '/home/jjy/ros2_ws/install/rse_occupancy_grid_mapping/lib/python3.10/site-packages/rse_occupancy_grid_mapping-0.0.0-py3.10.egg-info' (and everything under it)
[1.042s] Copying ../../../build/rse_occupancy_grid_mapping/rse_occupancy_grid_mapping.egg-info to /home/jjy/ros2_ws/install/rse_occupancy_grid_mapping/lib/python3.10/site-packages/rse_occupancy_grid_mapping-0.0.0-py3.10.egg-info
[1.042s] running install_scripts
[1.054s] Installing occupancy_grid_mapping script to /home/jjy/ros2_ws/install/rse_occupancy_grid_mapping/lib/rse_occupancy_grid_mapping
[1.054s] writing list of installed files to '/home/jjy/ros2_ws/build/rse_occupancy_grid_mapping/install.log'
[1.087s] Invoked command in '/home/jjy/ros2_ws/src/rse_prob_robotics/rse_occupancy_grid_mapping' returned '0': PYTHONPATH=/home/jjy/ros2_ws/build/rse_occupancy_grid_mapping/prefix_override:/usr/lib/python3/dist-packages/colcon_core/task/python/colcon_distutils_commands:/home/jjy/ros2_ws/install/rse_occupancy_grid_mapping/lib/python3.10/site-packages:${PYTHONPATH} /usr/bin/python3 -W ignore:setup.py install is deprecated -W ignore:easy_install command is deprecated setup.py egg_info --egg-base ../../../build/rse_occupancy_grid_mapping build --build-base /home/jjy/ros2_ws/build/rse_occupancy_grid_mapping/build install --record /home/jjy/ros2_ws/build/rse_occupancy_grid_mapping/install.log --single-version-externally-managed install_data
