[0.958s] Invoking command in '/home/jjy/ros2_ws/build/rse_observation_models': PYTHONPATH=/home/jjy/ros2_ws/build/rse_observation_models/prefix_override:/usr/lib/python3/dist-packages/colcon_core/task/python/colcon_distutils_commands:/home/jjy/ros2_ws/install/rse_observation_models/lib/python3.10/site-packages:${PYTHONPATH} /usr/bin/python3 -W ignore:setup.py install is deprecated -W ignore:easy_install command is deprecated setup.py develop --uninstall --editable --build-directory /home/jjy/ros2_ws/build/rse_observation_models/build
[1.114s] running develop
[1.198s] Removing /home/jjy/ros2_ws/install/rse_observation_models/lib/python3.10/site-packages/rse-observation-models.egg-link (link to .)
[1.218s] Invoked command in '/home/jjy/ros2_ws/build/rse_observation_models' returned '0': PYTHONPATH=/home/jjy/ros2_ws/build/rse_observation_models/prefix_override:/usr/lib/python3/dist-packages/colcon_core/task/python/colcon_distutils_commands:/home/jjy/ros2_ws/install/rse_observation_models/lib/python3.10/site-packages:${PYTHONPATH} /usr/bin/python3 -W ignore:setup.py install is deprecated -W ignore:easy_install command is deprecated setup.py develop --uninstall --editable --build-directory /home/jjy/ros2_ws/build/rse_observation_models/build
[1.219s] Invoking command in '/home/jjy/ros2_ws/src/rse_prob_robotics/rse_observation_models': PYTHONPATH=/home/jjy/ros2_ws/build/rse_observation_models/prefix_override:/usr/lib/python3/dist-packages/colcon_core/task/python/colcon_distutils_commands:/home/jjy/ros2_ws/install/rse_observation_models/lib/python3.10/site-packages:${PYTHONPATH} /usr/bin/python3 -W ignore:setup.py install is deprecated -W ignore:easy_install command is deprecated setup.py egg_info --egg-base ../../../build/rse_observation_models build --build-base /home/jjy/ros2_ws/build/rse_observation_models/build install --record /home/jjy/ros2_ws/build/rse_observation_models/install.log --single-version-externally-managed install_data --force
[1.340s] running egg_info
[1.340s] writing ../../../build/rse_observation_models/rse_observation_models.egg-info/PKG-INFO
[1.340s] writing dependency_links to ../../../build/rse_observation_models/rse_observation_models.egg-info/dependency_links.txt
[1.340s] writing entry points to ../../../build/rse_observation_models/rse_observation_models.egg-info/entry_points.txt
[1.340s] writing requirements to ../../../build/rse_observation_models/rse_observation_models.egg-info/requires.txt
[1.340s] writing top-level names to ../../../build/rse_observation_models/rse_observation_models.egg-info/top_level.txt
[1.341s] reading manifest file '../../../build/rse_observation_models/rse_observation_models.egg-info/SOURCES.txt'
[1.341s] writing manifest file '../../../build/rse_observation_models/rse_observation_models.egg-info/SOURCES.txt'
[1.341s] running build
[1.341s] running build_py
[1.341s] creating /home/jjy/ros2_ws/build/rse_observation_models/build
[1.341s] creating /home/jjy/ros2_ws/build/rse_observation_models/build/lib
[1.341s] creating /home/jjy/ros2_ws/build/rse_observation_models/build/lib/rse_observation_models
[1.342s] copying rse_observation_models/odometry_observation_models.py -> /home/jjy/ros2_ws/build/rse_observation_models/build/lib/rse_observation_models
[1.342s] copying rse_observation_models/odometry_imu_observation_models.py -> /home/jjy/ros2_ws/build/rse_observation_models/build/lib/rse_observation_models
[1.342s] copying rse_observation_models/__init__.py -> /home/jjy/ros2_ws/build/rse_observation_models/build/lib/rse_observation_models
[1.342s] running install
[1.342s] running install_lib
[1.343s] creating /home/jjy/ros2_ws/install/rse_observation_models/lib/python3.10/site-packages/rse_observation_models
[1.343s] copying /home/jjy/ros2_ws/build/rse_observation_models/build/lib/rse_observation_models/odometry_observation_models.py -> /home/jjy/ros2_ws/install/rse_observation_models/lib/python3.10/site-packages/rse_observation_models
[1.343s] copying /home/jjy/ros2_ws/build/rse_observation_models/build/lib/rse_observation_models/odometry_imu_observation_models.py -> /home/jjy/ros2_ws/install/rse_observation_models/lib/python3.10/site-packages/rse_observation_models
[1.343s] copying /home/jjy/ros2_ws/build/rse_observation_models/build/lib/rse_observation_models/__init__.py -> /home/jjy/ros2_ws/install/rse_observation_models/lib/python3.10/site-packages/rse_observation_models
[1.343s] byte-compiling /home/jjy/ros2_ws/install/rse_observation_models/lib/python3.10/site-packages/rse_observation_models/odometry_observation_models.py to odometry_observation_models.cpython-310.pyc
[1.343s] byte-compiling /home/jjy/ros2_ws/install/rse_observation_models/lib/python3.10/site-packages/rse_observation_models/odometry_imu_observation_models.py to odometry_imu_observation_models.cpython-310.pyc
[1.344s] byte-compiling /home/jjy/ros2_ws/install/rse_observation_models/lib/python3.10/site-packages/rse_observation_models/__init__.py to __init__.cpython-310.pyc
[1.344s] running install_data
[1.344s] copying resource/rse_observation_models -> /home/jjy/ros2_ws/install/rse_observation_models/share/ament_index/resource_index/packages
[1.344s] copying package.xml -> /home/jjy/ros2_ws/install/rse_observation_models/share/rse_observation_models
[1.344s] running install_egg_info
[1.345s] Copying ../../../build/rse_observation_models/rse_observation_models.egg-info to /home/jjy/ros2_ws/install/rse_observation_models/lib/python3.10/site-packages/rse_observation_models-0.0.0-py3.10.egg-info
[1.345s] running install_scripts
[1.357s] writing list of installed files to '/home/jjy/ros2_ws/build/rse_observation_models/install.log'
[1.376s] Invoked command in '/home/jjy/ros2_ws/src/rse_prob_robotics/rse_observation_models' returned '0': PYTHONPATH=/home/jjy/ros2_ws/build/rse_observation_models/prefix_override:/usr/lib/python3/dist-packages/colcon_core/task/python/colcon_distutils_commands:/home/jjy/ros2_ws/install/rse_observation_models/lib/python3.10/site-packages:${PYTHONPATH} /usr/bin/python3 -W ignore:setup.py install is deprecated -W ignore:easy_install command is deprecated setup.py egg_info --egg-base ../../../build/rse_observation_models build --build-base /home/jjy/ros2_ws/build/rse_observation_models/build install --record /home/jjy/ros2_ws/build/rse_observation_models/install.log --single-version-externally-managed install_data --force
