[1.057s] Invoking command in '/home/jjy/ros2_ws/src/rse_prob_robotics/rse_motion_models': PYTHONPATH=/home/jjy/ros2_ws/build/rse_motion_models/prefix_override:/usr/lib/python3/dist-packages/colcon_core/task/python/colcon_distutils_commands:/home/jjy/ros2_ws/install/rse_motion_models/lib/python3.10/site-packages:${PYTHONPATH} /usr/bin/python3 -W ignore:setup.py install is deprecated -W ignore:easy_install command is deprecated setup.py egg_info --egg-base ../../../build/rse_motion_models build --build-base /home/jjy/ros2_ws/build/rse_motion_models/build install --record /home/jjy/ros2_ws/build/rse_motion_models/install.log --single-version-externally-managed install_data
[1.204s] running egg_info
[1.204s] writing ../../../build/rse_motion_models/rse_motion_models.egg-info/PKG-INFO
[1.204s] writing dependency_links to ../../../build/rse_motion_models/rse_motion_models.egg-info/dependency_links.txt
[1.205s] writing entry points to ../../../build/rse_motion_models/rse_motion_models.egg-info/entry_points.txt
[1.205s] writing requirements to ../../../build/rse_motion_models/rse_motion_models.egg-info/requires.txt
[1.205s] writing top-level names to ../../../build/rse_motion_models/rse_motion_models.egg-info/top_level.txt
[1.206s] reading manifest file '../../../build/rse_motion_models/rse_motion_models.egg-info/SOURCES.txt'
[1.206s] writing manifest file '../../../build/rse_motion_models/rse_motion_models.egg-info/SOURCES.txt'
[1.206s] running build
[1.206s] running build_py
[1.206s] running install
[1.206s] running install_lib
[1.208s] running install_data
[1.208s] running install_egg_info
[1.210s] removing '/home/jjy/ros2_ws/install/rse_motion_models/lib/python3.10/site-packages/rse_motion_models-0.0.0-py3.10.egg-info' (and everything under it)
[1.210s] Copying ../../../build/rse_motion_models/rse_motion_models.egg-info to /home/jjy/ros2_ws/install/rse_motion_models/lib/python3.10/site-packages/rse_motion_models-0.0.0-py3.10.egg-info
[1.210s] running install_scripts
[1.223s] writing list of installed files to '/home/jjy/ros2_ws/build/rse_motion_models/install.log'
[1.240s] Invoked command in '/home/jjy/ros2_ws/src/rse_prob_robotics/rse_motion_models' returned '0': PYTHONPATH=/home/jjy/ros2_ws/build/rse_motion_models/prefix_override:/usr/lib/python3/dist-packages/colcon_core/task/python/colcon_distutils_commands:/home/jjy/ros2_ws/install/rse_motion_models/lib/python3.10/site-packages:${PYTHONPATH} /usr/bin/python3 -W ignore:setup.py install is deprecated -W ignore:easy_install command is deprecated setup.py egg_info --egg-base ../../../build/rse_motion_models build --build-base /home/jjy/ros2_ws/build/rse_motion_models/build install --record /home/jjy/ros2_ws/build/rse_motion_models/install.log --single-version-externally-managed install_data
