running egg_info
writing ../../../build/rse_nonparametric_filters/rse_nonparametric_filters.egg-info/PKG-INFO
writing dependency_links to ../../../build/rse_nonparametric_filters/rse_nonparametric_filters.egg-info/dependency_links.txt
writing entry points to ../../../build/rse_nonparametric_filters/rse_nonparametric_filters.egg-info/entry_points.txt
writing requirements to ../../../build/rse_nonparametric_filters/rse_nonparametric_filters.egg-info/requires.txt
writing top-level names to ../../../build/rse_nonparametric_filters/rse_nonparametric_filters.egg-info/top_level.txt
reading manifest file '../../../build/rse_nonparametric_filters/rse_nonparametric_filters.egg-info/SOURCES.txt'
writing manifest file '../../../build/rse_nonparametric_filters/rse_nonparametric_filters.egg-info/SOURCES.txt'
running build
running build_py
running install
running install_lib
running install_data
running install_egg_info
removing '/home/jjy/ros2_ws/install/rse_nonparametric_filters/lib/python3.10/site-packages/rse_nonparametric_filters-0.0.0-py3.10.egg-info' (and everything under it)
Copying ../../../build/rse_nonparametric_filters/rse_nonparametric_filters.egg-info to /home/jjy/ros2_ws/install/rse_nonparametric_filters/lib/python3.10/site-packages/rse_nonparametric_filters-0.0.0-py3.10.egg-info
running install_scripts
Installing pf_estimation_3d script to /home/jjy/ros2_ws/install/rse_nonparametric_filters/lib/rse_nonparametric_filters
Installing pf_estimation_8d script to /home/jjy/ros2_ws/install/rse_nonparametric_filters/lib/rse_nonparametric_filters
writing list of installed files to '/home/jjy/ros2_ws/build/rse_nonparametric_filters/install.log'
