[0.919s] Invoking command in '/home/jjy/ros2_ws/src/rse_prob_robotics/rse_nonparametric_filters': PYTHONPATH=/home/jjy/ros2_ws/build/rse_nonparametric_filters/prefix_override:/usr/lib/python3/dist-packages/colcon_core/task/python/colcon_distutils_commands:/home/jjy/ros2_ws/install/rse_nonparametric_filters/lib/python3.10/site-packages:${PYTHONPATH} /usr/bin/python3 -W ignore:setup.py install is deprecated -W ignore:easy_install command is deprecated setup.py egg_info --egg-base ../../../build/rse_nonparametric_filters build --build-base /home/jjy/ros2_ws/build/rse_nonparametric_filters/build install --record /home/jjy/ros2_ws/build/rse_nonparametric_filters/install.log --single-version-externally-managed install_data
[1.039s] running egg_info
[1.039s] writing ../../../build/rse_nonparametric_filters/rse_nonparametric_filters.egg-info/PKG-INFO
[1.039s] writing dependency_links to ../../../build/rse_nonparametric_filters/rse_nonparametric_filters.egg-info/dependency_links.txt
[1.039s] writing entry points to ../../../build/rse_nonparametric_filters/rse_nonparametric_filters.egg-info/entry_points.txt
[1.039s] writing requirements to ../../../build/rse_nonparametric_filters/rse_nonparametric_filters.egg-info/requires.txt
[1.039s] writing top-level names to ../../../build/rse_nonparametric_filters/rse_nonparametric_filters.egg-info/top_level.txt
[1.040s] reading manifest file '../../../build/rse_nonparametric_filters/rse_nonparametric_filters.egg-info/SOURCES.txt'
[1.040s] writing manifest file '../../../build/rse_nonparametric_filters/rse_nonparametric_filters.egg-info/SOURCES.txt'
[1.041s] running build
[1.041s] running build_py
[1.042s] running install
[1.042s] running install_lib
[1.042s] running install_data
[1.042s] running install_egg_info
[1.043s] removing '/home/jjy/ros2_ws/install/rse_nonparametric_filters/lib/python3.10/site-packages/rse_nonparametric_filters-0.0.0-py3.10.egg-info' (and everything under it)
[1.043s] Copying ../../../build/rse_nonparametric_filters/rse_nonparametric_filters.egg-info to /home/jjy/ros2_ws/install/rse_nonparametric_filters/lib/python3.10/site-packages/rse_nonparametric_filters-0.0.0-py3.10.egg-info
[1.044s] running install_scripts
[1.055s] Installing pf_estimation_3d script to /home/jjy/ros2_ws/install/rse_nonparametric_filters/lib/rse_nonparametric_filters
[1.055s] Installing pf_estimation_8d script to /home/jjy/ros2_ws/install/rse_nonparametric_filters/lib/rse_nonparametric_filters
[1.055s] writing list of installed files to '/home/jjy/ros2_ws/build/rse_nonparametric_filters/install.log'
[1.076s] Invoked command in '/home/jjy/ros2_ws/src/rse_prob_robotics/rse_nonparametric_filters' returned '0': PYTHONPATH=/home/jjy/ros2_ws/build/rse_nonparametric_filters/prefix_override:/usr/lib/python3/dist-packages/colcon_core/task/python/colcon_distutils_commands:/home/jjy/ros2_ws/install/rse_nonparametric_filters/lib/python3.10/site-packages:${PYTHONPATH} /usr/bin/python3 -W ignore:setup.py install is deprecated -W ignore:easy_install command is deprecated setup.py egg_info --egg-base ../../../build/rse_nonparametric_filters build --build-base /home/jjy/ros2_ws/build/rse_nonparametric_filters/build install --record /home/jjy/ros2_ws/build/rse_nonparametric_filters/install.log --single-version-externally-managed install_data
