running develop
Removing /home/jjy/ros2_ws/install/rse_nonparametric_filters/lib/python3.10/site-packages/rse-nonparametric-filters.egg-link (link to .)
running egg_info
writing ../../../build/rse_nonparametric_filters/rse_nonparametric_filters.egg-info/PKG-INFO
writing dependency_links to ../../../build/rse_nonparametric_filters/rse_nonparametric_filters.egg-info/dependency_links.txt
writing entry points to ../../../build/rse_nonparametric_filters/rse_nonparametric_filters.egg-info/entry_points.txt
writing requirements to ../../../build/rse_nonparametric_filters/rse_nonparametric_filters.egg-info/requires.txt
writing top-level names to ../../../build/rse_nonparametric_filters/rse_nonparametric_filters.egg-info/top_level.txt
reading manifest file '../../../build/rse_nonparametric_filters/rse_nonparametric_filters.egg-info/SOURCES.txt'
writing manifest file '../../../build/rse_nonparametric_filters/rse_nonparametric_filters.egg-info/SOURCES.txt'
running build
running build_py
creating /home/jjy/ros2_ws/build/rse_nonparametric_filters/build
creating /home/jjy/ros2_ws/build/rse_nonparametric_filters/build/lib
creating /home/jjy/ros2_ws/build/rse_nonparametric_filters/build/lib/rse_nonparametric_filters
copying rse_nonparametric_filters/pf_8d_state_estimation_no_cmd.py -> /home/jjy/ros2_ws/build/rse_nonparametric_filters/build/lib/rse_nonparametric_filters
copying rse_nonparametric_filters/pf_3d_state_estimation_no_cmd.py -> /home/jjy/ros2_ws/build/rse_nonparametric_filters/build/lib/rse_nonparametric_filters
copying rse_nonparametric_filters/__init__.py -> /home/jjy/ros2_ws/build/rse_nonparametric_filters/build/lib/rse_nonparametric_filters
copying rse_nonparametric_filters/pf_node.py -> /home/jjy/ros2_ws/build/rse_nonparametric_filters/build/lib/rse_nonparametric_filters
creating /home/jjy/ros2_ws/build/rse_nonparametric_filters/build/lib/rse_nonparametric_filters/filters
copying rse_nonparametric_filters/filters/pf.py -> /home/jjy/ros2_ws/build/rse_nonparametric_filters/build/lib/rse_nonparametric_filters/filters
copying rse_nonparametric_filters/filters/__init__.py -> /home/jjy/ros2_ws/build/rse_nonparametric_filters/build/lib/rse_nonparametric_filters/filters
running install
running install_lib
creating /home/jjy/ros2_ws/install/rse_nonparametric_filters/lib/python3.10/site-packages/rse_nonparametric_filters
copying /home/jjy/ros2_ws/build/rse_nonparametric_filters/build/lib/rse_nonparametric_filters/pf_8d_state_estimation_no_cmd.py -> /home/jjy/ros2_ws/install/rse_nonparametric_filters/lib/python3.10/site-packages/rse_nonparametric_filters
copying /home/jjy/ros2_ws/build/rse_nonparametric_filters/build/lib/rse_nonparametric_filters/pf_3d_state_estimation_no_cmd.py -> /home/jjy/ros2_ws/install/rse_nonparametric_filters/lib/python3.10/site-packages/rse_nonparametric_filters
creating /home/jjy/ros2_ws/install/rse_nonparametric_filters/lib/python3.10/site-packages/rse_nonparametric_filters/filters
copying /home/jjy/ros2_ws/build/rse_nonparametric_filters/build/lib/rse_nonparametric_filters/filters/pf.py -> /home/jjy/ros2_ws/install/rse_nonparametric_filters/lib/python3.10/site-packages/rse_nonparametric_filters/filters
copying /home/jjy/ros2_ws/build/rse_nonparametric_filters/build/lib/rse_nonparametric_filters/filters/__init__.py -> /home/jjy/ros2_ws/install/rse_nonparametric_filters/lib/python3.10/site-packages/rse_nonparametric_filters/filters
copying /home/jjy/ros2_ws/build/rse_nonparametric_filters/build/lib/rse_nonparametric_filters/__init__.py -> /home/jjy/ros2_ws/install/rse_nonparametric_filters/lib/python3.10/site-packages/rse_nonparametric_filters
copying /home/jjy/ros2_ws/build/rse_nonparametric_filters/build/lib/rse_nonparametric_filters/pf_node.py -> /home/jjy/ros2_ws/install/rse_nonparametric_filters/lib/python3.10/site-packages/rse_nonparametric_filters
byte-compiling /home/jjy/ros2_ws/install/rse_nonparametric_filters/lib/python3.10/site-packages/rse_nonparametric_filters/pf_8d_state_estimation_no_cmd.py to pf_8d_state_estimation_no_cmd.cpython-310.pyc
byte-compiling /home/jjy/ros2_ws/install/rse_nonparametric_filters/lib/python3.10/site-packages/rse_nonparametric_filters/pf_3d_state_estimation_no_cmd.py to pf_3d_state_estimation_no_cmd.cpython-310.pyc
byte-compiling /home/jjy/ros2_ws/install/rse_nonparametric_filters/lib/python3.10/site-packages/rse_nonparametric_filters/filters/pf.py to pf.cpython-310.pyc
byte-compiling /home/jjy/ros2_ws/install/rse_nonparametric_filters/lib/python3.10/site-packages/rse_nonparametric_filters/filters/__init__.py to __init__.cpython-310.pyc
byte-compiling /home/jjy/ros2_ws/install/rse_nonparametric_filters/lib/python3.10/site-packages/rse_nonparametric_filters/__init__.py to __init__.cpython-310.pyc
byte-compiling /home/jjy/ros2_ws/install/rse_nonparametric_filters/lib/python3.10/site-packages/rse_nonparametric_filters/pf_node.py to pf_node.cpython-310.pyc
running install_data
copying resource/rse_nonparametric_filters -> /home/jjy/ros2_ws/install/rse_nonparametric_filters/share/ament_index/resource_index/packages
copying package.xml -> /home/jjy/ros2_ws/install/rse_nonparametric_filters/share/rse_nonparametric_filters
running install_egg_info
Copying ../../../build/rse_nonparametric_filters/rse_nonparametric_filters.egg-info to /home/jjy/ros2_ws/install/rse_nonparametric_filters/lib/python3.10/site-packages/rse_nonparametric_filters-0.0.0-py3.10.egg-info
running install_scripts
Installing pf_estimation_3d script to /home/jjy/ros2_ws/install/rse_nonparametric_filters/lib/rse_nonparametric_filters
Installing pf_estimation_8d script to /home/jjy/ros2_ws/install/rse_nonparametric_filters/lib/rse_nonparametric_filters
writing list of installed files to '/home/jjy/ros2_ws/build/rse_nonparametric_filters/install.log'
