[0.301s] Invoking command in '/home/jjy/ros2_ws/src/rse_prob_robotics/rse_common_utils': AMENT_PREFIX_PATH=/home/jjy/ros2_ws/install/rse_observation_models:/home/jjy/ros2_ws/install/rse_motion_models:${AMENT_PREFIX_PATH} PYTHONPATH=/home/jjy/ros2_ws/build/rse_common_utils/prefix_override:/usr/lib/python3/dist-packages/colcon_core/task/python/colcon_distutils_commands:/home/jjy/ros2_ws/install/rse_common_utils/lib/python3.10/site-packages:/home/jjy/ros2_ws/install/rse_observation_models/lib/python3.10/site-packages:/home/jjy/ros2_ws/install/rse_motion_models/lib/python3.10/site-packages:${PYTHONPATH} /usr/bin/python3 -W ignore:setup.py install is deprecated -W ignore:easy_install command is deprecated setup.py egg_info --egg-base ../../../build/rse_common_utils build --build-base /home/jjy/ros2_ws/build/rse_common_utils/build install --record /home/jjy/ros2_ws/build/rse_common_utils/install.log --single-version-externally-managed install_data
[0.410s] running egg_info
[0.410s] writing ../../../build/rse_common_utils/rse_common_utils.egg-info/PKG-INFO
[0.411s] writing dependency_links to ../../../build/rse_common_utils/rse_common_utils.egg-info/dependency_links.txt
[0.411s] writing entry points to ../../../build/rse_common_utils/rse_common_utils.egg-info/entry_points.txt
[0.411s] writing requirements to ../../../build/rse_common_utils/rse_common_utils.egg-info/requires.txt
[0.411s] writing top-level names to ../../../build/rse_common_utils/rse_common_utils.egg-info/top_level.txt
[0.412s] reading manifest file '../../../build/rse_common_utils/rse_common_utils.egg-info/SOURCES.txt'
[0.412s] writing manifest file '../../../build/rse_common_utils/rse_common_utils.egg-info/SOURCES.txt'
[0.412s] running build
[0.412s] running build_py
[0.412s] running install
[0.412s] running install_lib
[0.413s] running install_data
[0.413s] running install_egg_info
[0.414s] removing '/home/jjy/ros2_ws/install/rse_common_utils/lib/python3.10/site-packages/rse_common_utils-0.0.0-py3.10.egg-info' (and everything under it)
[0.414s] Copying ../../../build/rse_common_utils/rse_common_utils.egg-info to /home/jjy/ros2_ws/install/rse_common_utils/lib/python3.10/site-packages/rse_common_utils-0.0.0-py3.10.egg-info
[0.414s] running install_scripts
[0.425s] writing list of installed files to '/home/jjy/ros2_ws/build/rse_common_utils/install.log'
[0.436s] Invoked command in '/home/jjy/ros2_ws/src/rse_prob_robotics/rse_common_utils' returned '0': AMENT_PREFIX_PATH=/home/jjy/ros2_ws/install/rse_observation_models:/home/jjy/ros2_ws/install/rse_motion_models:${AMENT_PREFIX_PATH} PYTHONPATH=/home/jjy/ros2_ws/build/rse_common_utils/prefix_override:/usr/lib/python3/dist-packages/colcon_core/task/python/colcon_distutils_commands:/home/jjy/ros2_ws/install/rse_common_utils/lib/python3.10/site-packages:/home/jjy/ros2_ws/install/rse_observation_models/lib/python3.10/site-packages:/home/jjy/ros2_ws/install/rse_motion_models/lib/python3.10/site-packages:${PYTHONPATH} /usr/bin/python3 -W ignore:setup.py install is deprecated -W ignore:easy_install command is deprecated setup.py egg_info --egg-base ../../../build/rse_common_utils build --build-base /home/jjy/ros2_ws/build/rse_common_utils/build install --record /home/jjy/ros2_ws/build/rse_common_utils/install.log --single-version-externally-managed install_data
