[1.430s] Invoking command in '/home/jjy/ros2_ws/build/rse_motion_models': PYTHONPATH=/home/jjy/ros2_ws/build/rse_motion_models/prefix_override:/usr/lib/python3/dist-packages/colcon_core/task/python/colcon_distutils_commands:/home/jjy/ros2_ws/install/rse_motion_models/lib/python3.10/site-packages:${PYTHONPATH} /usr/bin/python3 -W ignore:setup.py install is deprecated -W ignore:easy_install command is deprecated setup.py develop --editable --build-directory /home/jjy/ros2_ws/build/rse_motion_models/build --no-deps symlink_data
[1.648s] running develop
[1.775s] running egg_info
[1.775s] creating rse_motion_models.egg-info
[1.775s] writing rse_motion_models.egg-info/PKG-INFO
[1.776s] writing dependency_links to rse_motion_models.egg-info/dependency_links.txt
[1.776s] writing entry points to rse_motion_models.egg-info/entry_points.txt
[1.776s] writing requirements to rse_motion_models.egg-info/requires.txt
[1.776s] writing top-level names to rse_motion_models.egg-info/top_level.txt
[1.776s] writing manifest file 'rse_motion_models.egg-info/SOURCES.txt'
[1.777s] reading manifest file 'rse_motion_models.egg-info/SOURCES.txt'
[1.777s] writing manifest file 'rse_motion_models.egg-info/SOURCES.txt'
[1.778s] running build_ext
[1.778s] Creating /home/jjy/ros2_ws/install/rse_motion_models/lib/python3.10/site-packages/rse-motion-models.egg-link (link to .)
[1.779s] 
[1.779s] Installed /home/jjy/ros2_ws/build/rse_motion_models
[1.779s] running symlink_data
[1.779s] creating /home/jjy/ros2_ws/install/rse_motion_models/share/ament_index
[1.779s] creating /home/jjy/ros2_ws/install/rse_motion_models/share/ament_index/resource_index
[1.779s] creating /home/jjy/ros2_ws/install/rse_motion_models/share/ament_index/resource_index/packages
[1.779s] symbolically linking /home/jjy/ros2_ws/build/rse_motion_models/resource/rse_motion_models -> /home/jjy/ros2_ws/install/rse_motion_models/share/ament_index/resource_index/packages
[1.779s] symbolically linking /home/jjy/ros2_ws/build/rse_motion_models/package.xml -> /home/jjy/ros2_ws/install/rse_motion_models/share/rse_motion_models
[1.800s] Invoked command in '/home/jjy/ros2_ws/build/rse_motion_models' returned '0': PYTHONPATH=/home/jjy/ros2_ws/build/rse_motion_models/prefix_override:/usr/lib/python3/dist-packages/colcon_core/task/python/colcon_distutils_commands:/home/jjy/ros2_ws/install/rse_motion_models/lib/python3.10/site-packages:${PYTHONPATH} /usr/bin/python3 -W ignore:setup.py install is deprecated -W ignore:easy_install command is deprecated setup.py develop --editable --build-directory /home/jjy/ros2_ws/build/rse_motion_models/build --no-deps symlink_data
