[0.984s] Invoking command in '/home/jjy/ros2_ws/build/rse_motion_models': PYTHONPATH=/home/jjy/ros2_ws/build/rse_motion_models/prefix_override:/usr/lib/python3/dist-packages/colcon_core/task/python/colcon_distutils_commands:/home/jjy/ros2_ws/install/rse_motion_models/lib/python3.10/site-packages:${PYTHONPATH} /usr/bin/python3 -W ignore:setup.py install is deprecated -W ignore:easy_install command is deprecated setup.py develop --uninstall --editable --build-directory /home/jjy/ros2_ws/build/rse_motion_models/build
[1.121s] running develop
[1.199s] Removing /home/jjy/ros2_ws/install/rse_motion_models/lib/python3.10/site-packages/rse-motion-models.egg-link (link to .)
[1.218s] Invoked command in '/home/jjy/ros2_ws/build/rse_motion_models' returned '0': PYTHONPATH=/home/jjy/ros2_ws/build/rse_motion_models/prefix_override:/usr/lib/python3/dist-packages/colcon_core/task/python/colcon_distutils_commands:/home/jjy/ros2_ws/install/rse_motion_models/lib/python3.10/site-packages:${PYTHONPATH} /usr/bin/python3 -W ignore:setup.py install is deprecated -W ignore:easy_install command is deprecated setup.py develop --uninstall --editable --build-directory /home/jjy/ros2_ws/build/rse_motion_models/build
[1.219s] Invoking command in '/home/jjy/ros2_ws/src/rse_prob_robotics/rse_motion_models': PYTHONPATH=/home/jjy/ros2_ws/build/rse_motion_models/prefix_override:/usr/lib/python3/dist-packages/colcon_core/task/python/colcon_distutils_commands:/home/jjy/ros2_ws/install/rse_motion_models/lib/python3.10/site-packages:${PYTHONPATH} /usr/bin/python3 -W ignore:setup.py install is deprecated -W ignore:easy_install command is deprecated setup.py egg_info --egg-base ../../../build/rse_motion_models build --build-base /home/jjy/ros2_ws/build/rse_motion_models/build install --record /home/jjy/ros2_ws/build/rse_motion_models/install.log --single-version-externally-managed install_data --force
[1.336s] running egg_info
[1.337s] writing ../../../build/rse_motion_models/rse_motion_models.egg-info/PKG-INFO
[1.338s] writing dependency_links to ../../../build/rse_motion_models/rse_motion_models.egg-info/dependency_links.txt
[1.338s] writing entry points to ../../../build/rse_motion_models/rse_motion_models.egg-info/entry_points.txt
[1.338s] writing requirements to ../../../build/rse_motion_models/rse_motion_models.egg-info/requires.txt
[1.338s] writing top-level names to ../../../build/rse_motion_models/rse_motion_models.egg-info/top_level.txt
[1.338s] reading manifest file '../../../build/rse_motion_models/rse_motion_models.egg-info/SOURCES.txt'
[1.338s] writing manifest file '../../../build/rse_motion_models/rse_motion_models.egg-info/SOURCES.txt'
[1.339s] running build
[1.339s] running build_py
[1.341s] creating /home/jjy/ros2_ws/build/rse_motion_models/build
[1.341s] creating /home/jjy/ros2_ws/build/rse_motion_models/build/lib
[1.341s] creating /home/jjy/ros2_ws/build/rse_motion_models/build/lib/rse_motion_models
[1.341s] copying rse_motion_models/odometry_motion_models.py -> /home/jjy/ros2_ws/build/rse_motion_models/build/lib/rse_motion_models
[1.341s] copying rse_motion_models/velocity_motion_models.py -> /home/jjy/ros2_ws/build/rse_motion_models/build/lib/rse_motion_models
[1.341s] copying rse_motion_models/acceleration_motion_models.py -> /home/jjy/ros2_ws/build/rse_motion_models/build/lib/rse_motion_models
[1.342s] copying rse_motion_models/__init__.py -> /home/jjy/ros2_ws/build/rse_motion_models/build/lib/rse_motion_models
[1.342s] running install
[1.342s] running install_lib
[1.342s] creating /home/jjy/ros2_ws/install/rse_motion_models/lib/python3.10/site-packages/rse_motion_models
[1.342s] copying /home/jjy/ros2_ws/build/rse_motion_models/build/lib/rse_motion_models/odometry_motion_models.py -> /home/jjy/ros2_ws/install/rse_motion_models/lib/python3.10/site-packages/rse_motion_models
[1.343s] copying /home/jjy/ros2_ws/build/rse_motion_models/build/lib/rse_motion_models/velocity_motion_models.py -> /home/jjy/ros2_ws/install/rse_motion_models/lib/python3.10/site-packages/rse_motion_models
[1.343s] copying /home/jjy/ros2_ws/build/rse_motion_models/build/lib/rse_motion_models/acceleration_motion_models.py -> /home/jjy/ros2_ws/install/rse_motion_models/lib/python3.10/site-packages/rse_motion_models
[1.343s] copying /home/jjy/ros2_ws/build/rse_motion_models/build/lib/rse_motion_models/__init__.py -> /home/jjy/ros2_ws/install/rse_motion_models/lib/python3.10/site-packages/rse_motion_models
[1.343s] byte-compiling /home/jjy/ros2_ws/install/rse_motion_models/lib/python3.10/site-packages/rse_motion_models/odometry_motion_models.py to odometry_motion_models.cpython-310.pyc
[1.343s] byte-compiling /home/jjy/ros2_ws/install/rse_motion_models/lib/python3.10/site-packages/rse_motion_models/velocity_motion_models.py to velocity_motion_models.cpython-310.pyc
[1.343s] byte-compiling /home/jjy/ros2_ws/install/rse_motion_models/lib/python3.10/site-packages/rse_motion_models/acceleration_motion_models.py to acceleration_motion_models.cpython-310.pyc
[1.343s] byte-compiling /home/jjy/ros2_ws/install/rse_motion_models/lib/python3.10/site-packages/rse_motion_models/__init__.py to __init__.cpython-310.pyc
[1.343s] running install_data
[1.343s] copying resource/rse_motion_models -> /home/jjy/ros2_ws/install/rse_motion_models/share/ament_index/resource_index/packages
[1.343s] copying package.xml -> /home/jjy/ros2_ws/install/rse_motion_models/share/rse_motion_models
[1.343s] running install_egg_info
[1.343s] Copying ../../../build/rse_motion_models/rse_motion_models.egg-info to /home/jjy/ros2_ws/install/rse_motion_models/lib/python3.10/site-packages/rse_motion_models-0.0.0-py3.10.egg-info
[1.344s] running install_scripts
[1.355s] writing list of installed files to '/home/jjy/ros2_ws/build/rse_motion_models/install.log'
[1.375s] Invoked command in '/home/jjy/ros2_ws/src/rse_prob_robotics/rse_motion_models' returned '0': PYTHONPATH=/home/jjy/ros2_ws/build/rse_motion_models/prefix_override:/usr/lib/python3/dist-packages/colcon_core/task/python/colcon_distutils_commands:/home/jjy/ros2_ws/install/rse_motion_models/lib/python3.10/site-packages:${PYTHONPATH} /usr/bin/python3 -W ignore:setup.py install is deprecated -W ignore:easy_install command is deprecated setup.py egg_info --egg-base ../../../build/rse_motion_models build --build-base /home/jjy/ros2_ws/build/rse_motion_models/build install --record /home/jjy/ros2_ws/build/rse_motion_models/install.log --single-version-externally-managed install_data --force
