[0.000000] (-) TimerEvent: {}
[0.000143] (-) JobUnselected: {'identifier': 'rse_common_utils'}
[0.000348] (-) JobUnselected: {'identifier': 'rse_lidar_odometry'}
[0.000438] (-) JobUnselected: {'identifier': 'rse_map_models'}
[0.000510] (-) JobUnselected: {'identifier': 'rse_motion_models'}
[0.000567] (-) JobUnselected: {'identifier': 'rse_nonparametric_filters'}
[0.000594] (-) JobUnselected: {'identifier': 'rse_observation_models'}
[0.000652] (-) JobUnselected: {'identifier': 'rse_occupancy_grid_mapping'}
[0.000668] (-) JobUnselected: {'identifier': 'rse_sensor_models'}
[0.000685] (rse_gaussian_filters) JobQueued: {'identifier': 'rse_gaussian_filters', 'dependencies': OrderedDict([('rse_motion_models', '/home/jjy/ros2_ws/install/rse_motion_models'), ('rse_observation_models', '/home/jjy/ros2_ws/install/rse_observation_models'), ('rse_common_utils', '/home/jjy/ros2_ws/install/rse_common_utils')])}
[0.000709] (rse_gaussian_filters) JobStarted: {'identifier': 'rse_gaussian_filters'}
[0.099876] (-) TimerEvent: {}
[0.200064] (-) TimerEvent: {}
[0.300255] (-) TimerEvent: {}
[0.336162] (rse_gaussian_filters) Command: {'cmd': ['/usr/bin/python3', '-W', 'ignore:setup.py install is deprecated', '-W', 'ignore:easy_install command is deprecated', 'setup.py', 'develop', '--editable', '--build-directory', '/home/jjy/ros2_ws/build/rse_gaussian_filters/build', '--no-deps', 'symlink_data', '--force'], 'cwd': '/home/jjy/ros2_ws/build/rse_gaussian_filters', 'env': {'BUILTIN_SKILLS_SCENE': 'ide', 'ICUBE_MANAGER_LOG_DIR': '/home/jjy/.config/Trae CN/logs/20260908T094350/Modular', 'GJS_DEBUG_TOPICS': 'JS ERROR;JS LOG', 'ICUBE_PRODUCT_BUILD_VERSION': '2.3.79946', 'PREVIEW_PROXY_ENABLED': 'false', 'ICUBE_EVENT_VERIFY_ENABLED': '0', 'PYTHON_BASIC_REPL': '1', 'VSCODE_CWD': '/home/jjy', 'PYTHONIOENCODING': 'utf-8', 'TOOLHOST_PARENT_PID': '5357', 'LANGUAGE': 'zh_CN:zh', 'ICUBE_AI_AGENT_SHUTDOWN_TOKEN': '1191f460-d902-4a94-9fb1-87ed78d704b6', 'USER': 'jjy', 'ICUBE_ENABLE_DATABASE_BACKUP': '0', 'CFS_IPC_NAME': '/tmp/agent-code-toolhost-5357-ed796d20.sock', 'TOOLHOST_ROLE': 'host', 'VSCODE_NLS_CONFIG': '{"userLocale":"zh-cn","osLocale":"zh-cn","resolvedLanguage":"zh-cn","defaultMessagesFile":"/usr/share/trae-cn/resources/app/out/nls.zh-cn.messages.json","locale":"zh-cn","availableLanguages":{}}', 'ICUBE_PRODUCT_BRAND_NAME': 'Trae', 'GIT_EDITOR': 'true', 'ICUBE_MODULAR_DATA_DIR': '/home/jjy/.config/Trae CN/ModularData', 'CI': 'true', 'XDG_SESSION_TYPE': 'wayland', 'GIT_ASKPASS': '/usr/share/trae-cn/resources/app/extensions/git/dist/askpass.sh', 'ICUBE_APP_ROOT': '/usr/share/trae-cn/resources/app', 'SHLVL': '0', 'LD_LIBRARY_PATH': '/usr/lib/x86_64-linux-gnu/gazebo-11/plugins:/opt/ros/humble/opt/rviz_ogre_vendor/lib:/opt/ros/humble/lib/x86_64-linux-gnu:/opt/ros/humble/lib', 'CKG_USE_AHA_IPC': 'true', 'HOME': '/home/jjy', 'OS_RELEASE': '6.8.0-138-generic', 'CHROME_DESKTOP': 'trae-cn.desktop', 'TOOLHOST_LOG_DIR': '/home/jjy/.config/Trae CN/logs/20260908T094350/Modular/toolhost-host', 'OLDPWD': '/home/jjy/ros2_ws', 'TERM_PROGRAM_VERSION': '1.107.1', 'DESKTOP_SESSION': 'ubuntu', 'TOOLHOST_SHELL_INIT': 'snapshot', 'VSCODE_IPC_HOOK': '/run/user/1000/vscode-743e6e08-1.10-main.sock', 'TOOLHOST_RUNTIME_MODE': 'direct_spawn', 'TRAE_CONFIG_CHANNEL': 'trae-cn-config-channel', 'ICUBE_PRODUCT_QUALITY': 'stable', 'GIO_LAUNCHED_DESKTOP_FILE': '/usr/share/applications/trae-cn.desktop', 'ROS_PYTHON_VERSION': '3', 'GNOME_SHELL_SESSION_MODE': 'ubuntu', 'GTK_MODULES': 'gail:atk-bridge', 'PAGER': 'cat', 'VSCODE_GIT_ASKPASS_MAIN': '/usr/share/trae-cn/resources/app/extensions/git/dist/askpass-main.js', 'ICUBE_ELECTRON_PATH': '/usr/share/trae-cn/trae-cn', 'VSCODE_GIT_ASKPASS_NODE': '/usr/share/trae-cn/trae-cn', 'ICUBE_BUILD_TIME': '2026-09-01T11:33:09.979Z', 'MANAGERPID': '1178', 'TOOLHOST_RG_PATH': '/usr/share/trae-cn/resources/app/node_modules/@vscode/ripgrep/bin/rg', 'PYDEVD_DISABLE_FILE_VALIDATION': '1', 'ICUBE_PRODUCT_TYPE': 'desktop', 'SYSTEMD_EXEC_PID': '1342', 'BUNDLED_DEBUGPY_PATH': '/home/jjy/.trae-cn/extensions/ms-python.debugpy-2026.6.0-linux-x64/bundled/libs/debugpy', 'IM_CONFIG_CHECK_ENV': '1', 'ICUBE_MAIN_PPID': '5162', 'ICUBE_DB_WRITE_POOL_MAX_CONNECTIONS': '100', 'DBUS_SESSION_BUS_ADDRESS': 'unix:path=/run/user/1000/bus', 'COLORTERM': 'truecolor', 'NPM_CONFIG_YES': 'true', 'GIO_LAUNCHED_DESKTOP_FILE_PID': '5162', 'TRAE_JWT_TOKEN_PATH': '/home/jjy/.trae-cn/trae-jwt-token', 'ICUBE_PRODUCT_APP_VERSION': '3.3.96', 'VSCODE_CRASH_REPORTER_PROCESS_TYPE': 'ai', 'SAFE_RM_AUTO_ADD_TEMP': '1', 'TOOLHOST_HOST': '127.0.0.1', 'IM_CONFIG_PHASE': '1', 'WAYLAND_DISPLAY': 'wayland-0', 'ICUBE_PRODUCT_DATE': '2026-09-01T11:33:09.979Z', 'ROS_DISTRO': 'humble', 'TOOLHOST_PATH_SUFFIX': '/usr/share/trae-cn/resources/app/node_modules/@vscode/ripgrep/bin', 'LOGNAME': 'jjy', 'SAFE_RM_DENIED_PATH': '/home/jjy/ros2_ws/.git:/home/jjy/ros2_ws/.vscode:/home/jjy/ros2_ws/.trae', 'JOURNAL_STREAM': '8:16660', '_': '/usr/bin/colcon', 'ROS_VERSION': '2', 'XDG_SESSION_CLASS': 'user', 'RUST_LOG': 'info', 'CFS_TOKEN': 'f58c909279163cb6814ea462a1f0df7d', 'USERNAME': 'jjy', 'TERM': 'dumb', 'TRAE_COMPUTER_USE_MTC_TARGET': 'host', 'GNOME_DESKTOP_SESSION_ID': 'this-is-deprecated', 'ICUBE_RUST_LOG_LEVEL': 'info', 'DISABLE_HYPERFETCH': 'false', 'FC_FONTATIONS': '1', 'ROS_LOCALHOST_ONLY': '0', 'SAFE_RM_ENV_PATH': '/usr/share/trae-cn/resources/app/out/vs/workbench/contrib/terminal/common/scripts/safe_rm_aliases.sh', 'ICUBE_PROVIDER': 'Yinli', 'ICUBE_MACHINE_ID': '4c4615310ef5d8d6e18985f3fdf720a5d9d43a0086fb5f8958a3cf2bd5ada256', 'ICUBE_MODULE_PID_DIR': '/home/jjy/.config/Trae CN/ModularData/pids', 'CLOUDIDE_TENANT_NAME': 'cn', 'CARGO_TERM_COLOR': 'always', 'PATH': '/opt/ros/humble/bin:/usr/share/trae-cn/resources/app/modules/ai-agent/bin:/home/jjy/.local/bin:/usr/local/sbin:/usr/local/bin:/usr/sbin:/usr/bin:/sbin:/bin:/usr/games:/usr/local/games:/snap/bin:/snap/bin:/home/jjy/.trae-cn/extensions/ms-python.debugpy-2026.6.0-linux-x64/bundled/scripts/noConfigScripts:/home/jjy/.local/bin:/home/jjy/.local/bin:/usr/local/sbin:/usr/local/bin:/usr/sbin:/usr/bin:/sbin:/bin:/usr/games:/usr/local/games:/snap/bin:/snap/bin:/usr/share/trae-cn/resources/app/bin/lib:/usr/share/trae-cn/resources/app/node_modules/@vscode/ripgrep/bin', 'SESSION_MANAGER': 'local/Alienware:@/tmp/.ICE-unix/1308,unix/Alienware:/tmp/.ICE-unix/1308', 'ICUBE_MANAGER_PID_FILE': '5162.manager.pid', 'TOOLHOST_PORT': '8999', 'INVOCATION_ID': '037fe415c28c489ca8396b9993e4d2ef', 'WORK_VM_MODE': 'AhaVm', 'ICUBE_ENABLE_MARSCODE_NLS': '1', 'XDG_MENU_PREFIX': 'gnome-', 'GNOME_SETUP_DISPLAY': ':1', 'TOOLHOST_FFMPEG_DIR': '/usr/share/trae-cn/resources/app/bin', 'XDG_RUNTIME_DIR': '/run/user/1000', 'GDK_BACKEND': 'wayland', 'TOOLHOST_TRANSPORT': 'ipc', 'ICUBE_BUILD_VERSION': '2.3.79946', 'TRAE_PRODUCT_REGION': 'cn', 'DISPLAY': ':0', 'VSCODE_DEBUGPY_ADAPTER_ENDPOINTS': '/home/jjy/.trae-cn/extensions/ms-python.debugpy-2026.6.0-linux-x64/.noConfigDebugAdapterEndpoints/endpoint-d7107796d6d5c030.txt', 'LANG': 'zh_CN.UTF-8', 'XDG_CURRENT_DESKTOP': 'ubuntu:GNOME', 'ICUBE_USER_DATA_DIR': '/home/jjy/.trae-cn', 'PYTHONSTARTUP': '/home/jjy/.config/Trae CN/User/workspaceStorage/dc41ac5fe353ef83db1c9d28eeba1205/ms-python.python/pythonrc.py', 'XMODIFIERS': '@im=ibus', 'XDG_SESSION_DESKTOP': 'ubuntu', 'XAUTHORITY': '/run/user/1000/.mutter-Xwaylandauth.ZQV5U3', 'TRAE_BRAND_NAME': 'Trae CN', 'TRAE_RUNTIME': 'local', 'ICUBE_GRACE_PERIOD_SECONDS': '1', 'VSCODE_GIT_IPC_HANDLE': '/run/user/1000/vscode-git-ae8bffa6cf.sock', 'TERM_PROGRAM': 'vscode', 'ICUBE_USE_IPV6': 'false', 'SSH_AGENT_LAUNCHER': 'gnome-keyring', 'SSH_AUTH_SOCK': '/run/user/1000/keyring/ssh', 'AMENT_PREFIX_PATH': '/home/jjy/ros2_ws/install/rse_common_utils:/home/jjy/ros2_ws/install/rse_observation_models:/home/jjy/ros2_ws/install/rse_motion_models:/opt/ros/humble', 'DEBIAN_FRONTEND': 'noninteractive', 'SHELL': '/bin/bash', 'ICUBE_ENABLE_DB_RW_SPLIT': '1', 'TOOLHOST_IPC_SERVICE_NAME': 'toolhost', 'GIT_TERMINAL_PROMPT': '0', 'TOOLHOST_IPC_NAME': '/tmp/agent-code-toolhost-5357-ed796d20.sock', 'QT_ACCESSIBILITY': '1', 'NO_AT_BRIDGE': '1', 'CKG_PORT': '51000', 'AI_NATIVE_ENV': 'desktop', 'GDMSESSION': 'ubuntu', 'ICUBE_MANAGER_PID': '5162', 'TOOLHOST_SANDBOX_DISABLED': 'false', 'ICUBE_VSCODE_VERSION': '1.107.1', 'ICUBE_FORCE_RANDOM_PORT': 'true', 'ENABLE_IPC_SERVER': 'true', 'PYTHONUTF8': '1', 'AHA_IPC_SERVICE_NAME': 'ai-agent', 'MAX_VM_DOWNLOAD_RETRY': '5', 'ICUBE_QUALITY': 'stable', 'GJS_DEBUG_OUTPUT': 'stderr', 'VSCODE_GIT_ASKPASS_EXTRA_ARGS': '', 'QT_IM_MODULE': 'ibus', 'PWD': '/home/jjy/ros2_ws/build/rse_gaussian_filters', 'SAFE_RM_ALLOWED_PATH': '/home/jjy/ros2_ws:/private/var/folders:/private/tmp:/tmp', 'XDG_CONFIG_DIRS': '/etc/xdg/xdg-ubuntu:/etc/xdg', 'TERM_PRODUCT': 'Trae', 'TRAE_STATIC_CLIENT_TYPE': 'ide', 'VSCODE_CODE_CACHE_PATH': '/home/jjy/.config/Trae CN/CachedData/5d186149cba741850b749ce3ae1d55f34a120909', 'ICUBE_CODEMAIN_SESSION': 'f601ca16-e4c0-4a6e-8441-8d992d14a87c', 'XDG_DATA_DIRS': '/usr/share/ubuntu:/usr/local/share/:/usr/share/:/var/lib/snapd/desktop', 'ICUBE_PEER_USER_DATA_DIRS': '/home/jjy/.trae', 'ICUBE_GRACEFUL_SHUTDOWN_TIMEOUT_SECONDS': '1', 'ICUBE_PRODUCT_PROVIDER': 'Yinli', 'PYTHONPATH': '/home/jjy/ros2_ws/build/rse_gaussian_filters/prefix_override:/usr/lib/python3/dist-packages/colcon_core/task/python/colcon_distutils_commands:/home/jjy/ros2_ws/install/rse_gaussian_filters/lib/python3.10/site-packages:/home/jjy/ros2_ws/install/rse_common_utils/lib/python3.10/site-packages:/home/jjy/ros2_ws/install/rse_observation_models/lib/python3.10/site-packages:/home/jjy/ros2_ws/install/rse_motion_models/lib/python3.10/site-packages:/opt/ros/humble/lib/python3.10/site-packages:/opt/ros/humble/local/lib/python3.10/dist-packages', 'ICUBE_APP_SETTINGS_HOME': '/home/jjy/.config/Trae CN/User', 'ENABLE_TOOLHOST': '0', 'SAFE_RM_PROTECTION_FLAG': '/tmp/safe-rm-protection-flag-3120383b-b9e3-4b8c-b95f-c20091f2c77d', 'ICUBE_MODULE_LOG_TO_FILE': 'true', 'TOOLHOST_INTEGRATION_TOOLS_ENV_PATH': '/usr/share/trae-cn/resources/app/out/vs/workbench/contrib/terminal/common/scripts/integration_tools.sh', 'WORK_VM_MIGRATE_VERSION': '0', 'ICUBE_APP_VERSION': '3.3.96', 'ICUBE_PROXY_HOST': '127.0.0.1', 'ICUBE_DATABASE_BACKUP_INTERVAL': '300000', 'COLCON': '1', 'CFS_TRANSPORT': 'ipc', 'ICUBE_SOLO_DISABLE_LEGACY_LINUX_VM': '0', 'ICUBE_GLOBAL_STORAGE_DIR': '/home/jjy/.config/Trae CN/User/globalStorage', 'ICUBE_CHRONICLE_PRODUCT_DATA_DIRS': '["/home/jjy/.config/Trae CN","/home/jjy/.config/Trae SOLO CN"]', 'VSCODE_PID': '5162'}, 'shell': False}
[0.400382] (-) TimerEvent: {}
[0.473251] (rse_gaussian_filters) StdoutLine: {'line': b'running develop\n'}
[0.500468] (-) TimerEvent: {}
[0.554785] (rse_gaussian_filters) StdoutLine: {'line': b'running egg_info\n'}
[0.554991] (rse_gaussian_filters) StdoutLine: {'line': b'writing rse_gaussian_filters.egg-info/PKG-INFO\n'}
[0.555083] (rse_gaussian_filters) StdoutLine: {'line': b'writing dependency_links to rse_gaussian_filters.egg-info/dependency_links.txt\n'}
[0.555185] (rse_gaussian_filters) StdoutLine: {'line': b'writing entry points to rse_gaussian_filters.egg-info/entry_points.txt\n'}
[0.555241] (rse_gaussian_filters) StdoutLine: {'line': b'writing requirements to rse_gaussian_filters.egg-info/requires.txt\n'}
[0.555295] (rse_gaussian_filters) StdoutLine: {'line': b'writing top-level names to rse_gaussian_filters.egg-info/top_level.txt\n'}
[0.556272] (rse_gaussian_filters) StdoutLine: {'line': b"reading manifest file 'rse_gaussian_filters.egg-info/SOURCES.txt'\n"}
[0.556788] (rse_gaussian_filters) StdoutLine: {'line': b"writing manifest file 'rse_gaussian_filters.egg-info/SOURCES.txt'\n"}
[0.557496] (rse_gaussian_filters) StdoutLine: {'line': b'running build_ext\n'}
[0.557610] (rse_gaussian_filters) StdoutLine: {'line': b'Creating /home/jjy/ros2_ws/install/rse_gaussian_filters/lib/python3.10/site-packages/rse-gaussian-filters.egg-link (link to .)\n'}
[0.558098] (rse_gaussian_filters) StdoutLine: {'line': b'Installing einf_estimation_3d_v1 script to /home/jjy/ros2_ws/install/rse_gaussian_filters/lib/rse_gaussian_filters\n'}
[0.558214] (rse_gaussian_filters) StdoutLine: {'line': b'Installing einf_estimation_3d_v2 script to /home/jjy/ros2_ws/install/rse_gaussian_filters/lib/rse_gaussian_filters\n'}
[0.558320] (rse_gaussian_filters) StdoutLine: {'line': b'Installing einf_estimation_7d script to /home/jjy/ros2_ws/install/rse_gaussian_filters/lib/rse_gaussian_filters\n'}
[0.558448] (rse_gaussian_filters) StdoutLine: {'line': b'Installing einf_estimation_8d script to /home/jjy/ros2_ws/install/rse_gaussian_filters/lib/rse_gaussian_filters\n'}
[0.558541] (rse_gaussian_filters) StdoutLine: {'line': b'Installing ekf_estimation_3d_v1 script to /home/jjy/ros2_ws/install/rse_gaussian_filters/lib/rse_gaussian_filters\n'}
[0.558628] (rse_gaussian_filters) StdoutLine: {'line': b'Installing ekf_estimation_3d_v2 script to /home/jjy/ros2_ws/install/rse_gaussian_filters/lib/rse_gaussian_filters\n'}
[0.558738] (rse_gaussian_filters) StdoutLine: {'line': b'Installing ekf_estimation_7d script to /home/jjy/ros2_ws/install/rse_gaussian_filters/lib/rse_gaussian_filters\n'}
[0.558859] (rse_gaussian_filters) StdoutLine: {'line': b'Installing ekf_estimation_8d script to /home/jjy/ros2_ws/install/rse_gaussian_filters/lib/rse_gaussian_filters\n'}
[0.558910] (rse_gaussian_filters) StdoutLine: {'line': b'Installing inf_estimation_3d script to /home/jjy/ros2_ws/install/rse_gaussian_filters/lib/rse_gaussian_filters\n'}
[0.558960] (rse_gaussian_filters) StdoutLine: {'line': b'Installing kf_estimation_3d script to /home/jjy/ros2_ws/install/rse_gaussian_filters/lib/rse_gaussian_filters\n'}
[0.559010] (rse_gaussian_filters) StdoutLine: {'line': b'Installing ukf_estimation_3d_v1 script to /home/jjy/ros2_ws/install/rse_gaussian_filters/lib/rse_gaussian_filters\n'}
[0.559060] (rse_gaussian_filters) StdoutLine: {'line': b'Installing ukf_estimation_3d_v2 script to /home/jjy/ros2_ws/install/rse_gaussian_filters/lib/rse_gaussian_filters\n'}
[0.559109] (rse_gaussian_filters) StdoutLine: {'line': b'Installing ukf_estimation_7d script to /home/jjy/ros2_ws/install/rse_gaussian_filters/lib/rse_gaussian_filters\n'}
[0.559158] (rse_gaussian_filters) StdoutLine: {'line': b'Installing ukf_estimation_8d script to /home/jjy/ros2_ws/install/rse_gaussian_filters/lib/rse_gaussian_filters\n'}
[0.559207] (rse_gaussian_filters) StdoutLine: {'line': b'\n'}
[0.559256] (rse_gaussian_filters) StdoutLine: {'line': b'Installed /home/jjy/ros2_ws/build/rse_gaussian_filters\n'}
[0.559305] (rse_gaussian_filters) StdoutLine: {'line': b'running symlink_data\n'}
[0.559364] (rse_gaussian_filters) StdoutLine: {'line': b'symbolically linking /home/jjy/ros2_ws/build/rse_gaussian_filters/resource/rse_gaussian_filters -> /home/jjy/ros2_ws/install/rse_gaussian_filters/share/ament_index/resource_index/packages\n'}
[0.559417] (rse_gaussian_filters) StdoutLine: {'line': b'symbolically linking /home/jjy/ros2_ws/build/rse_gaussian_filters/package.xml -> /home/jjy/ros2_ws/install/rse_gaussian_filters/share/rse_gaussian_filters\n'}
[0.559467] (rse_gaussian_filters) StdoutLine: {'line': b'symbolically linking /home/jjy/ros2_ws/build/rse_gaussian_filters/launch/rviz_launch.launch.py -> /home/jjy/ros2_ws/install/rse_gaussian_filters/share/rse_gaussian_filters\n'}
[0.559516] (rse_gaussian_filters) StdoutLine: {'line': b'symbolically linking /home/jjy/ros2_ws/build/rse_gaussian_filters/rviz/kalman.rviz -> /home/jjy/ros2_ws/install/rse_gaussian_filters/share/rse_gaussian_filters\n'}
[0.559570] (rse_gaussian_filters) StdoutLine: {'line': b'symbolically linking /home/jjy/ros2_ws/build/rse_gaussian_filters/rviz/kalman_robot_localization.rviz -> /home/jjy/ros2_ws/install/rse_gaussian_filters/share/rse_gaussian_filters\n'}
[0.559619] (rse_gaussian_filters) StdoutLine: {'line': b'symbolically linking /home/jjy/ros2_ws/build/rse_gaussian_filters/urdf/shl_robot.urdf -> /home/jjy/ros2_ws/install/rse_gaussian_filters/share/rse_gaussian_filters\n'}
[0.559668] (rse_gaussian_filters) StdoutLine: {'line': b'symbolically linking /home/jjy/ros2_ws/build/rse_gaussian_filters/urdf/zed2.stl -> /home/jjy/ros2_ws/install/rse_gaussian_filters/share/rse_gaussian_filters\n'}
[0.574840] (rse_gaussian_filters) CommandEnded: {'returncode': 0}
[0.581449] (rse_gaussian_filters) JobEnded: {'identifier': 'rse_gaussian_filters', 'rc': 0}
[0.581910] (-) EventReactorShutdown: {}
