[1.007s] Invoking command in '/home/jjy/ros2_ws/src/rse_prob_robotics/rse_map_models': PYTHONPATH=/home/jjy/ros2_ws/build/rse_map_models/prefix_override:/usr/lib/python3/dist-packages/colcon_core/task/python/colcon_distutils_commands:/home/jjy/ros2_ws/install/rse_map_models/lib/python3.10/site-packages:${PYTHONPATH} /usr/bin/python3 -W ignore:setup.py install is deprecated -W ignore:easy_install command is deprecated setup.py egg_info --egg-base ../../../build/rse_map_models build --build-base /home/jjy/ros2_ws/build/rse_map_models/build install --record /home/jjy/ros2_ws/build/rse_map_models/install.log --single-version-externally-managed install_data
[1.131s] running egg_info
[1.132s] writing ../../../build/rse_map_models/rse_map_models.egg-info/PKG-INFO
[1.132s] writing dependency_links to ../../../build/rse_map_models/rse_map_models.egg-info/dependency_links.txt
[1.132s] writing entry points to ../../../build/rse_map_models/rse_map_models.egg-info/entry_points.txt
[1.132s] writing requirements to ../../../build/rse_map_models/rse_map_models.egg-info/requires.txt
[1.132s] writing top-level names to ../../../build/rse_map_models/rse_map_models.egg-info/top_level.txt
[1.133s] reading manifest file '../../../build/rse_map_models/rse_map_models.egg-info/SOURCES.txt'
[1.133s] writing manifest file '../../../build/rse_map_models/rse_map_models.egg-info/SOURCES.txt'
[1.133s] running build
[1.134s] running build_py
[1.134s] running install
[1.134s] running install_lib
[1.136s] running install_data
[1.136s] running install_egg_info
[1.137s] removing '/home/jjy/ros2_ws/install/rse_map_models/lib/python3.10/site-packages/rse_map_models-0.0.0-py3.10.egg-info' (and everything under it)
[1.137s] Copying ../../../build/rse_map_models/rse_map_models.egg-info to /home/jjy/ros2_ws/install/rse_map_models/lib/python3.10/site-packages/rse_map_models-0.0.0-py3.10.egg-info
[1.137s] running install_scripts
[1.151s] writing list of installed files to '/home/jjy/ros2_ws/build/rse_map_models/install.log'
[1.175s] Invoked command in '/home/jjy/ros2_ws/src/rse_prob_robotics/rse_map_models' returned '0': PYTHONPATH=/home/jjy/ros2_ws/build/rse_map_models/prefix_override:/usr/lib/python3/dist-packages/colcon_core/task/python/colcon_distutils_commands:/home/jjy/ros2_ws/install/rse_map_models/lib/python3.10/site-packages:${PYTHONPATH} /usr/bin/python3 -W ignore:setup.py install is deprecated -W ignore:easy_install command is deprecated setup.py egg_info --egg-base ../../../build/rse_map_models build --build-base /home/jjy/ros2_ws/build/rse_map_models/build install --record /home/jjy/ros2_ws/build/rse_map_models/install.log --single-version-externally-managed install_data
