running develop
running egg_info
creating rse_map_models.egg-info
writing rse_map_models.egg-info/PKG-INFO
writing dependency_links to rse_map_models.egg-info/dependency_links.txt
writing entry points to rse_map_models.egg-info/entry_points.txt
writing requirements to rse_map_models.egg-info/requires.txt
writing top-level names to rse_map_models.egg-info/top_level.txt
writing manifest file 'rse_map_models.egg-info/SOURCES.txt'
reading manifest file 'rse_map_models.egg-info/SOURCES.txt'
writing manifest file 'rse_map_models.egg-info/SOURCES.txt'
running build_ext
Creating /home/jjy/ros2_ws/install/rse_map_models/lib/python3.10/site-packages/rse-map-models.egg-link (link to .)

Installed /home/jjy/ros2_ws/build/rse_map_models
running symlink_data
creating /home/jjy/ros2_ws/install/rse_map_models/share/ament_index
creating /home/jjy/ros2_ws/install/rse_map_models/share/ament_index/resource_index
creating /home/jjy/ros2_ws/install/rse_map_models/share/ament_index/resource_index/packages
symbolically linking /home/jjy/ros2_ws/build/rse_map_models/resource/rse_map_models -> /home/jjy/ros2_ws/install/rse_map_models/share/ament_index/resource_index/packages
symbolically linking /home/jjy/ros2_ws/build/rse_map_models/package.xml -> /home/jjy/ros2_ws/install/rse_map_models/share/rse_map_models
