[0.959s] Invoking command in '/home/jjy/ros2_ws/build/rse_map_models': PYTHONPATH=/home/jjy/ros2_ws/build/rse_map_models/prefix_override:/usr/lib/python3/dist-packages/colcon_core/task/python/colcon_distutils_commands:/home/jjy/ros2_ws/install/rse_map_models/lib/python3.10/site-packages:${PYTHONPATH} /usr/bin/python3 -W ignore:setup.py install is deprecated -W ignore:easy_install command is deprecated setup.py develop --uninstall --editable --build-directory /home/jjy/ros2_ws/build/rse_map_models/build
[1.138s] running develop
[1.216s] Removing /home/jjy/ros2_ws/install/rse_map_models/lib/python3.10/site-packages/rse-map-models.egg-link (link to .)
[1.232s] Invoked command in '/home/jjy/ros2_ws/build/rse_map_models' returned '0': PYTHONPATH=/home/jjy/ros2_ws/build/rse_map_models/prefix_override:/usr/lib/python3/dist-packages/colcon_core/task/python/colcon_distutils_commands:/home/jjy/ros2_ws/install/rse_map_models/lib/python3.10/site-packages:${PYTHONPATH} /usr/bin/python3 -W ignore:setup.py install is deprecated -W ignore:easy_install command is deprecated setup.py develop --uninstall --editable --build-directory /home/jjy/ros2_ws/build/rse_map_models/build
[1.233s] Invoking command in '/home/jjy/ros2_ws/src/rse_prob_robotics/rse_map_models': PYTHONPATH=/home/jjy/ros2_ws/build/rse_map_models/prefix_override:/usr/lib/python3/dist-packages/colcon_core/task/python/colcon_distutils_commands:/home/jjy/ros2_ws/install/rse_map_models/lib/python3.10/site-packages:${PYTHONPATH} /usr/bin/python3 -W ignore:setup.py install is deprecated -W ignore:easy_install command is deprecated setup.py egg_info --egg-base ../../../build/rse_map_models build --build-base /home/jjy/ros2_ws/build/rse_map_models/build install --record /home/jjy/ros2_ws/build/rse_map_models/install.log --single-version-externally-managed install_data --force
[1.359s] running egg_info
[1.359s] writing ../../../build/rse_map_models/rse_map_models.egg-info/PKG-INFO
[1.360s] writing dependency_links to ../../../build/rse_map_models/rse_map_models.egg-info/dependency_links.txt
[1.360s] writing entry points to ../../../build/rse_map_models/rse_map_models.egg-info/entry_points.txt
[1.360s] writing requirements to ../../../build/rse_map_models/rse_map_models.egg-info/requires.txt
[1.360s] writing top-level names to ../../../build/rse_map_models/rse_map_models.egg-info/top_level.txt
[1.361s] reading manifest file '../../../build/rse_map_models/rse_map_models.egg-info/SOURCES.txt'
[1.362s] writing manifest file '../../../build/rse_map_models/rse_map_models.egg-info/SOURCES.txt'
[1.362s] running build
[1.362s] running build_py
[1.362s] creating /home/jjy/ros2_ws/build/rse_map_models/build
[1.362s] creating /home/jjy/ros2_ws/build/rse_map_models/build/lib
[1.362s] creating /home/jjy/ros2_ws/build/rse_map_models/build/lib/rse_map_models
[1.362s] copying rse_map_models/__init__.py -> /home/jjy/ros2_ws/build/rse_map_models/build/lib/rse_map_models
[1.362s] copying rse_map_models/grid_map.py -> /home/jjy/ros2_ws/build/rse_map_models/build/lib/rse_map_models
[1.362s] running install
[1.363s] running install_lib
[1.364s] creating /home/jjy/ros2_ws/install/rse_map_models/lib/python3.10/site-packages/rse_map_models
[1.365s] copying /home/jjy/ros2_ws/build/rse_map_models/build/lib/rse_map_models/__init__.py -> /home/jjy/ros2_ws/install/rse_map_models/lib/python3.10/site-packages/rse_map_models
[1.365s] copying /home/jjy/ros2_ws/build/rse_map_models/build/lib/rse_map_models/grid_map.py -> /home/jjy/ros2_ws/install/rse_map_models/lib/python3.10/site-packages/rse_map_models
[1.366s] byte-compiling /home/jjy/ros2_ws/install/rse_map_models/lib/python3.10/site-packages/rse_map_models/__init__.py to __init__.cpython-310.pyc
[1.366s] byte-compiling /home/jjy/ros2_ws/install/rse_map_models/lib/python3.10/site-packages/rse_map_models/grid_map.py to grid_map.cpython-310.pyc
[1.366s] running install_data
[1.367s] copying resource/rse_map_models -> /home/jjy/ros2_ws/install/rse_map_models/share/ament_index/resource_index/packages
[1.367s] copying package.xml -> /home/jjy/ros2_ws/install/rse_map_models/share/rse_map_models
[1.368s] running install_egg_info
[1.368s] Copying ../../../build/rse_map_models/rse_map_models.egg-info to /home/jjy/ros2_ws/install/rse_map_models/lib/python3.10/site-packages/rse_map_models-0.0.0-py3.10.egg-info
[1.370s] running install_scripts
[1.383s] writing list of installed files to '/home/jjy/ros2_ws/build/rse_map_models/install.log'
[1.517s] Invoked command in '/home/jjy/ros2_ws/src/rse_prob_robotics/rse_map_models' returned '0': PYTHONPATH=/home/jjy/ros2_ws/build/rse_map_models/prefix_override:/usr/lib/python3/dist-packages/colcon_core/task/python/colcon_distutils_commands:/home/jjy/ros2_ws/install/rse_map_models/lib/python3.10/site-packages:${PYTHONPATH} /usr/bin/python3 -W ignore:setup.py install is deprecated -W ignore:easy_install command is deprecated setup.py egg_info --egg-base ../../../build/rse_map_models build --build-base /home/jjy/ros2_ws/build/rse_map_models/build install --record /home/jjy/ros2_ws/build/rse_map_models/install.log --single-version-externally-managed install_data --force
