[1.395s] Invoking command in '/home/jjy/ros2_ws/build/rse_occupancy_grid_mapping': PYTHONPATH=/home/jjy/ros2_ws/build/rse_occupancy_grid_mapping/prefix_override:/usr/lib/python3/dist-packages/colcon_core/task/python/colcon_distutils_commands:/home/jjy/ros2_ws/install/rse_occupancy_grid_mapping/lib/python3.10/site-packages:${PYTHONPATH} /usr/bin/python3 -W ignore:setup.py install is deprecated -W ignore:easy_install command is deprecated setup.py develop --editable --build-directory /home/jjy/ros2_ws/build/rse_occupancy_grid_mapping/build --no-deps symlink_data
[1.633s] running develop
[1.798s] running egg_info
[1.798s] creating rse_occupancy_grid_mapping.egg-info
[1.798s] writing rse_occupancy_grid_mapping.egg-info/PKG-INFO
[1.798s] writing dependency_links to rse_occupancy_grid_mapping.egg-info/dependency_links.txt
[1.798s] writing entry points to rse_occupancy_grid_mapping.egg-info/entry_points.txt
[1.799s] writing requirements to rse_occupancy_grid_mapping.egg-info/requires.txt
[1.799s] writing top-level names to rse_occupancy_grid_mapping.egg-info/top_level.txt
[1.799s] writing manifest file 'rse_occupancy_grid_mapping.egg-info/SOURCES.txt'
[1.799s] reading manifest file 'rse_occupancy_grid_mapping.egg-info/SOURCES.txt'
[1.799s] writing manifest file 'rse_occupancy_grid_mapping.egg-info/SOURCES.txt'
[1.799s] running build_ext
[1.799s] Creating /home/jjy/ros2_ws/install/rse_occupancy_grid_mapping/lib/python3.10/site-packages/rse-occupancy-grid-mapping.egg-link (link to .)
[1.800s] Installing occupancy_grid_mapping script to /home/jjy/ros2_ws/install/rse_occupancy_grid_mapping/lib/rse_occupancy_grid_mapping
[1.800s] 
[1.800s] Installed /home/jjy/ros2_ws/build/rse_occupancy_grid_mapping
[1.800s] running symlink_data
[1.800s] creating /home/jjy/ros2_ws/install/rse_occupancy_grid_mapping/share/ament_index
[1.805s] creating /home/jjy/ros2_ws/install/rse_occupancy_grid_mapping/share/ament_index/resource_index
[1.805s] creating /home/jjy/ros2_ws/install/rse_occupancy_grid_mapping/share/ament_index/resource_index/packages
[1.805s] symbolically linking /home/jjy/ros2_ws/build/rse_occupancy_grid_mapping/resource/rse_occupancy_grid_mapping -> /home/jjy/ros2_ws/install/rse_occupancy_grid_mapping/share/ament_index/resource_index/packages
[1.805s] symbolically linking /home/jjy/ros2_ws/build/rse_occupancy_grid_mapping/package.xml -> /home/jjy/ros2_ws/install/rse_occupancy_grid_mapping/share/rse_occupancy_grid_mapping
[1.816s] Invoked command in '/home/jjy/ros2_ws/build/rse_occupancy_grid_mapping' returned '0': PYTHONPATH=/home/jjy/ros2_ws/build/rse_occupancy_grid_mapping/prefix_override:/usr/lib/python3/dist-packages/colcon_core/task/python/colcon_distutils_commands:/home/jjy/ros2_ws/install/rse_occupancy_grid_mapping/lib/python3.10/site-packages:${PYTHONPATH} /usr/bin/python3 -W ignore:setup.py install is deprecated -W ignore:easy_install command is deprecated setup.py develop --editable --build-directory /home/jjy/ros2_ws/build/rse_occupancy_grid_mapping/build --no-deps symlink_data
