[0.927s] Invoking command in '/home/jjy/ros2_ws/src/rse_prob_robotics/rse_sensor_models': PYTHONPATH=/home/jjy/ros2_ws/build/rse_sensor_models/prefix_override:/usr/lib/python3/dist-packages/colcon_core/task/python/colcon_distutils_commands:/home/jjy/ros2_ws/install/rse_sensor_models/lib/python3.10/site-packages:${PYTHONPATH} /usr/bin/python3 -W ignore:setup.py install is deprecated -W ignore:easy_install command is deprecated setup.py egg_info --egg-base ../../../build/rse_sensor_models build --build-base /home/jjy/ros2_ws/build/rse_sensor_models/build install --record /home/jjy/ros2_ws/build/rse_sensor_models/install.log --single-version-externally-managed install_data
[1.046s] running egg_info
[1.046s] writing ../../../build/rse_sensor_models/rse_sensor_models.egg-info/PKG-INFO
[1.046s] writing dependency_links to ../../../build/rse_sensor_models/rse_sensor_models.egg-info/dependency_links.txt
[1.046s] writing entry points to ../../../build/rse_sensor_models/rse_sensor_models.egg-info/entry_points.txt
[1.046s] writing requirements to ../../../build/rse_sensor_models/rse_sensor_models.egg-info/requires.txt
[1.046s] writing top-level names to ../../../build/rse_sensor_models/rse_sensor_models.egg-info/top_level.txt
[1.047s] reading manifest file '../../../build/rse_sensor_models/rse_sensor_models.egg-info/SOURCES.txt'
[1.047s] writing manifest file '../../../build/rse_sensor_models/rse_sensor_models.egg-info/SOURCES.txt'
[1.048s] running build
[1.048s] running build_py
[1.048s] running install
[1.048s] running install_lib
[1.049s] running install_data
[1.049s] running install_egg_info
[1.050s] removing '/home/jjy/ros2_ws/install/rse_sensor_models/lib/python3.10/site-packages/rse_sensor_models-0.0.0-py3.10.egg-info' (and everything under it)
[1.050s] Copying ../../../build/rse_sensor_models/rse_sensor_models.egg-info to /home/jjy/ros2_ws/install/rse_sensor_models/lib/python3.10/site-packages/rse_sensor_models-0.0.0-py3.10.egg-info
[1.050s] running install_scripts
[1.063s] writing list of installed files to '/home/jjy/ros2_ws/build/rse_sensor_models/install.log'
[1.100s] Invoked command in '/home/jjy/ros2_ws/src/rse_prob_robotics/rse_sensor_models' returned '0': PYTHONPATH=/home/jjy/ros2_ws/build/rse_sensor_models/prefix_override:/usr/lib/python3/dist-packages/colcon_core/task/python/colcon_distutils_commands:/home/jjy/ros2_ws/install/rse_sensor_models/lib/python3.10/site-packages:${PYTHONPATH} /usr/bin/python3 -W ignore:setup.py install is deprecated -W ignore:easy_install command is deprecated setup.py egg_info --egg-base ../../../build/rse_sensor_models build --build-base /home/jjy/ros2_ws/build/rse_sensor_models/build install --record /home/jjy/ros2_ws/build/rse_sensor_models/install.log --single-version-externally-managed install_data
