running develop
Removing /home/jjy/ros2_ws/install/rse_gaussian_filters/lib/python3.10/site-packages/rse-gaussian-filters.egg-link (link to .)
running egg_info
writing ../../../build/rse_gaussian_filters/rse_gaussian_filters.egg-info/PKG-INFO
writing dependency_links to ../../../build/rse_gaussian_filters/rse_gaussian_filters.egg-info/dependency_links.txt
writing entry points to ../../../build/rse_gaussian_filters/rse_gaussian_filters.egg-info/entry_points.txt
writing requirements to ../../../build/rse_gaussian_filters/rse_gaussian_filters.egg-info/requires.txt
writing top-level names to ../../../build/rse_gaussian_filters/rse_gaussian_filters.egg-info/top_level.txt
reading manifest file '../../../build/rse_gaussian_filters/rse_gaussian_filters.egg-info/SOURCES.txt'
adding license file 'LICENSE'
writing manifest file '../../../build/rse_gaussian_filters/rse_gaussian_filters.egg-info/SOURCES.txt'
running build
running build_py
creating /home/jjy/ros2_ws/build/rse_gaussian_filters/build
creating /home/jjy/ros2_ws/build/rse_gaussian_filters/build/lib
creating /home/jjy/ros2_ws/build/rse_gaussian_filters/build/lib/rse_gaussian_filters
copying rse_gaussian_filters/ukf_7d_state_estimation_no_cmd.py -> /home/jjy/ros2_ws/build/rse_gaussian_filters/build/lib/rse_gaussian_filters
copying rse_gaussian_filters/ekf_7d_state_estimation_no_cmd.py -> /home/jjy/ros2_ws/build/rse_gaussian_filters/build/lib/rse_gaussian_filters
copying rse_gaussian_filters/ukf_3d_state_estimation_v2_no_cmd.py -> /home/jjy/ros2_ws/build/rse_gaussian_filters/build/lib/rse_gaussian_filters
copying rse_gaussian_filters/einf_3d_state_estimation_v2_no_cmd.py -> /home/jjy/ros2_ws/build/rse_gaussian_filters/build/lib/rse_gaussian_filters
copying rse_gaussian_filters/ekf_3d_state_estimation_v2_no_cmd.py -> /home/jjy/ros2_ws/build/rse_gaussian_filters/build/lib/rse_gaussian_filters
copying rse_gaussian_filters/kf_3d_state_estimation_no_cmd.py -> /home/jjy/ros2_ws/build/rse_gaussian_filters/build/lib/rse_gaussian_filters
copying rse_gaussian_filters/ekf_3d_state_estimation_v1_no_cmd.py -> /home/jjy/ros2_ws/build/rse_gaussian_filters/build/lib/rse_gaussian_filters
copying rse_gaussian_filters/kf_node.py -> /home/jjy/ros2_ws/build/rse_gaussian_filters/build/lib/rse_gaussian_filters
copying rse_gaussian_filters/einf_8d_state_estimation_no_cmd.py -> /home/jjy/ros2_ws/build/rse_gaussian_filters/build/lib/rse_gaussian_filters
copying rse_gaussian_filters/einf_3d_state_estimation_v1_no_cmd.py -> /home/jjy/ros2_ws/build/rse_gaussian_filters/build/lib/rse_gaussian_filters
copying rse_gaussian_filters/__init__.py -> /home/jjy/ros2_ws/build/rse_gaussian_filters/build/lib/rse_gaussian_filters
copying rse_gaussian_filters/ukf_3d_state_estimation_v1_no_cmd.py -> /home/jjy/ros2_ws/build/rse_gaussian_filters/build/lib/rse_gaussian_filters
copying rse_gaussian_filters/inf_3d_state_estimation_no_cmd.py -> /home/jjy/ros2_ws/build/rse_gaussian_filters/build/lib/rse_gaussian_filters
copying rse_gaussian_filters/einf_7d_state_estimation_no_cmd.py -> /home/jjy/ros2_ws/build/rse_gaussian_filters/build/lib/rse_gaussian_filters
copying rse_gaussian_filters/ukf_8d_state_estimation_no_cmd.py -> /home/jjy/ros2_ws/build/rse_gaussian_filters/build/lib/rse_gaussian_filters
copying rse_gaussian_filters/ekf_8d_state_estimation_no_cmd.py -> /home/jjy/ros2_ws/build/rse_gaussian_filters/build/lib/rse_gaussian_filters
creating /home/jjy/ros2_ws/build/rse_gaussian_filters/build/lib/rse_gaussian_filters/filters
copying rse_gaussian_filters/filters/inf.py -> /home/jjy/ros2_ws/build/rse_gaussian_filters/build/lib/rse_gaussian_filters/filters
copying rse_gaussian_filters/filters/ekf.py -> /home/jjy/ros2_ws/build/rse_gaussian_filters/build/lib/rse_gaussian_filters/filters
copying rse_gaussian_filters/filters/kf.py -> /home/jjy/ros2_ws/build/rse_gaussian_filters/build/lib/rse_gaussian_filters/filters
copying rse_gaussian_filters/filters/einf.py -> /home/jjy/ros2_ws/build/rse_gaussian_filters/build/lib/rse_gaussian_filters/filters
copying rse_gaussian_filters/filters/__init__.py -> /home/jjy/ros2_ws/build/rse_gaussian_filters/build/lib/rse_gaussian_filters/filters
copying rse_gaussian_filters/filters/ukf.py -> /home/jjy/ros2_ws/build/rse_gaussian_filters/build/lib/rse_gaussian_filters/filters
running install
running install_lib
creating /home/jjy/ros2_ws/install/rse_gaussian_filters/lib/python3.10/site-packages/rse_gaussian_filters
copying /home/jjy/ros2_ws/build/rse_gaussian_filters/build/lib/rse_gaussian_filters/ukf_7d_state_estimation_no_cmd.py -> /home/jjy/ros2_ws/install/rse_gaussian_filters/lib/python3.10/site-packages/rse_gaussian_filters
copying /home/jjy/ros2_ws/build/rse_gaussian_filters/build/lib/rse_gaussian_filters/ekf_7d_state_estimation_no_cmd.py -> /home/jjy/ros2_ws/install/rse_gaussian_filters/lib/python3.10/site-packages/rse_gaussian_filters
copying /home/jjy/ros2_ws/build/rse_gaussian_filters/build/lib/rse_gaussian_filters/ukf_3d_state_estimation_v2_no_cmd.py -> /home/jjy/ros2_ws/install/rse_gaussian_filters/lib/python3.10/site-packages/rse_gaussian_filters
copying /home/jjy/ros2_ws/build/rse_gaussian_filters/build/lib/rse_gaussian_filters/einf_3d_state_estimation_v2_no_cmd.py -> /home/jjy/ros2_ws/install/rse_gaussian_filters/lib/python3.10/site-packages/rse_gaussian_filters
copying /home/jjy/ros2_ws/build/rse_gaussian_filters/build/lib/rse_gaussian_filters/ekf_3d_state_estimation_v2_no_cmd.py -> /home/jjy/ros2_ws/install/rse_gaussian_filters/lib/python3.10/site-packages/rse_gaussian_filters
copying /home/jjy/ros2_ws/build/rse_gaussian_filters/build/lib/rse_gaussian_filters/kf_3d_state_estimation_no_cmd.py -> /home/jjy/ros2_ws/install/rse_gaussian_filters/lib/python3.10/site-packages/rse_gaussian_filters
copying /home/jjy/ros2_ws/build/rse_gaussian_filters/build/lib/rse_gaussian_filters/ekf_3d_state_estimation_v1_no_cmd.py -> /home/jjy/ros2_ws/install/rse_gaussian_filters/lib/python3.10/site-packages/rse_gaussian_filters
copying /home/jjy/ros2_ws/build/rse_gaussian_filters/build/lib/rse_gaussian_filters/kf_node.py -> /home/jjy/ros2_ws/install/rse_gaussian_filters/lib/python3.10/site-packages/rse_gaussian_filters
copying /home/jjy/ros2_ws/build/rse_gaussian_filters/build/lib/rse_gaussian_filters/einf_8d_state_estimation_no_cmd.py -> /home/jjy/ros2_ws/install/rse_gaussian_filters/lib/python3.10/site-packages/rse_gaussian_filters
copying /home/jjy/ros2_ws/build/rse_gaussian_filters/build/lib/rse_gaussian_filters/einf_3d_state_estimation_v1_no_cmd.py -> /home/jjy/ros2_ws/install/rse_gaussian_filters/lib/python3.10/site-packages/rse_gaussian_filters
creating /home/jjy/ros2_ws/install/rse_gaussian_filters/lib/python3.10/site-packages/rse_gaussian_filters/filters
copying /home/jjy/ros2_ws/build/rse_gaussian_filters/build/lib/rse_gaussian_filters/filters/inf.py -> /home/jjy/ros2_ws/install/rse_gaussian_filters/lib/python3.10/site-packages/rse_gaussian_filters/filters
copying /home/jjy/ros2_ws/build/rse_gaussian_filters/build/lib/rse_gaussian_filters/filters/ekf.py -> /home/jjy/ros2_ws/install/rse_gaussian_filters/lib/python3.10/site-packages/rse_gaussian_filters/filters
copying /home/jjy/ros2_ws/build/rse_gaussian_filters/build/lib/rse_gaussian_filters/filters/kf.py -> /home/jjy/ros2_ws/install/rse_gaussian_filters/lib/python3.10/site-packages/rse_gaussian_filters/filters
copying /home/jjy/ros2_ws/build/rse_gaussian_filters/build/lib/rse_gaussian_filters/filters/einf.py -> /home/jjy/ros2_ws/install/rse_gaussian_filters/lib/python3.10/site-packages/rse_gaussian_filters/filters
copying /home/jjy/ros2_ws/build/rse_gaussian_filters/build/lib/rse_gaussian_filters/filters/__init__.py -> /home/jjy/ros2_ws/install/rse_gaussian_filters/lib/python3.10/site-packages/rse_gaussian_filters/filters
copying /home/jjy/ros2_ws/build/rse_gaussian_filters/build/lib/rse_gaussian_filters/filters/ukf.py -> /home/jjy/ros2_ws/install/rse_gaussian_filters/lib/python3.10/site-packages/rse_gaussian_filters/filters
copying /home/jjy/ros2_ws/build/rse_gaussian_filters/build/lib/rse_gaussian_filters/__init__.py -> /home/jjy/ros2_ws/install/rse_gaussian_filters/lib/python3.10/site-packages/rse_gaussian_filters
copying /home/jjy/ros2_ws/build/rse_gaussian_filters/build/lib/rse_gaussian_filters/ukf_3d_state_estimation_v1_no_cmd.py -> /home/jjy/ros2_ws/install/rse_gaussian_filters/lib/python3.10/site-packages/rse_gaussian_filters
copying /home/jjy/ros2_ws/build/rse_gaussian_filters/build/lib/rse_gaussian_filters/inf_3d_state_estimation_no_cmd.py -> /home/jjy/ros2_ws/install/rse_gaussian_filters/lib/python3.10/site-packages/rse_gaussian_filters
copying /home/jjy/ros2_ws/build/rse_gaussian_filters/build/lib/rse_gaussian_filters/einf_7d_state_estimation_no_cmd.py -> /home/jjy/ros2_ws/install/rse_gaussian_filters/lib/python3.10/site-packages/rse_gaussian_filters
copying /home/jjy/ros2_ws/build/rse_gaussian_filters/build/lib/rse_gaussian_filters/ukf_8d_state_estimation_no_cmd.py -> /home/jjy/ros2_ws/install/rse_gaussian_filters/lib/python3.10/site-packages/rse_gaussian_filters
copying /home/jjy/ros2_ws/build/rse_gaussian_filters/build/lib/rse_gaussian_filters/ekf_8d_state_estimation_no_cmd.py -> /home/jjy/ros2_ws/install/rse_gaussian_filters/lib/python3.10/site-packages/rse_gaussian_filters
byte-compiling /home/jjy/ros2_ws/install/rse_gaussian_filters/lib/python3.10/site-packages/rse_gaussian_filters/ukf_7d_state_estimation_no_cmd.py to ukf_7d_state_estimation_no_cmd.cpython-310.pyc
byte-compiling /home/jjy/ros2_ws/install/rse_gaussian_filters/lib/python3.10/site-packages/rse_gaussian_filters/ekf_7d_state_estimation_no_cmd.py to ekf_7d_state_estimation_no_cmd.cpython-310.pyc
byte-compiling /home/jjy/ros2_ws/install/rse_gaussian_filters/lib/python3.10/site-packages/rse_gaussian_filters/ukf_3d_state_estimation_v2_no_cmd.py to ukf_3d_state_estimation_v2_no_cmd.cpython-310.pyc
byte-compiling /home/jjy/ros2_ws/install/rse_gaussian_filters/lib/python3.10/site-packages/rse_gaussian_filters/einf_3d_state_estimation_v2_no_cmd.py to einf_3d_state_estimation_v2_no_cmd.cpython-310.pyc
byte-compiling /home/jjy/ros2_ws/install/rse_gaussian_filters/lib/python3.10/site-packages/rse_gaussian_filters/ekf_3d_state_estimation_v2_no_cmd.py to ekf_3d_state_estimation_v2_no_cmd.cpython-310.pyc
byte-compiling /home/jjy/ros2_ws/install/rse_gaussian_filters/lib/python3.10/site-packages/rse_gaussian_filters/kf_3d_state_estimation_no_cmd.py to kf_3d_state_estimation_no_cmd.cpython-310.pyc
byte-compiling /home/jjy/ros2_ws/install/rse_gaussian_filters/lib/python3.10/site-packages/rse_gaussian_filters/ekf_3d_state_estimation_v1_no_cmd.py to ekf_3d_state_estimation_v1_no_cmd.cpython-310.pyc
byte-compiling /home/jjy/ros2_ws/install/rse_gaussian_filters/lib/python3.10/site-packages/rse_gaussian_filters/kf_node.py to kf_node.cpython-310.pyc
byte-compiling /home/jjy/ros2_ws/install/rse_gaussian_filters/lib/python3.10/site-packages/rse_gaussian_filters/einf_8d_state_estimation_no_cmd.py to einf_8d_state_estimation_no_cmd.cpython-310.pyc
byte-compiling /home/jjy/ros2_ws/install/rse_gaussian_filters/lib/python3.10/site-packages/rse_gaussian_filters/einf_3d_state_estimation_v1_no_cmd.py to einf_3d_state_estimation_v1_no_cmd.cpython-310.pyc
byte-compiling /home/jjy/ros2_ws/install/rse_gaussian_filters/lib/python3.10/site-packages/rse_gaussian_filters/filters/inf.py to inf.cpython-310.pyc
byte-compiling /home/jjy/ros2_ws/install/rse_gaussian_filters/lib/python3.10/site-packages/rse_gaussian_filters/filters/ekf.py to ekf.cpython-310.pyc
byte-compiling /home/jjy/ros2_ws/install/rse_gaussian_filters/lib/python3.10/site-packages/rse_gaussian_filters/filters/kf.py to kf.cpython-310.pyc
byte-compiling /home/jjy/ros2_ws/install/rse_gaussian_filters/lib/python3.10/site-packages/rse_gaussian_filters/filters/einf.py to einf.cpython-310.pyc
byte-compiling /home/jjy/ros2_ws/install/rse_gaussian_filters/lib/python3.10/site-packages/rse_gaussian_filters/filters/__init__.py to __init__.cpython-310.pyc
byte-compiling /home/jjy/ros2_ws/install/rse_gaussian_filters/lib/python3.10/site-packages/rse_gaussian_filters/filters/ukf.py to ukf.cpython-310.pyc
byte-compiling /home/jjy/ros2_ws/install/rse_gaussian_filters/lib/python3.10/site-packages/rse_gaussian_filters/__init__.py to __init__.cpython-310.pyc
byte-compiling /home/jjy/ros2_ws/install/rse_gaussian_filters/lib/python3.10/site-packages/rse_gaussian_filters/ukf_3d_state_estimation_v1_no_cmd.py to ukf_3d_state_estimation_v1_no_cmd.cpython-310.pyc
byte-compiling /home/jjy/ros2_ws/install/rse_gaussian_filters/lib/python3.10/site-packages/rse_gaussian_filters/inf_3d_state_estimation_no_cmd.py to inf_3d_state_estimation_no_cmd.cpython-310.pyc
byte-compiling /home/jjy/ros2_ws/install/rse_gaussian_filters/lib/python3.10/site-packages/rse_gaussian_filters/einf_7d_state_estimation_no_cmd.py to einf_7d_state_estimation_no_cmd.cpython-310.pyc
byte-compiling /home/jjy/ros2_ws/install/rse_gaussian_filters/lib/python3.10/site-packages/rse_gaussian_filters/ukf_8d_state_estimation_no_cmd.py to ukf_8d_state_estimation_no_cmd.cpython-310.pyc
byte-compiling /home/jjy/ros2_ws/install/rse_gaussian_filters/lib/python3.10/site-packages/rse_gaussian_filters/ekf_8d_state_estimation_no_cmd.py to ekf_8d_state_estimation_no_cmd.cpython-310.pyc
running install_data
copying resource/rse_gaussian_filters -> /home/jjy/ros2_ws/install/rse_gaussian_filters/share/ament_index/resource_index/packages
copying package.xml -> /home/jjy/ros2_ws/install/rse_gaussian_filters/share/rse_gaussian_filters
copying launch/rviz_launch.launch.py -> /home/jjy/ros2_ws/install/rse_gaussian_filters/share/rse_gaussian_filters
copying rviz/kalman.rviz -> /home/jjy/ros2_ws/install/rse_gaussian_filters/share/rse_gaussian_filters
copying rviz/kalman_robot_localization.rviz -> /home/jjy/ros2_ws/install/rse_gaussian_filters/share/rse_gaussian_filters
copying urdf/shl_robot.urdf -> /home/jjy/ros2_ws/install/rse_gaussian_filters/share/rse_gaussian_filters
copying urdf/zed2.stl -> /home/jjy/ros2_ws/install/rse_gaussian_filters/share/rse_gaussian_filters
running install_egg_info
Copying ../../../build/rse_gaussian_filters/rse_gaussian_filters.egg-info to /home/jjy/ros2_ws/install/rse_gaussian_filters/lib/python3.10/site-packages/rse_gaussian_filters-0.0.0-py3.10.egg-info
running install_scripts
Installing einf_estimation_3d_v1 script to /home/jjy/ros2_ws/install/rse_gaussian_filters/lib/rse_gaussian_filters
Installing einf_estimation_3d_v2 script to /home/jjy/ros2_ws/install/rse_gaussian_filters/lib/rse_gaussian_filters
Installing einf_estimation_7d script to /home/jjy/ros2_ws/install/rse_gaussian_filters/lib/rse_gaussian_filters
Installing einf_estimation_8d script to /home/jjy/ros2_ws/install/rse_gaussian_filters/lib/rse_gaussian_filters
Installing ekf_estimation_3d_v1 script to /home/jjy/ros2_ws/install/rse_gaussian_filters/lib/rse_gaussian_filters
Installing ekf_estimation_3d_v2 script to /home/jjy/ros2_ws/install/rse_gaussian_filters/lib/rse_gaussian_filters
Installing ekf_estimation_7d script to /home/jjy/ros2_ws/install/rse_gaussian_filters/lib/rse_gaussian_filters
Installing ekf_estimation_8d script to /home/jjy/ros2_ws/install/rse_gaussian_filters/lib/rse_gaussian_filters
Installing inf_estimation_3d script to /home/jjy/ros2_ws/install/rse_gaussian_filters/lib/rse_gaussian_filters
Installing kf_estimation_3d script to /home/jjy/ros2_ws/install/rse_gaussian_filters/lib/rse_gaussian_filters
Installing ukf_estimation_3d_v1 script to /home/jjy/ros2_ws/install/rse_gaussian_filters/lib/rse_gaussian_filters
Installing ukf_estimation_3d_v2 script to /home/jjy/ros2_ws/install/rse_gaussian_filters/lib/rse_gaussian_filters
Installing ukf_estimation_7d script to /home/jjy/ros2_ws/install/rse_gaussian_filters/lib/rse_gaussian_filters
Installing ukf_estimation_8d script to /home/jjy/ros2_ws/install/rse_gaussian_filters/lib/rse_gaussian_filters
writing list of installed files to '/home/jjy/ros2_ws/build/rse_gaussian_filters/install.log'
