running develop
Removing /home/jjy/ros2_ws/install/rse_lidar_odometry/lib/python3.10/site-packages/rse-lidar-odometry.egg-link (link to .)
running egg_info
writing ../../../build/rse_lidar_odometry/rse_lidar_odometry.egg-info/PKG-INFO
writing dependency_links to ../../../build/rse_lidar_odometry/rse_lidar_odometry.egg-info/dependency_links.txt
writing entry points to ../../../build/rse_lidar_odometry/rse_lidar_odometry.egg-info/entry_points.txt
writing requirements to ../../../build/rse_lidar_odometry/rse_lidar_odometry.egg-info/requires.txt
writing top-level names to ../../../build/rse_lidar_odometry/rse_lidar_odometry.egg-info/top_level.txt
reading manifest file '../../../build/rse_lidar_odometry/rse_lidar_odometry.egg-info/SOURCES.txt'
writing manifest file '../../../build/rse_lidar_odometry/rse_lidar_odometry.egg-info/SOURCES.txt'
running build
running build_py
creating /home/jjy/ros2_ws/build/rse_lidar_odometry/build
creating /home/jjy/ros2_ws/build/rse_lidar_odometry/build/lib
creating /home/jjy/ros2_ws/build/rse_lidar_odometry/build/lib/rse_lidar_odometry
copying rse_lidar_odometry/laser_scan_odometry_node.py -> /home/jjy/ros2_ws/build/rse_lidar_odometry/build/lib/rse_lidar_odometry
copying rse_lidar_odometry/conversions.py -> /home/jjy/ros2_ws/build/rse_lidar_odometry/build/lib/rse_lidar_odometry
copying rse_lidar_odometry/__init__.py -> /home/jjy/ros2_ws/build/rse_lidar_odometry/build/lib/rse_lidar_odometry
running install
running install_lib
creating /home/jjy/ros2_ws/install/rse_lidar_odometry/lib/python3.10/site-packages/rse_lidar_odometry
copying /home/jjy/ros2_ws/build/rse_lidar_odometry/build/lib/rse_lidar_odometry/laser_scan_odometry_node.py -> /home/jjy/ros2_ws/install/rse_lidar_odometry/lib/python3.10/site-packages/rse_lidar_odometry
copying /home/jjy/ros2_ws/build/rse_lidar_odometry/build/lib/rse_lidar_odometry/conversions.py -> /home/jjy/ros2_ws/install/rse_lidar_odometry/lib/python3.10/site-packages/rse_lidar_odometry
copying /home/jjy/ros2_ws/build/rse_lidar_odometry/build/lib/rse_lidar_odometry/__init__.py -> /home/jjy/ros2_ws/install/rse_lidar_odometry/lib/python3.10/site-packages/rse_lidar_odometry
byte-compiling /home/jjy/ros2_ws/install/rse_lidar_odometry/lib/python3.10/site-packages/rse_lidar_odometry/laser_scan_odometry_node.py to laser_scan_odometry_node.cpython-310.pyc
byte-compiling /home/jjy/ros2_ws/install/rse_lidar_odometry/lib/python3.10/site-packages/rse_lidar_odometry/conversions.py to conversions.cpython-310.pyc
byte-compiling /home/jjy/ros2_ws/install/rse_lidar_odometry/lib/python3.10/site-packages/rse_lidar_odometry/__init__.py to __init__.cpython-310.pyc
running install_data
copying resource/rse_lidar_odometry -> /home/jjy/ros2_ws/install/rse_lidar_odometry/share/ament_index/resource_index/packages
copying package.xml -> /home/jjy/ros2_ws/install/rse_lidar_odometry/share/rse_lidar_odometry
running install_egg_info
Copying ../../../build/rse_lidar_odometry/rse_lidar_odometry.egg-info to /home/jjy/ros2_ws/install/rse_lidar_odometry/lib/python3.10/site-packages/rse_lidar_odometry-0.0.0-py3.10.egg-info
running install_scripts
Installing laser_scan_odometry script to /home/jjy/ros2_ws/install/rse_lidar_odometry/lib/rse_lidar_odometry
writing list of installed files to '/home/jjy/ros2_ws/build/rse_lidar_odometry/install.log'
