[0.431s] Invoking command in '/home/jjy/ros2_ws/build/rse_lidar_odometry': AMENT_PREFIX_PATH=/home/jjy/ros2_ws/install/rse_common_utils:/home/jjy/ros2_ws/install/rse_observation_models:/home/jjy/ros2_ws/install/rse_motion_models:${AMENT_PREFIX_PATH} PYTHONPATH=/home/jjy/ros2_ws/build/rse_lidar_odometry/prefix_override:/usr/lib/python3/dist-packages/colcon_core/task/python/colcon_distutils_commands:/home/jjy/ros2_ws/install/rse_lidar_odometry/lib/python3.10/site-packages:/home/jjy/ros2_ws/install/rse_common_utils/lib/python3.10/site-packages:/home/jjy/ros2_ws/install/rse_observation_models/lib/python3.10/site-packages:/home/jjy/ros2_ws/install/rse_motion_models/lib/python3.10/site-packages:${PYTHONPATH} /usr/bin/python3 -W ignore:setup.py install is deprecated -W ignore:easy_install command is deprecated setup.py develop --uninstall --editable --build-directory /home/jjy/ros2_ws/build/rse_lidar_odometry/build
[0.552s] running develop
[0.626s] Removing /home/jjy/ros2_ws/install/rse_lidar_odometry/lib/python3.10/site-packages/rse-lidar-odometry.egg-link (link to .)
[0.640s] Invoked command in '/home/jjy/ros2_ws/build/rse_lidar_odometry' returned '0': AMENT_PREFIX_PATH=/home/jjy/ros2_ws/install/rse_common_utils:/home/jjy/ros2_ws/install/rse_observation_models:/home/jjy/ros2_ws/install/rse_motion_models:${AMENT_PREFIX_PATH} PYTHONPATH=/home/jjy/ros2_ws/build/rse_lidar_odometry/prefix_override:/usr/lib/python3/dist-packages/colcon_core/task/python/colcon_distutils_commands:/home/jjy/ros2_ws/install/rse_lidar_odometry/lib/python3.10/site-packages:/home/jjy/ros2_ws/install/rse_common_utils/lib/python3.10/site-packages:/home/jjy/ros2_ws/install/rse_observation_models/lib/python3.10/site-packages:/home/jjy/ros2_ws/install/rse_motion_models/lib/python3.10/site-packages:${PYTHONPATH} /usr/bin/python3 -W ignore:setup.py install is deprecated -W ignore:easy_install command is deprecated setup.py develop --uninstall --editable --build-directory /home/jjy/ros2_ws/build/rse_lidar_odometry/build
[0.641s] Invoking command in '/home/jjy/ros2_ws/src/rse_prob_robotics/rse_lidar_odometry': AMENT_PREFIX_PATH=/home/jjy/ros2_ws/install/rse_common_utils:/home/jjy/ros2_ws/install/rse_observation_models:/home/jjy/ros2_ws/install/rse_motion_models:${AMENT_PREFIX_PATH} PYTHONPATH=/home/jjy/ros2_ws/build/rse_lidar_odometry/prefix_override:/usr/lib/python3/dist-packages/colcon_core/task/python/colcon_distutils_commands:/home/jjy/ros2_ws/install/rse_lidar_odometry/lib/python3.10/site-packages:/home/jjy/ros2_ws/install/rse_common_utils/lib/python3.10/site-packages:/home/jjy/ros2_ws/install/rse_observation_models/lib/python3.10/site-packages:/home/jjy/ros2_ws/install/rse_motion_models/lib/python3.10/site-packages:${PYTHONPATH} /usr/bin/python3 -W ignore:setup.py install is deprecated -W ignore:easy_install command is deprecated setup.py egg_info --egg-base ../../../build/rse_lidar_odometry build --build-base /home/jjy/ros2_ws/build/rse_lidar_odometry/build install --record /home/jjy/ros2_ws/build/rse_lidar_odometry/install.log --single-version-externally-managed install_data --force
[0.758s] running egg_info
[0.759s] writing ../../../build/rse_lidar_odometry/rse_lidar_odometry.egg-info/PKG-INFO
[0.759s] writing dependency_links to ../../../build/rse_lidar_odometry/rse_lidar_odometry.egg-info/dependency_links.txt
[0.759s] writing entry points to ../../../build/rse_lidar_odometry/rse_lidar_odometry.egg-info/entry_points.txt
[0.759s] writing requirements to ../../../build/rse_lidar_odometry/rse_lidar_odometry.egg-info/requires.txt
[0.759s] writing top-level names to ../../../build/rse_lidar_odometry/rse_lidar_odometry.egg-info/top_level.txt
[0.760s] reading manifest file '../../../build/rse_lidar_odometry/rse_lidar_odometry.egg-info/SOURCES.txt'
[0.760s] writing manifest file '../../../build/rse_lidar_odometry/rse_lidar_odometry.egg-info/SOURCES.txt'
[0.760s] running build
[0.760s] running build_py
[0.760s] creating /home/jjy/ros2_ws/build/rse_lidar_odometry/build
[0.760s] creating /home/jjy/ros2_ws/build/rse_lidar_odometry/build/lib
[0.760s] creating /home/jjy/ros2_ws/build/rse_lidar_odometry/build/lib/rse_lidar_odometry
[0.761s] copying rse_lidar_odometry/laser_scan_odometry_node.py -> /home/jjy/ros2_ws/build/rse_lidar_odometry/build/lib/rse_lidar_odometry
[0.761s] copying rse_lidar_odometry/conversions.py -> /home/jjy/ros2_ws/build/rse_lidar_odometry/build/lib/rse_lidar_odometry
[0.761s] copying rse_lidar_odometry/__init__.py -> /home/jjy/ros2_ws/build/rse_lidar_odometry/build/lib/rse_lidar_odometry
[0.761s] running install
[0.761s] running install_lib
[0.761s] creating /home/jjy/ros2_ws/install/rse_lidar_odometry/lib/python3.10/site-packages/rse_lidar_odometry
[0.761s] copying /home/jjy/ros2_ws/build/rse_lidar_odometry/build/lib/rse_lidar_odometry/laser_scan_odometry_node.py -> /home/jjy/ros2_ws/install/rse_lidar_odometry/lib/python3.10/site-packages/rse_lidar_odometry
[0.761s] copying /home/jjy/ros2_ws/build/rse_lidar_odometry/build/lib/rse_lidar_odometry/conversions.py -> /home/jjy/ros2_ws/install/rse_lidar_odometry/lib/python3.10/site-packages/rse_lidar_odometry
[0.761s] copying /home/jjy/ros2_ws/build/rse_lidar_odometry/build/lib/rse_lidar_odometry/__init__.py -> /home/jjy/ros2_ws/install/rse_lidar_odometry/lib/python3.10/site-packages/rse_lidar_odometry
[0.762s] byte-compiling /home/jjy/ros2_ws/install/rse_lidar_odometry/lib/python3.10/site-packages/rse_lidar_odometry/laser_scan_odometry_node.py to laser_scan_odometry_node.cpython-310.pyc
[0.762s] byte-compiling /home/jjy/ros2_ws/install/rse_lidar_odometry/lib/python3.10/site-packages/rse_lidar_odometry/conversions.py to conversions.cpython-310.pyc
[0.763s] byte-compiling /home/jjy/ros2_ws/install/rse_lidar_odometry/lib/python3.10/site-packages/rse_lidar_odometry/__init__.py to __init__.cpython-310.pyc
[0.763s] running install_data
[0.763s] copying resource/rse_lidar_odometry -> /home/jjy/ros2_ws/install/rse_lidar_odometry/share/ament_index/resource_index/packages
[0.763s] copying package.xml -> /home/jjy/ros2_ws/install/rse_lidar_odometry/share/rse_lidar_odometry
[0.763s] running install_egg_info
[0.764s] Copying ../../../build/rse_lidar_odometry/rse_lidar_odometry.egg-info to /home/jjy/ros2_ws/install/rse_lidar_odometry/lib/python3.10/site-packages/rse_lidar_odometry-0.0.0-py3.10.egg-info
[0.764s] running install_scripts
[0.775s] Installing laser_scan_odometry script to /home/jjy/ros2_ws/install/rse_lidar_odometry/lib/rse_lidar_odometry
[0.775s] writing list of installed files to '/home/jjy/ros2_ws/build/rse_lidar_odometry/install.log'
[0.787s] Invoked command in '/home/jjy/ros2_ws/src/rse_prob_robotics/rse_lidar_odometry' returned '0': AMENT_PREFIX_PATH=/home/jjy/ros2_ws/install/rse_common_utils:/home/jjy/ros2_ws/install/rse_observation_models:/home/jjy/ros2_ws/install/rse_motion_models:${AMENT_PREFIX_PATH} PYTHONPATH=/home/jjy/ros2_ws/build/rse_lidar_odometry/prefix_override:/usr/lib/python3/dist-packages/colcon_core/task/python/colcon_distutils_commands:/home/jjy/ros2_ws/install/rse_lidar_odometry/lib/python3.10/site-packages:/home/jjy/ros2_ws/install/rse_common_utils/lib/python3.10/site-packages:/home/jjy/ros2_ws/install/rse_observation_models/lib/python3.10/site-packages:/home/jjy/ros2_ws/install/rse_motion_models/lib/python3.10/site-packages:${PYTHONPATH} /usr/bin/python3 -W ignore:setup.py install is deprecated -W ignore:easy_install command is deprecated setup.py egg_info --egg-base ../../../build/rse_lidar_odometry build --build-base /home/jjy/ros2_ws/build/rse_lidar_odometry/build install --record /home/jjy/ros2_ws/build/rse_lidar_odometry/install.log --single-version-externally-managed install_data --force
