[0.458s] Invoking command in '/home/jjy/ros2_ws/build/rse_nonparametric_filters': PYTHONPATH=/home/jjy/ros2_ws/build/rse_nonparametric_filters/prefix_override:/usr/lib/python3/dist-packages/colcon_core/task/python/colcon_distutils_commands:/home/jjy/ros2_ws/install/rse_nonparametric_filters/lib/python3.10/site-packages:${PYTHONPATH} /usr/bin/python3 -W ignore:setup.py install is deprecated -W ignore:easy_install command is deprecated setup.py develop --editable --build-directory /home/jjy/ros2_ws/build/rse_nonparametric_filters/build --no-deps symlink_data --force
[0.586s] running develop
[0.661s] running egg_info
[0.661s] writing rse_nonparametric_filters.egg-info/PKG-INFO
[0.661s] writing dependency_links to rse_nonparametric_filters.egg-info/dependency_links.txt
[0.661s] writing entry points to rse_nonparametric_filters.egg-info/entry_points.txt
[0.661s] writing requirements to rse_nonparametric_filters.egg-info/requires.txt
[0.661s] writing top-level names to rse_nonparametric_filters.egg-info/top_level.txt
[0.662s] reading manifest file 'rse_nonparametric_filters.egg-info/SOURCES.txt'
[0.663s] writing manifest file 'rse_nonparametric_filters.egg-info/SOURCES.txt'
[0.663s] running build_ext
[0.663s] Creating /home/jjy/ros2_ws/install/rse_nonparametric_filters/lib/python3.10/site-packages/rse-nonparametric-filters.egg-link (link to .)
[0.664s] Installing pf_estimation_3d script to /home/jjy/ros2_ws/install/rse_nonparametric_filters/lib/rse_nonparametric_filters
[0.664s] Installing pf_estimation_8d script to /home/jjy/ros2_ws/install/rse_nonparametric_filters/lib/rse_nonparametric_filters
[0.664s] 
[0.664s] Installed /home/jjy/ros2_ws/build/rse_nonparametric_filters
[0.664s] running symlink_data
[0.664s] symbolically linking /home/jjy/ros2_ws/build/rse_nonparametric_filters/resource/rse_nonparametric_filters -> /home/jjy/ros2_ws/install/rse_nonparametric_filters/share/ament_index/resource_index/packages
[0.664s] symbolically linking /home/jjy/ros2_ws/build/rse_nonparametric_filters/package.xml -> /home/jjy/ros2_ws/install/rse_nonparametric_filters/share/rse_nonparametric_filters
[0.681s] Invoked command in '/home/jjy/ros2_ws/build/rse_nonparametric_filters' returned '0': PYTHONPATH=/home/jjy/ros2_ws/build/rse_nonparametric_filters/prefix_override:/usr/lib/python3/dist-packages/colcon_core/task/python/colcon_distutils_commands:/home/jjy/ros2_ws/install/rse_nonparametric_filters/lib/python3.10/site-packages:${PYTHONPATH} /usr/bin/python3 -W ignore:setup.py install is deprecated -W ignore:easy_install command is deprecated setup.py develop --editable --build-directory /home/jjy/ros2_ws/build/rse_nonparametric_filters/build --no-deps symlink_data --force
