[0.653s] Invoking command in '/home/jjy/ros2_ws/build/rse_gaussian_filters': AMENT_PREFIX_PATH=/home/jjy/ros2_ws/install/rse_common_utils:/home/jjy/ros2_ws/install/rse_observation_models:/home/jjy/ros2_ws/install/rse_motion_models:${AMENT_PREFIX_PATH} PYTHONPATH=/home/jjy/ros2_ws/build/rse_gaussian_filters/prefix_override:/usr/lib/python3/dist-packages/colcon_core/task/python/colcon_distutils_commands:/home/jjy/ros2_ws/install/rse_gaussian_filters/lib/python3.10/site-packages:/home/jjy/ros2_ws/build/rse_common_utils:/home/jjy/ros2_ws/install/rse_common_utils/lib/python3.10/site-packages:/home/jjy/ros2_ws/build/rse_observation_models:/home/jjy/ros2_ws/install/rse_observation_models/lib/python3.10/site-packages:/home/jjy/ros2_ws/build/rse_motion_models:/home/jjy/ros2_ws/install/rse_motion_models/lib/python3.10/site-packages:${PYTHONPATH} /usr/bin/python3 -W ignore:setup.py install is deprecated -W ignore:easy_install command is deprecated setup.py develop --editable --build-directory /home/jjy/ros2_ws/build/rse_gaussian_filters/build --no-deps symlink_data
[0.825s] running develop
[0.940s] running egg_info
[0.940s] creating rse_gaussian_filters.egg-info
[0.941s] writing rse_gaussian_filters.egg-info/PKG-INFO
[0.941s] writing dependency_links to rse_gaussian_filters.egg-info/dependency_links.txt
[0.941s] writing entry points to rse_gaussian_filters.egg-info/entry_points.txt
[0.941s] writing requirements to rse_gaussian_filters.egg-info/requires.txt
[0.941s] writing top-level names to rse_gaussian_filters.egg-info/top_level.txt
[0.941s] writing manifest file 'rse_gaussian_filters.egg-info/SOURCES.txt'
[0.942s] reading manifest file 'rse_gaussian_filters.egg-info/SOURCES.txt'
[0.942s] writing manifest file 'rse_gaussian_filters.egg-info/SOURCES.txt'
[0.943s] running build_ext
[0.943s] Creating /home/jjy/ros2_ws/install/rse_gaussian_filters/lib/python3.10/site-packages/rse-gaussian-filters.egg-link (link to .)
[0.944s] Installing einf_estimation_3d_v1 script to /home/jjy/ros2_ws/install/rse_gaussian_filters/lib/rse_gaussian_filters
[0.944s] Installing einf_estimation_3d_v2 script to /home/jjy/ros2_ws/install/rse_gaussian_filters/lib/rse_gaussian_filters
[0.944s] Installing einf_estimation_7d script to /home/jjy/ros2_ws/install/rse_gaussian_filters/lib/rse_gaussian_filters
[0.945s] Installing einf_estimation_8d script to /home/jjy/ros2_ws/install/rse_gaussian_filters/lib/rse_gaussian_filters
[0.945s] Installing ekf_estimation_3d_v1 script to /home/jjy/ros2_ws/install/rse_gaussian_filters/lib/rse_gaussian_filters
[0.945s] Installing ekf_estimation_3d_v2 script to /home/jjy/ros2_ws/install/rse_gaussian_filters/lib/rse_gaussian_filters
[0.945s] Installing ekf_estimation_7d script to /home/jjy/ros2_ws/install/rse_gaussian_filters/lib/rse_gaussian_filters
[0.945s] Installing ekf_estimation_8d script to /home/jjy/ros2_ws/install/rse_gaussian_filters/lib/rse_gaussian_filters
[0.945s] Installing inf_estimation_3d script to /home/jjy/ros2_ws/install/rse_gaussian_filters/lib/rse_gaussian_filters
[0.945s] Installing kf_estimation_3d script to /home/jjy/ros2_ws/install/rse_gaussian_filters/lib/rse_gaussian_filters
[0.946s] Installing ukf_estimation_3d_v1 script to /home/jjy/ros2_ws/install/rse_gaussian_filters/lib/rse_gaussian_filters
[0.946s] Installing ukf_estimation_3d_v2 script to /home/jjy/ros2_ws/install/rse_gaussian_filters/lib/rse_gaussian_filters
[0.946s] Installing ukf_estimation_7d script to /home/jjy/ros2_ws/install/rse_gaussian_filters/lib/rse_gaussian_filters
[0.946s] Installing ukf_estimation_8d script to /home/jjy/ros2_ws/install/rse_gaussian_filters/lib/rse_gaussian_filters
[0.946s] 
[0.946s] Installed /home/jjy/ros2_ws/build/rse_gaussian_filters
[0.946s] running symlink_data
[0.946s] creating /home/jjy/ros2_ws/install/rse_gaussian_filters/share/ament_index
[0.946s] creating /home/jjy/ros2_ws/install/rse_gaussian_filters/share/ament_index/resource_index
[0.947s] creating /home/jjy/ros2_ws/install/rse_gaussian_filters/share/ament_index/resource_index/packages
[0.947s] symbolically linking /home/jjy/ros2_ws/build/rse_gaussian_filters/resource/rse_gaussian_filters -> /home/jjy/ros2_ws/install/rse_gaussian_filters/share/ament_index/resource_index/packages
[0.947s] symbolically linking /home/jjy/ros2_ws/build/rse_gaussian_filters/package.xml -> /home/jjy/ros2_ws/install/rse_gaussian_filters/share/rse_gaussian_filters
[0.947s] symbolically linking /home/jjy/ros2_ws/build/rse_gaussian_filters/launch/rviz_launch.launch.py -> /home/jjy/ros2_ws/install/rse_gaussian_filters/share/rse_gaussian_filters
[0.947s] symbolically linking /home/jjy/ros2_ws/build/rse_gaussian_filters/rviz/kalman.rviz -> /home/jjy/ros2_ws/install/rse_gaussian_filters/share/rse_gaussian_filters
[0.947s] symbolically linking /home/jjy/ros2_ws/build/rse_gaussian_filters/rviz/kalman_robot_localization.rviz -> /home/jjy/ros2_ws/install/rse_gaussian_filters/share/rse_gaussian_filters
[0.947s] symbolically linking /home/jjy/ros2_ws/build/rse_gaussian_filters/urdf/shl_robot.urdf -> /home/jjy/ros2_ws/install/rse_gaussian_filters/share/rse_gaussian_filters
[0.947s] symbolically linking /home/jjy/ros2_ws/build/rse_gaussian_filters/urdf/zed2.stl -> /home/jjy/ros2_ws/install/rse_gaussian_filters/share/rse_gaussian_filters
[0.960s] Invoked command in '/home/jjy/ros2_ws/build/rse_gaussian_filters' returned '0': AMENT_PREFIX_PATH=/home/jjy/ros2_ws/install/rse_common_utils:/home/jjy/ros2_ws/install/rse_observation_models:/home/jjy/ros2_ws/install/rse_motion_models:${AMENT_PREFIX_PATH} PYTHONPATH=/home/jjy/ros2_ws/build/rse_gaussian_filters/prefix_override:/usr/lib/python3/dist-packages/colcon_core/task/python/colcon_distutils_commands:/home/jjy/ros2_ws/install/rse_gaussian_filters/lib/python3.10/site-packages:/home/jjy/ros2_ws/build/rse_common_utils:/home/jjy/ros2_ws/install/rse_common_utils/lib/python3.10/site-packages:/home/jjy/ros2_ws/build/rse_observation_models:/home/jjy/ros2_ws/install/rse_observation_models/lib/python3.10/site-packages:/home/jjy/ros2_ws/build/rse_motion_models:/home/jjy/ros2_ws/install/rse_motion_models/lib/python3.10/site-packages:${PYTHONPATH} /usr/bin/python3 -W ignore:setup.py install is deprecated -W ignore:easy_install command is deprecated setup.py develop --editable --build-directory /home/jjy/ros2_ws/build/rse_gaussian_filters/build --no-deps symlink_data
