running develop
Removing /home/jjy/ros2_ws/install/rse_common_utils/lib/python3.10/site-packages/rse-common-utils.egg-link (link to .)
running egg_info
writing ../../../build/rse_common_utils/rse_common_utils.egg-info/PKG-INFO
writing dependency_links to ../../../build/rse_common_utils/rse_common_utils.egg-info/dependency_links.txt
writing entry points to ../../../build/rse_common_utils/rse_common_utils.egg-info/entry_points.txt
writing requirements to ../../../build/rse_common_utils/rse_common_utils.egg-info/requires.txt
writing top-level names to ../../../build/rse_common_utils/rse_common_utils.egg-info/top_level.txt
reading manifest file '../../../build/rse_common_utils/rse_common_utils.egg-info/SOURCES.txt'
writing manifest file '../../../build/rse_common_utils/rse_common_utils.egg-info/SOURCES.txt'
running build
running build_py
creating /home/jjy/ros2_ws/build/rse_common_utils/build
creating /home/jjy/ros2_ws/build/rse_common_utils/build/lib
creating /home/jjy/ros2_ws/build/rse_common_utils/build/lib/rse_common_utils
copying rse_common_utils/jacobians_odom_imu.py -> /home/jjy/ros2_ws/build/rse_common_utils/build/lib/rse_common_utils
copying rse_common_utils/helper_utils.py -> /home/jjy/ros2_ws/build/rse_common_utils/build/lib/rse_common_utils
copying rse_common_utils/visualization.py -> /home/jjy/ros2_ws/build/rse_common_utils/build/lib/rse_common_utils
copying rse_common_utils/plot_jacobians.py -> /home/jjy/ros2_ws/build/rse_common_utils/build/lib/rse_common_utils
copying rse_common_utils/sensor_utils.py -> /home/jjy/ros2_ws/build/rse_common_utils/build/lib/rse_common_utils
copying rse_common_utils/jacobians.py -> /home/jjy/ros2_ws/build/rse_common_utils/build/lib/rse_common_utils
copying rse_common_utils/__init__.py -> /home/jjy/ros2_ws/build/rse_common_utils/build/lib/rse_common_utils
copying rse_common_utils/jacobians_odom.py -> /home/jjy/ros2_ws/build/rse_common_utils/build/lib/rse_common_utils
copying rse_common_utils/sampling_utils.py -> /home/jjy/ros2_ws/build/rse_common_utils/build/lib/rse_common_utils
copying rse_common_utils/visualization_3D.py -> /home/jjy/ros2_ws/build/rse_common_utils/build/lib/rse_common_utils
running install
running install_lib
creating /home/jjy/ros2_ws/install/rse_common_utils/lib/python3.10/site-packages/rse_common_utils
copying /home/jjy/ros2_ws/build/rse_common_utils/build/lib/rse_common_utils/jacobians_odom_imu.py -> /home/jjy/ros2_ws/install/rse_common_utils/lib/python3.10/site-packages/rse_common_utils
copying /home/jjy/ros2_ws/build/rse_common_utils/build/lib/rse_common_utils/helper_utils.py -> /home/jjy/ros2_ws/install/rse_common_utils/lib/python3.10/site-packages/rse_common_utils
copying /home/jjy/ros2_ws/build/rse_common_utils/build/lib/rse_common_utils/visualization.py -> /home/jjy/ros2_ws/install/rse_common_utils/lib/python3.10/site-packages/rse_common_utils
copying /home/jjy/ros2_ws/build/rse_common_utils/build/lib/rse_common_utils/plot_jacobians.py -> /home/jjy/ros2_ws/install/rse_common_utils/lib/python3.10/site-packages/rse_common_utils
copying /home/jjy/ros2_ws/build/rse_common_utils/build/lib/rse_common_utils/sensor_utils.py -> /home/jjy/ros2_ws/install/rse_common_utils/lib/python3.10/site-packages/rse_common_utils
copying /home/jjy/ros2_ws/build/rse_common_utils/build/lib/rse_common_utils/jacobians.py -> /home/jjy/ros2_ws/install/rse_common_utils/lib/python3.10/site-packages/rse_common_utils
copying /home/jjy/ros2_ws/build/rse_common_utils/build/lib/rse_common_utils/__init__.py -> /home/jjy/ros2_ws/install/rse_common_utils/lib/python3.10/site-packages/rse_common_utils
copying /home/jjy/ros2_ws/build/rse_common_utils/build/lib/rse_common_utils/jacobians_odom.py -> /home/jjy/ros2_ws/install/rse_common_utils/lib/python3.10/site-packages/rse_common_utils
copying /home/jjy/ros2_ws/build/rse_common_utils/build/lib/rse_common_utils/sampling_utils.py -> /home/jjy/ros2_ws/install/rse_common_utils/lib/python3.10/site-packages/rse_common_utils
copying /home/jjy/ros2_ws/build/rse_common_utils/build/lib/rse_common_utils/visualization_3D.py -> /home/jjy/ros2_ws/install/rse_common_utils/lib/python3.10/site-packages/rse_common_utils
byte-compiling /home/jjy/ros2_ws/install/rse_common_utils/lib/python3.10/site-packages/rse_common_utils/jacobians_odom_imu.py to jacobians_odom_imu.cpython-310.pyc
byte-compiling /home/jjy/ros2_ws/install/rse_common_utils/lib/python3.10/site-packages/rse_common_utils/helper_utils.py to helper_utils.cpython-310.pyc
byte-compiling /home/jjy/ros2_ws/install/rse_common_utils/lib/python3.10/site-packages/rse_common_utils/visualization.py to visualization.cpython-310.pyc
byte-compiling /home/jjy/ros2_ws/install/rse_common_utils/lib/python3.10/site-packages/rse_common_utils/plot_jacobians.py to plot_jacobians.cpython-310.pyc
byte-compiling /home/jjy/ros2_ws/install/rse_common_utils/lib/python3.10/site-packages/rse_common_utils/sensor_utils.py to sensor_utils.cpython-310.pyc
byte-compiling /home/jjy/ros2_ws/install/rse_common_utils/lib/python3.10/site-packages/rse_common_utils/jacobians.py to jacobians.cpython-310.pyc
byte-compiling /home/jjy/ros2_ws/install/rse_common_utils/lib/python3.10/site-packages/rse_common_utils/__init__.py to __init__.cpython-310.pyc
byte-compiling /home/jjy/ros2_ws/install/rse_common_utils/lib/python3.10/site-packages/rse_common_utils/jacobians_odom.py to jacobians_odom.cpython-310.pyc
byte-compiling /home/jjy/ros2_ws/install/rse_common_utils/lib/python3.10/site-packages/rse_common_utils/sampling_utils.py to sampling_utils.cpython-310.pyc
byte-compiling /home/jjy/ros2_ws/install/rse_common_utils/lib/python3.10/site-packages/rse_common_utils/visualization_3D.py to visualization_3D.cpython-310.pyc
running install_data
copying resource/rse_common_utils -> /home/jjy/ros2_ws/install/rse_common_utils/share/ament_index/resource_index/packages
copying package.xml -> /home/jjy/ros2_ws/install/rse_common_utils/share/rse_common_utils
running install_egg_info
Copying ../../../build/rse_common_utils/rse_common_utils.egg-info to /home/jjy/ros2_ws/install/rse_common_utils/lib/python3.10/site-packages/rse_common_utils-0.0.0-py3.10.egg-info
running install_scripts
writing list of installed files to '/home/jjy/ros2_ws/build/rse_common_utils/install.log'
