[0.315s] Invoking command in '/home/jjy/ros2_ws/build/rse_common_utils': AMENT_PREFIX_PATH=/home/jjy/ros2_ws/install/rse_observation_models:/home/jjy/ros2_ws/install/rse_motion_models:${AMENT_PREFIX_PATH} PYTHONPATH=/home/jjy/ros2_ws/build/rse_common_utils/prefix_override:/usr/lib/python3/dist-packages/colcon_core/task/python/colcon_distutils_commands:/home/jjy/ros2_ws/install/rse_common_utils/lib/python3.10/site-packages:/home/jjy/ros2_ws/install/rse_observation_models/lib/python3.10/site-packages:/home/jjy/ros2_ws/install/rse_motion_models/lib/python3.10/site-packages:${PYTHONPATH} /usr/bin/python3 -W ignore:setup.py install is deprecated -W ignore:easy_install command is deprecated setup.py develop --uninstall --editable --build-directory /home/jjy/ros2_ws/build/rse_common_utils/build
[0.442s] running develop
[0.515s] Removing /home/jjy/ros2_ws/install/rse_common_utils/lib/python3.10/site-packages/rse-common-utils.egg-link (link to .)
[0.527s] Invoked command in '/home/jjy/ros2_ws/build/rse_common_utils' returned '0': AMENT_PREFIX_PATH=/home/jjy/ros2_ws/install/rse_observation_models:/home/jjy/ros2_ws/install/rse_motion_models:${AMENT_PREFIX_PATH} PYTHONPATH=/home/jjy/ros2_ws/build/rse_common_utils/prefix_override:/usr/lib/python3/dist-packages/colcon_core/task/python/colcon_distutils_commands:/home/jjy/ros2_ws/install/rse_common_utils/lib/python3.10/site-packages:/home/jjy/ros2_ws/install/rse_observation_models/lib/python3.10/site-packages:/home/jjy/ros2_ws/install/rse_motion_models/lib/python3.10/site-packages:${PYTHONPATH} /usr/bin/python3 -W ignore:setup.py install is deprecated -W ignore:easy_install command is deprecated setup.py develop --uninstall --editable --build-directory /home/jjy/ros2_ws/build/rse_common_utils/build
[0.528s] Invoking command in '/home/jjy/ros2_ws/src/rse_prob_robotics/rse_common_utils': AMENT_PREFIX_PATH=/home/jjy/ros2_ws/install/rse_observation_models:/home/jjy/ros2_ws/install/rse_motion_models:${AMENT_PREFIX_PATH} PYTHONPATH=/home/jjy/ros2_ws/build/rse_common_utils/prefix_override:/usr/lib/python3/dist-packages/colcon_core/task/python/colcon_distutils_commands:/home/jjy/ros2_ws/install/rse_common_utils/lib/python3.10/site-packages:/home/jjy/ros2_ws/install/rse_observation_models/lib/python3.10/site-packages:/home/jjy/ros2_ws/install/rse_motion_models/lib/python3.10/site-packages:${PYTHONPATH} /usr/bin/python3 -W ignore:setup.py install is deprecated -W ignore:easy_install command is deprecated setup.py egg_info --egg-base ../../../build/rse_common_utils build --build-base /home/jjy/ros2_ws/build/rse_common_utils/build install --record /home/jjy/ros2_ws/build/rse_common_utils/install.log --single-version-externally-managed install_data --force
[0.644s] running egg_info
[0.644s] writing ../../../build/rse_common_utils/rse_common_utils.egg-info/PKG-INFO
[0.644s] writing dependency_links to ../../../build/rse_common_utils/rse_common_utils.egg-info/dependency_links.txt
[0.644s] writing entry points to ../../../build/rse_common_utils/rse_common_utils.egg-info/entry_points.txt
[0.644s] writing requirements to ../../../build/rse_common_utils/rse_common_utils.egg-info/requires.txt
[0.644s] writing top-level names to ../../../build/rse_common_utils/rse_common_utils.egg-info/top_level.txt
[0.645s] reading manifest file '../../../build/rse_common_utils/rse_common_utils.egg-info/SOURCES.txt'
[0.646s] writing manifest file '../../../build/rse_common_utils/rse_common_utils.egg-info/SOURCES.txt'
[0.646s] running build
[0.646s] running build_py
[0.646s] creating /home/jjy/ros2_ws/build/rse_common_utils/build
[0.646s] creating /home/jjy/ros2_ws/build/rse_common_utils/build/lib
[0.646s] creating /home/jjy/ros2_ws/build/rse_common_utils/build/lib/rse_common_utils
[0.646s] copying rse_common_utils/jacobians_odom_imu.py -> /home/jjy/ros2_ws/build/rse_common_utils/build/lib/rse_common_utils
[0.646s] copying rse_common_utils/helper_utils.py -> /home/jjy/ros2_ws/build/rse_common_utils/build/lib/rse_common_utils
[0.646s] copying rse_common_utils/visualization.py -> /home/jjy/ros2_ws/build/rse_common_utils/build/lib/rse_common_utils
[0.646s] copying rse_common_utils/plot_jacobians.py -> /home/jjy/ros2_ws/build/rse_common_utils/build/lib/rse_common_utils
[0.646s] copying rse_common_utils/sensor_utils.py -> /home/jjy/ros2_ws/build/rse_common_utils/build/lib/rse_common_utils
[0.646s] copying rse_common_utils/jacobians.py -> /home/jjy/ros2_ws/build/rse_common_utils/build/lib/rse_common_utils
[0.646s] copying rse_common_utils/__init__.py -> /home/jjy/ros2_ws/build/rse_common_utils/build/lib/rse_common_utils
[0.646s] copying rse_common_utils/jacobians_odom.py -> /home/jjy/ros2_ws/build/rse_common_utils/build/lib/rse_common_utils
[0.646s] copying rse_common_utils/sampling_utils.py -> /home/jjy/ros2_ws/build/rse_common_utils/build/lib/rse_common_utils
[0.646s] copying rse_common_utils/visualization_3D.py -> /home/jjy/ros2_ws/build/rse_common_utils/build/lib/rse_common_utils
[0.646s] running install
[0.646s] running install_lib
[0.647s] creating /home/jjy/ros2_ws/install/rse_common_utils/lib/python3.10/site-packages/rse_common_utils
[0.647s] copying /home/jjy/ros2_ws/build/rse_common_utils/build/lib/rse_common_utils/jacobians_odom_imu.py -> /home/jjy/ros2_ws/install/rse_common_utils/lib/python3.10/site-packages/rse_common_utils
[0.647s] copying /home/jjy/ros2_ws/build/rse_common_utils/build/lib/rse_common_utils/helper_utils.py -> /home/jjy/ros2_ws/install/rse_common_utils/lib/python3.10/site-packages/rse_common_utils
[0.647s] copying /home/jjy/ros2_ws/build/rse_common_utils/build/lib/rse_common_utils/visualization.py -> /home/jjy/ros2_ws/install/rse_common_utils/lib/python3.10/site-packages/rse_common_utils
[0.647s] copying /home/jjy/ros2_ws/build/rse_common_utils/build/lib/rse_common_utils/plot_jacobians.py -> /home/jjy/ros2_ws/install/rse_common_utils/lib/python3.10/site-packages/rse_common_utils
[0.647s] copying /home/jjy/ros2_ws/build/rse_common_utils/build/lib/rse_common_utils/sensor_utils.py -> /home/jjy/ros2_ws/install/rse_common_utils/lib/python3.10/site-packages/rse_common_utils
[0.647s] copying /home/jjy/ros2_ws/build/rse_common_utils/build/lib/rse_common_utils/jacobians.py -> /home/jjy/ros2_ws/install/rse_common_utils/lib/python3.10/site-packages/rse_common_utils
[0.647s] copying /home/jjy/ros2_ws/build/rse_common_utils/build/lib/rse_common_utils/__init__.py -> /home/jjy/ros2_ws/install/rse_common_utils/lib/python3.10/site-packages/rse_common_utils
[0.647s] copying /home/jjy/ros2_ws/build/rse_common_utils/build/lib/rse_common_utils/jacobians_odom.py -> /home/jjy/ros2_ws/install/rse_common_utils/lib/python3.10/site-packages/rse_common_utils
[0.647s] copying /home/jjy/ros2_ws/build/rse_common_utils/build/lib/rse_common_utils/sampling_utils.py -> /home/jjy/ros2_ws/install/rse_common_utils/lib/python3.10/site-packages/rse_common_utils
[0.647s] copying /home/jjy/ros2_ws/build/rse_common_utils/build/lib/rse_common_utils/visualization_3D.py -> /home/jjy/ros2_ws/install/rse_common_utils/lib/python3.10/site-packages/rse_common_utils
[0.647s] byte-compiling /home/jjy/ros2_ws/install/rse_common_utils/lib/python3.10/site-packages/rse_common_utils/jacobians_odom_imu.py to jacobians_odom_imu.cpython-310.pyc
[0.648s] byte-compiling /home/jjy/ros2_ws/install/rse_common_utils/lib/python3.10/site-packages/rse_common_utils/helper_utils.py to helper_utils.cpython-310.pyc
[0.648s] byte-compiling /home/jjy/ros2_ws/install/rse_common_utils/lib/python3.10/site-packages/rse_common_utils/visualization.py to visualization.cpython-310.pyc
[0.649s] byte-compiling /home/jjy/ros2_ws/install/rse_common_utils/lib/python3.10/site-packages/rse_common_utils/plot_jacobians.py to plot_jacobians.cpython-310.pyc
[0.649s] byte-compiling /home/jjy/ros2_ws/install/rse_common_utils/lib/python3.10/site-packages/rse_common_utils/sensor_utils.py to sensor_utils.cpython-310.pyc
[0.650s] byte-compiling /home/jjy/ros2_ws/install/rse_common_utils/lib/python3.10/site-packages/rse_common_utils/jacobians.py to jacobians.cpython-310.pyc
[0.651s] byte-compiling /home/jjy/ros2_ws/install/rse_common_utils/lib/python3.10/site-packages/rse_common_utils/__init__.py to __init__.cpython-310.pyc
[0.651s] byte-compiling /home/jjy/ros2_ws/install/rse_common_utils/lib/python3.10/site-packages/rse_common_utils/jacobians_odom.py to jacobians_odom.cpython-310.pyc
[0.651s] byte-compiling /home/jjy/ros2_ws/install/rse_common_utils/lib/python3.10/site-packages/rse_common_utils/sampling_utils.py to sampling_utils.cpython-310.pyc
[0.651s] byte-compiling /home/jjy/ros2_ws/install/rse_common_utils/lib/python3.10/site-packages/rse_common_utils/visualization_3D.py to visualization_3D.cpython-310.pyc
[0.652s] running install_data
[0.652s] copying resource/rse_common_utils -> /home/jjy/ros2_ws/install/rse_common_utils/share/ament_index/resource_index/packages
[0.652s] copying package.xml -> /home/jjy/ros2_ws/install/rse_common_utils/share/rse_common_utils
[0.652s] running install_egg_info
[0.653s] Copying ../../../build/rse_common_utils/rse_common_utils.egg-info to /home/jjy/ros2_ws/install/rse_common_utils/lib/python3.10/site-packages/rse_common_utils-0.0.0-py3.10.egg-info
[0.653s] running install_scripts
[0.663s] writing list of installed files to '/home/jjy/ros2_ws/build/rse_common_utils/install.log'
[0.675s] Invoked command in '/home/jjy/ros2_ws/src/rse_prob_robotics/rse_common_utils' returned '0': AMENT_PREFIX_PATH=/home/jjy/ros2_ws/install/rse_observation_models:/home/jjy/ros2_ws/install/rse_motion_models:${AMENT_PREFIX_PATH} PYTHONPATH=/home/jjy/ros2_ws/build/rse_common_utils/prefix_override:/usr/lib/python3/dist-packages/colcon_core/task/python/colcon_distutils_commands:/home/jjy/ros2_ws/install/rse_common_utils/lib/python3.10/site-packages:/home/jjy/ros2_ws/install/rse_observation_models/lib/python3.10/site-packages:/home/jjy/ros2_ws/install/rse_motion_models/lib/python3.10/site-packages:${PYTHONPATH} /usr/bin/python3 -W ignore:setup.py install is deprecated -W ignore:easy_install command is deprecated setup.py egg_info --egg-base ../../../build/rse_common_utils build --build-base /home/jjy/ros2_ws/build/rse_common_utils/build install --record /home/jjy/ros2_ws/build/rse_common_utils/install.log --single-version-externally-managed install_data --force
