[0.996s] Invoking command in '/home/jjy/ros2_ws/src/rse_prob_robotics/rse_observation_models': PYTHONPATH=/home/jjy/ros2_ws/build/rse_observation_models/prefix_override:/usr/lib/python3/dist-packages/colcon_core/task/python/colcon_distutils_commands:/home/jjy/ros2_ws/install/rse_observation_models/lib/python3.10/site-packages:${PYTHONPATH} /usr/bin/python3 -W ignore:setup.py install is deprecated -W ignore:easy_install command is deprecated setup.py egg_info --egg-base ../../../build/rse_observation_models build --build-base /home/jjy/ros2_ws/build/rse_observation_models/build install --record /home/jjy/ros2_ws/build/rse_observation_models/install.log --single-version-externally-managed install_data
[1.124s] running egg_info
[1.124s] writing ../../../build/rse_observation_models/rse_observation_models.egg-info/PKG-INFO
[1.124s] writing dependency_links to ../../../build/rse_observation_models/rse_observation_models.egg-info/dependency_links.txt
[1.124s] writing entry points to ../../../build/rse_observation_models/rse_observation_models.egg-info/entry_points.txt
[1.125s] writing requirements to ../../../build/rse_observation_models/rse_observation_models.egg-info/requires.txt
[1.125s] writing top-level names to ../../../build/rse_observation_models/rse_observation_models.egg-info/top_level.txt
[1.125s] reading manifest file '../../../build/rse_observation_models/rse_observation_models.egg-info/SOURCES.txt'
[1.126s] writing manifest file '../../../build/rse_observation_models/rse_observation_models.egg-info/SOURCES.txt'
[1.126s] running build
[1.126s] running build_py
[1.126s] running install
[1.126s] running install_lib
[1.128s] running install_data
[1.128s] running install_egg_info
[1.129s] removing '/home/jjy/ros2_ws/install/rse_observation_models/lib/python3.10/site-packages/rse_observation_models-0.0.0-py3.10.egg-info' (and everything under it)
[1.129s] Copying ../../../build/rse_observation_models/rse_observation_models.egg-info to /home/jjy/ros2_ws/install/rse_observation_models/lib/python3.10/site-packages/rse_observation_models-0.0.0-py3.10.egg-info
[1.129s] running install_scripts
[1.142s] writing list of installed files to '/home/jjy/ros2_ws/build/rse_observation_models/install.log'
[1.166s] Invoked command in '/home/jjy/ros2_ws/src/rse_prob_robotics/rse_observation_models' returned '0': PYTHONPATH=/home/jjy/ros2_ws/build/rse_observation_models/prefix_override:/usr/lib/python3/dist-packages/colcon_core/task/python/colcon_distutils_commands:/home/jjy/ros2_ws/install/rse_observation_models/lib/python3.10/site-packages:${PYTHONPATH} /usr/bin/python3 -W ignore:setup.py install is deprecated -W ignore:easy_install command is deprecated setup.py egg_info --egg-base ../../../build/rse_observation_models build --build-base /home/jjy/ros2_ws/build/rse_observation_models/build install --record /home/jjy/ros2_ws/build/rse_observation_models/install.log --single-version-externally-managed install_data
