running develop
running egg_info
creating rse_nonparametric_filters.egg-info
writing rse_nonparametric_filters.egg-info/PKG-INFO
writing dependency_links to rse_nonparametric_filters.egg-info/dependency_links.txt
writing entry points to rse_nonparametric_filters.egg-info/entry_points.txt
writing requirements to rse_nonparametric_filters.egg-info/requires.txt
writing top-level names to rse_nonparametric_filters.egg-info/top_level.txt
writing manifest file 'rse_nonparametric_filters.egg-info/SOURCES.txt'
reading manifest file 'rse_nonparametric_filters.egg-info/SOURCES.txt'
writing manifest file 'rse_nonparametric_filters.egg-info/SOURCES.txt'
running build_ext
Creating /home/jjy/ros2_ws/install/rse_nonparametric_filters/lib/python3.10/site-packages/rse-nonparametric-filters.egg-link (link to .)
Installing pf_estimation_3d script to /home/jjy/ros2_ws/install/rse_nonparametric_filters/lib/rse_nonparametric_filters
Installing pf_estimation_8d script to /home/jjy/ros2_ws/install/rse_nonparametric_filters/lib/rse_nonparametric_filters

Installed /home/jjy/ros2_ws/build/rse_nonparametric_filters
running symlink_data
creating /home/jjy/ros2_ws/install/rse_nonparametric_filters/share/ament_index
creating /home/jjy/ros2_ws/install/rse_nonparametric_filters/share/ament_index/resource_index
creating /home/jjy/ros2_ws/install/rse_nonparametric_filters/share/ament_index/resource_index/packages
symbolically linking /home/jjy/ros2_ws/build/rse_nonparametric_filters/resource/rse_nonparametric_filters -> /home/jjy/ros2_ws/install/rse_nonparametric_filters/share/ament_index/resource_index/packages
symbolically linking /home/jjy/ros2_ws/build/rse_nonparametric_filters/package.xml -> /home/jjy/ros2_ws/install/rse_nonparametric_filters/share/rse_nonparametric_filters
