[1.405s] Invoking command in '/home/jjy/ros2_ws/build/rse_nonparametric_filters': PYTHONPATH=/home/jjy/ros2_ws/build/rse_nonparametric_filters/prefix_override:/usr/lib/python3/dist-packages/colcon_core/task/python/colcon_distutils_commands:/home/jjy/ros2_ws/install/rse_nonparametric_filters/lib/python3.10/site-packages:${PYTHONPATH} /usr/bin/python3 -W ignore:setup.py install is deprecated -W ignore:easy_install command is deprecated setup.py develop --editable --build-directory /home/jjy/ros2_ws/build/rse_nonparametric_filters/build --no-deps symlink_data
[1.621s] running develop
[1.764s] running egg_info
[1.765s] creating rse_nonparametric_filters.egg-info
[1.765s] writing rse_nonparametric_filters.egg-info/PKG-INFO
[1.765s] writing dependency_links to rse_nonparametric_filters.egg-info/dependency_links.txt
[1.765s] writing entry points to rse_nonparametric_filters.egg-info/entry_points.txt
[1.765s] writing requirements to rse_nonparametric_filters.egg-info/requires.txt
[1.765s] writing top-level names to rse_nonparametric_filters.egg-info/top_level.txt
[1.766s] writing manifest file 'rse_nonparametric_filters.egg-info/SOURCES.txt'
[1.767s] reading manifest file 'rse_nonparametric_filters.egg-info/SOURCES.txt'
[1.767s] writing manifest file 'rse_nonparametric_filters.egg-info/SOURCES.txt'
[1.767s] running build_ext
[1.768s] Creating /home/jjy/ros2_ws/install/rse_nonparametric_filters/lib/python3.10/site-packages/rse-nonparametric-filters.egg-link (link to .)
[1.768s] Installing pf_estimation_3d script to /home/jjy/ros2_ws/install/rse_nonparametric_filters/lib/rse_nonparametric_filters
[1.769s] Installing pf_estimation_8d script to /home/jjy/ros2_ws/install/rse_nonparametric_filters/lib/rse_nonparametric_filters
[1.769s] 
[1.769s] Installed /home/jjy/ros2_ws/build/rse_nonparametric_filters
[1.769s] running symlink_data
[1.769s] creating /home/jjy/ros2_ws/install/rse_nonparametric_filters/share/ament_index
[1.769s] creating /home/jjy/ros2_ws/install/rse_nonparametric_filters/share/ament_index/resource_index
[1.770s] creating /home/jjy/ros2_ws/install/rse_nonparametric_filters/share/ament_index/resource_index/packages
[1.770s] symbolically linking /home/jjy/ros2_ws/build/rse_nonparametric_filters/resource/rse_nonparametric_filters -> /home/jjy/ros2_ws/install/rse_nonparametric_filters/share/ament_index/resource_index/packages
[1.770s] symbolically linking /home/jjy/ros2_ws/build/rse_nonparametric_filters/package.xml -> /home/jjy/ros2_ws/install/rse_nonparametric_filters/share/rse_nonparametric_filters
[1.806s] Invoked command in '/home/jjy/ros2_ws/build/rse_nonparametric_filters' returned '0': PYTHONPATH=/home/jjy/ros2_ws/build/rse_nonparametric_filters/prefix_override:/usr/lib/python3/dist-packages/colcon_core/task/python/colcon_distutils_commands:/home/jjy/ros2_ws/install/rse_nonparametric_filters/lib/python3.10/site-packages:${PYTHONPATH} /usr/bin/python3 -W ignore:setup.py install is deprecated -W ignore:easy_install command is deprecated setup.py develop --editable --build-directory /home/jjy/ros2_ws/build/rse_nonparametric_filters/build --no-deps symlink_data
