running develop
running egg_info
creating rse_lidar_odometry.egg-info
writing rse_lidar_odometry.egg-info/PKG-INFO
writing dependency_links to rse_lidar_odometry.egg-info/dependency_links.txt
writing entry points to rse_lidar_odometry.egg-info/entry_points.txt
writing requirements to rse_lidar_odometry.egg-info/requires.txt
writing top-level names to rse_lidar_odometry.egg-info/top_level.txt
writing manifest file 'rse_lidar_odometry.egg-info/SOURCES.txt'
reading manifest file 'rse_lidar_odometry.egg-info/SOURCES.txt'
writing manifest file 'rse_lidar_odometry.egg-info/SOURCES.txt'
running build_ext
Creating /home/jjy/ros2_ws/install/rse_lidar_odometry/lib/python3.10/site-packages/rse-lidar-odometry.egg-link (link to .)
Installing laser_scan_odometry script to /home/jjy/ros2_ws/install/rse_lidar_odometry/lib/rse_lidar_odometry

Installed /home/jjy/ros2_ws/build/rse_lidar_odometry
running symlink_data
creating /home/jjy/ros2_ws/install/rse_lidar_odometry/share/ament_index
creating /home/jjy/ros2_ws/install/rse_lidar_odometry/share/ament_index/resource_index
creating /home/jjy/ros2_ws/install/rse_lidar_odometry/share/ament_index/resource_index/packages
symbolically linking /home/jjy/ros2_ws/build/rse_lidar_odometry/resource/rse_lidar_odometry -> /home/jjy/ros2_ws/install/rse_lidar_odometry/share/ament_index/resource_index/packages
symbolically linking /home/jjy/ros2_ws/build/rse_lidar_odometry/package.xml -> /home/jjy/ros2_ws/install/rse_lidar_odometry/share/rse_lidar_odometry
