[0.051s] DEBUG:colcon:Command line arguments: ['/usr/bin/colcon', 'build', '--packages-select', 'rse_common_utils', 'rse_gaussian_filters', '--symlink-install']
[0.051s] DEBUG:colcon:Parsed command line arguments: Namespace(log_base=None, log_level=None, verb_name='build', build_base='build', install_base='install', merge_install=False, symlink_install=True, test_result_base=None, continue_on_error=False, executor='parallel', parallel_workers=16, event_handlers=None, ignore_user_meta=False, metas=['./colcon.meta'], base_paths=['.'], packages_ignore=None, packages_ignore_regex=None, paths=None, packages_up_to=None, packages_up_to_regex=None, packages_above=None, packages_above_and_dependencies=None, packages_above_depth=None, packages_select_by_dep=None, packages_skip_by_dep=None, packages_skip_up_to=None, packages_select_build_failed=False, packages_skip_build_finished=False, packages_select_test_failures=False, packages_skip_test_passed=False, packages_select=['rse_common_utils', 'rse_gaussian_filters'], packages_skip=None, packages_select_regex=None, packages_skip_regex=None, packages_start=None, packages_end=None, allow_overriding=[], cmake_args=None, cmake_target=None, cmake_target_skip_unavailable=False, cmake_clean_cache=False, cmake_clean_first=False, cmake_force_configure=False, ament_cmake_args=None, catkin_cmake_args=None, catkin_skip_building_tests=False, verb_parser=<colcon_defaults.argument_parser.defaults.DefaultArgumentsDecorator object at 0x78e63f94d150>, verb_extension=<colcon_core.verb.build.BuildVerb object at 0x78e63f94cd00>, main=<bound method BuildVerb.main of <colcon_core.verb.build.BuildVerb object at 0x78e63f94cd00>>)
[0.130s] Level 1:colcon.colcon_core.package_discovery:discover_packages(colcon_meta) check parameters
[0.130s] Level 1:colcon.colcon_core.package_discovery:discover_packages(recursive) check parameters
[0.130s] Level 1:colcon.colcon_core.package_discovery:discover_packages(ignore) check parameters
[0.130s] Level 1:colcon.colcon_core.package_discovery:discover_packages(path) check parameters
[0.130s] Level 1:colcon.colcon_core.package_discovery:discover_packages(colcon_meta) discover
[0.130s] Level 1:colcon.colcon_core.package_discovery:discover_packages(recursive) discover
[0.130s] INFO:colcon.colcon_core.package_discovery:Crawling recursively for packages in '/home/jjy/ros2_ws'
[0.130s] Level 1:colcon.colcon_core.package_identification:_identify(.) by extensions ['ignore', 'ignore_ament_install']
[0.130s] Level 1:colcon.colcon_core.package_identification:_identify(.) by extension 'ignore'
[0.130s] Level 1:colcon.colcon_core.package_identification:_identify(.) by extension 'ignore_ament_install'
[0.130s] Level 1:colcon.colcon_core.package_identification:_identify(.) by extensions ['colcon_pkg']
[0.130s] Level 1:colcon.colcon_core.package_identification:_identify(.) by extension 'colcon_pkg'
[0.130s] Level 1:colcon.colcon_core.package_identification:_identify(.) by extensions ['colcon_meta']
[0.130s] Level 1:colcon.colcon_core.package_identification:_identify(.) by extension 'colcon_meta'
[0.130s] Level 1:colcon.colcon_core.package_identification:_identify(.) by extensions ['ros']
[0.130s] Level 1:colcon.colcon_core.package_identification:_identify(.) by extension 'ros'
[0.136s] Level 1:colcon.colcon_core.package_identification:_identify(.) by extensions ['cmake', 'python']
[0.136s] Level 1:colcon.colcon_core.package_identification:_identify(.) by extension 'cmake'
[0.136s] Level 1:colcon.colcon_core.package_identification:_identify(.) by extension 'python'
[0.136s] Level 1:colcon.colcon_core.package_identification:_identify(.) by extensions ['python_setup_py']
[0.136s] Level 1:colcon.colcon_core.package_identification:_identify(.) by extension 'python_setup_py'
[0.136s] Level 1:colcon.colcon_core.package_identification:_identify(bags) by extensions ['ignore', 'ignore_ament_install']
[0.136s] Level 1:colcon.colcon_core.package_identification:_identify(bags) by extension 'ignore'
[0.136s] Level 1:colcon.colcon_core.package_identification:_identify(bags) by extension 'ignore_ament_install'
[0.136s] Level 1:colcon.colcon_core.package_identification:_identify(bags) by extensions ['colcon_pkg']
[0.136s] Level 1:colcon.colcon_core.package_identification:_identify(bags) by extension 'colcon_pkg'
[0.136s] Level 1:colcon.colcon_core.package_identification:_identify(bags) by extensions ['colcon_meta']
[0.136s] Level 1:colcon.colcon_core.package_identification:_identify(bags) by extension 'colcon_meta'
[0.136s] Level 1:colcon.colcon_core.package_identification:_identify(bags) by extensions ['ros']
[0.136s] Level 1:colcon.colcon_core.package_identification:_identify(bags) by extension 'ros'
[0.136s] Level 1:colcon.colcon_core.package_identification:_identify(bags) by extensions ['cmake', 'python']
[0.136s] Level 1:colcon.colcon_core.package_identification:_identify(bags) by extension 'cmake'
[0.136s] Level 1:colcon.colcon_core.package_identification:_identify(bags) by extension 'python'
[0.136s] Level 1:colcon.colcon_core.package_identification:_identify(bags) by extensions ['python_setup_py']
[0.136s] Level 1:colcon.colcon_core.package_identification:_identify(bags) by extension 'python_setup_py'
[0.136s] Level 1:colcon.colcon_core.package_identification:_identify(build) by extensions ['ignore', 'ignore_ament_install']
[0.137s] Level 1:colcon.colcon_core.package_identification:_identify(build) by extension 'ignore'
[0.137s] Level 1:colcon.colcon_core.package_identification:_identify(build) ignored
[0.137s] Level 1:colcon.colcon_core.package_identification:_identify(install) by extensions ['ignore', 'ignore_ament_install']
[0.137s] Level 1:colcon.colcon_core.package_identification:_identify(install) by extension 'ignore'
[0.137s] Level 1:colcon.colcon_core.package_identification:_identify(install) ignored
[0.137s] Level 1:colcon.colcon_core.package_identification:_identify(log) by extensions ['ignore', 'ignore_ament_install']
[0.137s] Level 1:colcon.colcon_core.package_identification:_identify(log) by extension 'ignore'
[0.137s] Level 1:colcon.colcon_core.package_identification:_identify(log) ignored
[0.137s] Level 1:colcon.colcon_core.package_identification:_identify(my_data) by extensions ['ignore', 'ignore_ament_install']
[0.137s] Level 1:colcon.colcon_core.package_identification:_identify(my_data) by extension 'ignore'
[0.137s] Level 1:colcon.colcon_core.package_identification:_identify(my_data) by extension 'ignore_ament_install'
[0.137s] Level 1:colcon.colcon_core.package_identification:_identify(my_data) by extensions ['colcon_pkg']
[0.137s] Level 1:colcon.colcon_core.package_identification:_identify(my_data) by extension 'colcon_pkg'
[0.137s] Level 1:colcon.colcon_core.package_identification:_identify(my_data) by extensions ['colcon_meta']
[0.137s] Level 1:colcon.colcon_core.package_identification:_identify(my_data) by extension 'colcon_meta'
[0.137s] Level 1:colcon.colcon_core.package_identification:_identify(my_data) by extensions ['ros']
[0.137s] Level 1:colcon.colcon_core.package_identification:_identify(my_data) by extension 'ros'
[0.137s] Level 1:colcon.colcon_core.package_identification:_identify(my_data) by extensions ['cmake', 'python']
[0.137s] Level 1:colcon.colcon_core.package_identification:_identify(my_data) by extension 'cmake'
[0.137s] Level 1:colcon.colcon_core.package_identification:_identify(my_data) by extension 'python'
[0.137s] Level 1:colcon.colcon_core.package_identification:_identify(my_data) by extensions ['python_setup_py']
[0.137s] Level 1:colcon.colcon_core.package_identification:_identify(my_data) by extension 'python_setup_py'
[0.137s] Level 1:colcon.colcon_core.package_identification:_identify(sim) by extensions ['ignore', 'ignore_ament_install']
[0.137s] Level 1:colcon.colcon_core.package_identification:_identify(sim) by extension 'ignore'
[0.137s] Level 1:colcon.colcon_core.package_identification:_identify(sim) by extension 'ignore_ament_install'
[0.137s] Level 1:colcon.colcon_core.package_identification:_identify(sim) by extensions ['colcon_pkg']
[0.137s] Level 1:colcon.colcon_core.package_identification:_identify(sim) by extension 'colcon_pkg'
[0.137s] Level 1:colcon.colcon_core.package_identification:_identify(sim) by extensions ['colcon_meta']
[0.137s] Level 1:colcon.colcon_core.package_identification:_identify(sim) by extension 'colcon_meta'
[0.137s] Level 1:colcon.colcon_core.package_identification:_identify(sim) by extensions ['ros']
[0.137s] Level 1:colcon.colcon_core.package_identification:_identify(sim) by extension 'ros'
[0.137s] Level 1:colcon.colcon_core.package_identification:_identify(sim) by extensions ['cmake', 'python']
[0.137s] Level 1:colcon.colcon_core.package_identification:_identify(sim) by extension 'cmake'
[0.137s] Level 1:colcon.colcon_core.package_identification:_identify(sim) by extension 'python'
[0.137s] Level 1:colcon.colcon_core.package_identification:_identify(sim) by extensions ['python_setup_py']
[0.137s] Level 1:colcon.colcon_core.package_identification:_identify(sim) by extension 'python_setup_py'
[0.137s] Level 1:colcon.colcon_core.package_identification:_identify(sim/__pycache__) by extensions ['ignore', 'ignore_ament_install']
[0.137s] Level 1:colcon.colcon_core.package_identification:_identify(sim/__pycache__) by extension 'ignore'
[0.137s] Level 1:colcon.colcon_core.package_identification:_identify(sim/__pycache__) by extension 'ignore_ament_install'
[0.137s] Level 1:colcon.colcon_core.package_identification:_identify(sim/__pycache__) by extensions ['colcon_pkg']
[0.137s] Level 1:colcon.colcon_core.package_identification:_identify(sim/__pycache__) by extension 'colcon_pkg'
[0.137s] Level 1:colcon.colcon_core.package_identification:_identify(sim/__pycache__) by extensions ['colcon_meta']
[0.137s] Level 1:colcon.colcon_core.package_identification:_identify(sim/__pycache__) by extension 'colcon_meta'
[0.138s] Level 1:colcon.colcon_core.package_identification:_identify(sim/__pycache__) by extensions ['ros']
[0.138s] Level 1:colcon.colcon_core.package_identification:_identify(sim/__pycache__) by extension 'ros'
[0.138s] Level 1:colcon.colcon_core.package_identification:_identify(sim/__pycache__) by extensions ['cmake', 'python']
[0.138s] Level 1:colcon.colcon_core.package_identification:_identify(sim/__pycache__) by extension 'cmake'
[0.138s] Level 1:colcon.colcon_core.package_identification:_identify(sim/__pycache__) by extension 'python'
[0.138s] Level 1:colcon.colcon_core.package_identification:_identify(sim/__pycache__) by extensions ['python_setup_py']
[0.138s] Level 1:colcon.colcon_core.package_identification:_identify(sim/__pycache__) by extension 'python_setup_py'
[0.138s] Level 1:colcon.colcon_core.package_identification:_identify(src) by extensions ['ignore', 'ignore_ament_install']
[0.138s] Level 1:colcon.colcon_core.package_identification:_identify(src) by extension 'ignore'
[0.138s] Level 1:colcon.colcon_core.package_identification:_identify(src) by extension 'ignore_ament_install'
[0.138s] Level 1:colcon.colcon_core.package_identification:_identify(src) by extensions ['colcon_pkg']
[0.138s] Level 1:colcon.colcon_core.package_identification:_identify(src) by extension 'colcon_pkg'
[0.138s] Level 1:colcon.colcon_core.package_identification:_identify(src) by extensions ['colcon_meta']
[0.138s] Level 1:colcon.colcon_core.package_identification:_identify(src) by extension 'colcon_meta'
[0.138s] Level 1:colcon.colcon_core.package_identification:_identify(src) by extensions ['ros']
[0.138s] Level 1:colcon.colcon_core.package_identification:_identify(src) by extension 'ros'
[0.138s] Level 1:colcon.colcon_core.package_identification:_identify(src) by extensions ['cmake', 'python']
[0.138s] Level 1:colcon.colcon_core.package_identification:_identify(src) by extension 'cmake'
[0.138s] Level 1:colcon.colcon_core.package_identification:_identify(src) by extension 'python'
[0.138s] Level 1:colcon.colcon_core.package_identification:_identify(src) by extensions ['python_setup_py']
[0.138s] Level 1:colcon.colcon_core.package_identification:_identify(src) by extension 'python_setup_py'
[0.138s] Level 1:colcon.colcon_core.package_identification:_identify(src/rse_prob_robotics) by extensions ['ignore', 'ignore_ament_install']
[0.138s] Level 1:colcon.colcon_core.package_identification:_identify(src/rse_prob_robotics) by extension 'ignore'
[0.138s] Level 1:colcon.colcon_core.package_identification:_identify(src/rse_prob_robotics) by extension 'ignore_ament_install'
[0.138s] Level 1:colcon.colcon_core.package_identification:_identify(src/rse_prob_robotics) by extensions ['colcon_pkg']
[0.138s] Level 1:colcon.colcon_core.package_identification:_identify(src/rse_prob_robotics) by extension 'colcon_pkg'
[0.138s] Level 1:colcon.colcon_core.package_identification:_identify(src/rse_prob_robotics) by extensions ['colcon_meta']
[0.138s] Level 1:colcon.colcon_core.package_identification:_identify(src/rse_prob_robotics) by extension 'colcon_meta'
[0.138s] Level 1:colcon.colcon_core.package_identification:_identify(src/rse_prob_robotics) by extensions ['ros']
[0.138s] Level 1:colcon.colcon_core.package_identification:_identify(src/rse_prob_robotics) by extension 'ros'
[0.138s] Level 1:colcon.colcon_core.package_identification:_identify(src/rse_prob_robotics) by extensions ['cmake', 'python']
[0.138s] Level 1:colcon.colcon_core.package_identification:_identify(src/rse_prob_robotics) by extension 'cmake'
[0.138s] Level 1:colcon.colcon_core.package_identification:_identify(src/rse_prob_robotics) by extension 'python'
[0.138s] Level 1:colcon.colcon_core.package_identification:_identify(src/rse_prob_robotics) by extensions ['python_setup_py']
[0.138s] Level 1:colcon.colcon_core.package_identification:_identify(src/rse_prob_robotics) by extension 'python_setup_py'
[0.138s] Level 1:colcon.colcon_core.package_identification:_identify(src/rse_prob_robotics/log) by extensions ['ignore', 'ignore_ament_install']
[0.138s] Level 1:colcon.colcon_core.package_identification:_identify(src/rse_prob_robotics/log) by extension 'ignore'
[0.138s] Level 1:colcon.colcon_core.package_identification:_identify(src/rse_prob_robotics/log) ignored
[0.138s] Level 1:colcon.colcon_core.package_identification:_identify(src/rse_prob_robotics/maps) by extensions ['ignore', 'ignore_ament_install']
[0.138s] Level 1:colcon.colcon_core.package_identification:_identify(src/rse_prob_robotics/maps) by extension 'ignore'
[0.138s] Level 1:colcon.colcon_core.package_identification:_identify(src/rse_prob_robotics/maps) by extension 'ignore_ament_install'
[0.138s] Level 1:colcon.colcon_core.package_identification:_identify(src/rse_prob_robotics/maps) by extensions ['colcon_pkg']
[0.138s] Level 1:colcon.colcon_core.package_identification:_identify(src/rse_prob_robotics/maps) by extension 'colcon_pkg'
[0.138s] Level 1:colcon.colcon_core.package_identification:_identify(src/rse_prob_robotics/maps) by extensions ['colcon_meta']
[0.138s] Level 1:colcon.colcon_core.package_identification:_identify(src/rse_prob_robotics/maps) by extension 'colcon_meta'
[0.138s] Level 1:colcon.colcon_core.package_identification:_identify(src/rse_prob_robotics/maps) by extensions ['ros']
[0.138s] Level 1:colcon.colcon_core.package_identification:_identify(src/rse_prob_robotics/maps) by extension 'ros'
[0.138s] Level 1:colcon.colcon_core.package_identification:_identify(src/rse_prob_robotics/maps) by extensions ['cmake', 'python']
[0.138s] Level 1:colcon.colcon_core.package_identification:_identify(src/rse_prob_robotics/maps) by extension 'cmake'
[0.139s] Level 1:colcon.colcon_core.package_identification:_identify(src/rse_prob_robotics/maps) by extension 'python'
[0.139s] Level 1:colcon.colcon_core.package_identification:_identify(src/rse_prob_robotics/maps) by extensions ['python_setup_py']
[0.139s] Level 1:colcon.colcon_core.package_identification:_identify(src/rse_prob_robotics/maps) by extension 'python_setup_py'
[0.139s] Level 1:colcon.colcon_core.package_identification:_identify(src/rse_prob_robotics/rse_common_utils) by extensions ['ignore', 'ignore_ament_install']
[0.139s] Level 1:colcon.colcon_core.package_identification:_identify(src/rse_prob_robotics/rse_common_utils) by extension 'ignore'
[0.139s] Level 1:colcon.colcon_core.package_identification:_identify(src/rse_prob_robotics/rse_common_utils) by extension 'ignore_ament_install'
[0.139s] Level 1:colcon.colcon_core.package_identification:_identify(src/rse_prob_robotics/rse_common_utils) by extensions ['colcon_pkg']
[0.139s] Level 1:colcon.colcon_core.package_identification:_identify(src/rse_prob_robotics/rse_common_utils) by extension 'colcon_pkg'
[0.139s] Level 1:colcon.colcon_core.package_identification:_identify(src/rse_prob_robotics/rse_common_utils) by extensions ['colcon_meta']
[0.139s] Level 1:colcon.colcon_core.package_identification:_identify(src/rse_prob_robotics/rse_common_utils) by extension 'colcon_meta'
[0.139s] Level 1:colcon.colcon_core.package_identification:_identify(src/rse_prob_robotics/rse_common_utils) by extensions ['ros']
[0.139s] Level 1:colcon.colcon_core.package_identification:_identify(src/rse_prob_robotics/rse_common_utils) by extension 'ros'
[0.140s] DEBUG:colcon.colcon_core.package_identification:Package 'src/rse_prob_robotics/rse_common_utils' with type 'ros.ament_python' and name 'rse_common_utils'
[0.140s] Level 1:colcon.colcon_core.package_identification:_identify(src/rse_prob_robotics/rse_gaussian_filters) by extensions ['ignore', 'ignore_ament_install']
[0.140s] Level 1:colcon.colcon_core.package_identification:_identify(src/rse_prob_robotics/rse_gaussian_filters) by extension 'ignore'
[0.140s] Level 1:colcon.colcon_core.package_identification:_identify(src/rse_prob_robotics/rse_gaussian_filters) by extension 'ignore_ament_install'
[0.140s] Level 1:colcon.colcon_core.package_identification:_identify(src/rse_prob_robotics/rse_gaussian_filters) by extensions ['colcon_pkg']
[0.140s] Level 1:colcon.colcon_core.package_identification:_identify(src/rse_prob_robotics/rse_gaussian_filters) by extension 'colcon_pkg'
[0.140s] Level 1:colcon.colcon_core.package_identification:_identify(src/rse_prob_robotics/rse_gaussian_filters) by extensions ['colcon_meta']
[0.140s] Level 1:colcon.colcon_core.package_identification:_identify(src/rse_prob_robotics/rse_gaussian_filters) by extension 'colcon_meta'
[0.140s] Level 1:colcon.colcon_core.package_identification:_identify(src/rse_prob_robotics/rse_gaussian_filters) by extensions ['ros']
[0.140s] Level 1:colcon.colcon_core.package_identification:_identify(src/rse_prob_robotics/rse_gaussian_filters) by extension 'ros'
[0.141s] DEBUG:colcon.colcon_core.package_identification:Package 'src/rse_prob_robotics/rse_gaussian_filters' with type 'ros.ament_python' and name 'rse_gaussian_filters'
[0.141s] Level 1:colcon.colcon_core.package_identification:_identify(src/rse_prob_robotics/rse_lidar_odometry) by extensions ['ignore', 'ignore_ament_install']
[0.141s] Level 1:colcon.colcon_core.package_identification:_identify(src/rse_prob_robotics/rse_lidar_odometry) by extension 'ignore'
[0.141s] Level 1:colcon.colcon_core.package_identification:_identify(src/rse_prob_robotics/rse_lidar_odometry) by extension 'ignore_ament_install'
[0.141s] Level 1:colcon.colcon_core.package_identification:_identify(src/rse_prob_robotics/rse_lidar_odometry) by extensions ['colcon_pkg']
[0.141s] Level 1:colcon.colcon_core.package_identification:_identify(src/rse_prob_robotics/rse_lidar_odometry) by extension 'colcon_pkg'
[0.141s] Level 1:colcon.colcon_core.package_identification:_identify(src/rse_prob_robotics/rse_lidar_odometry) by extensions ['colcon_meta']
[0.141s] Level 1:colcon.colcon_core.package_identification:_identify(src/rse_prob_robotics/rse_lidar_odometry) by extension 'colcon_meta'
[0.141s] Level 1:colcon.colcon_core.package_identification:_identify(src/rse_prob_robotics/rse_lidar_odometry) by extensions ['ros']
[0.141s] Level 1:colcon.colcon_core.package_identification:_identify(src/rse_prob_robotics/rse_lidar_odometry) by extension 'ros'
[0.141s] DEBUG:colcon.colcon_core.package_identification:Package 'src/rse_prob_robotics/rse_lidar_odometry' with type 'ros.ament_python' and name 'rse_lidar_odometry'
[0.141s] Level 1:colcon.colcon_core.package_identification:_identify(src/rse_prob_robotics/rse_map_models) by extensions ['ignore', 'ignore_ament_install']
[0.141s] Level 1:colcon.colcon_core.package_identification:_identify(src/rse_prob_robotics/rse_map_models) by extension 'ignore'
[0.141s] Level 1:colcon.colcon_core.package_identification:_identify(src/rse_prob_robotics/rse_map_models) by extension 'ignore_ament_install'
[0.141s] Level 1:colcon.colcon_core.package_identification:_identify(src/rse_prob_robotics/rse_map_models) by extensions ['colcon_pkg']
[0.141s] Level 1:colcon.colcon_core.package_identification:_identify(src/rse_prob_robotics/rse_map_models) by extension 'colcon_pkg'
[0.141s] Level 1:colcon.colcon_core.package_identification:_identify(src/rse_prob_robotics/rse_map_models) by extensions ['colcon_meta']
[0.141s] Level 1:colcon.colcon_core.package_identification:_identify(src/rse_prob_robotics/rse_map_models) by extension 'colcon_meta'
[0.141s] Level 1:colcon.colcon_core.package_identification:_identify(src/rse_prob_robotics/rse_map_models) by extensions ['ros']
[0.141s] Level 1:colcon.colcon_core.package_identification:_identify(src/rse_prob_robotics/rse_map_models) by extension 'ros'
[0.142s] DEBUG:colcon.colcon_core.package_identification:Package 'src/rse_prob_robotics/rse_map_models' with type 'ros.ament_python' and name 'rse_map_models'
[0.142s] Level 1:colcon.colcon_core.package_identification:_identify(src/rse_prob_robotics/rse_motion_models) by extensions ['ignore', 'ignore_ament_install']
[0.142s] Level 1:colcon.colcon_core.package_identification:_identify(src/rse_prob_robotics/rse_motion_models) by extension 'ignore'
[0.142s] Level 1:colcon.colcon_core.package_identification:_identify(src/rse_prob_robotics/rse_motion_models) by extension 'ignore_ament_install'
[0.142s] Level 1:colcon.colcon_core.package_identification:_identify(src/rse_prob_robotics/rse_motion_models) by extensions ['colcon_pkg']
[0.142s] Level 1:colcon.colcon_core.package_identification:_identify(src/rse_prob_robotics/rse_motion_models) by extension 'colcon_pkg'
[0.142s] Level 1:colcon.colcon_core.package_identification:_identify(src/rse_prob_robotics/rse_motion_models) by extensions ['colcon_meta']
[0.142s] Level 1:colcon.colcon_core.package_identification:_identify(src/rse_prob_robotics/rse_motion_models) by extension 'colcon_meta'
[0.142s] Level 1:colcon.colcon_core.package_identification:_identify(src/rse_prob_robotics/rse_motion_models) by extensions ['ros']
[0.142s] Level 1:colcon.colcon_core.package_identification:_identify(src/rse_prob_robotics/rse_motion_models) by extension 'ros'
[0.142s] DEBUG:colcon.colcon_core.package_identification:Package 'src/rse_prob_robotics/rse_motion_models' with type 'ros.ament_python' and name 'rse_motion_models'
[0.142s] Level 1:colcon.colcon_core.package_identification:_identify(src/rse_prob_robotics/rse_nonparametric_filters) by extensions ['ignore', 'ignore_ament_install']
[0.142s] Level 1:colcon.colcon_core.package_identification:_identify(src/rse_prob_robotics/rse_nonparametric_filters) by extension 'ignore'
[0.142s] Level 1:colcon.colcon_core.package_identification:_identify(src/rse_prob_robotics/rse_nonparametric_filters) by extension 'ignore_ament_install'
[0.142s] Level 1:colcon.colcon_core.package_identification:_identify(src/rse_prob_robotics/rse_nonparametric_filters) by extensions ['colcon_pkg']
[0.142s] Level 1:colcon.colcon_core.package_identification:_identify(src/rse_prob_robotics/rse_nonparametric_filters) by extension 'colcon_pkg'
[0.142s] Level 1:colcon.colcon_core.package_identification:_identify(src/rse_prob_robotics/rse_nonparametric_filters) by extensions ['colcon_meta']
[0.142s] Level 1:colcon.colcon_core.package_identification:_identify(src/rse_prob_robotics/rse_nonparametric_filters) by extension 'colcon_meta'
[0.142s] Level 1:colcon.colcon_core.package_identification:_identify(src/rse_prob_robotics/rse_nonparametric_filters) by extensions ['ros']
[0.142s] Level 1:colcon.colcon_core.package_identification:_identify(src/rse_prob_robotics/rse_nonparametric_filters) by extension 'ros'
[0.143s] DEBUG:colcon.colcon_core.package_identification:Package 'src/rse_prob_robotics/rse_nonparametric_filters' with type 'ros.ament_python' and name 'rse_nonparametric_filters'
[0.143s] Level 1:colcon.colcon_core.package_identification:_identify(src/rse_prob_robotics/rse_observation_models) by extensions ['ignore', 'ignore_ament_install']
[0.143s] Level 1:colcon.colcon_core.package_identification:_identify(src/rse_prob_robotics/rse_observation_models) by extension 'ignore'
[0.143s] Level 1:colcon.colcon_core.package_identification:_identify(src/rse_prob_robotics/rse_observation_models) by extension 'ignore_ament_install'
[0.143s] Level 1:colcon.colcon_core.package_identification:_identify(src/rse_prob_robotics/rse_observation_models) by extensions ['colcon_pkg']
[0.143s] Level 1:colcon.colcon_core.package_identification:_identify(src/rse_prob_robotics/rse_observation_models) by extension 'colcon_pkg'
[0.143s] Level 1:colcon.colcon_core.package_identification:_identify(src/rse_prob_robotics/rse_observation_models) by extensions ['colcon_meta']
[0.143s] Level 1:colcon.colcon_core.package_identification:_identify(src/rse_prob_robotics/rse_observation_models) by extension 'colcon_meta'
[0.143s] Level 1:colcon.colcon_core.package_identification:_identify(src/rse_prob_robotics/rse_observation_models) by extensions ['ros']
[0.143s] Level 1:colcon.colcon_core.package_identification:_identify(src/rse_prob_robotics/rse_observation_models) by extension 'ros'
[0.143s] DEBUG:colcon.colcon_core.package_identification:Package 'src/rse_prob_robotics/rse_observation_models' with type 'ros.ament_python' and name 'rse_observation_models'
[0.143s] Level 1:colcon.colcon_core.package_identification:_identify(src/rse_prob_robotics/rse_occupancy_grid_mapping) by extensions ['ignore', 'ignore_ament_install']
[0.143s] Level 1:colcon.colcon_core.package_identification:_identify(src/rse_prob_robotics/rse_occupancy_grid_mapping) by extension 'ignore'
[0.143s] Level 1:colcon.colcon_core.package_identification:_identify(src/rse_prob_robotics/rse_occupancy_grid_mapping) by extension 'ignore_ament_install'
[0.143s] Level 1:colcon.colcon_core.package_identification:_identify(src/rse_prob_robotics/rse_occupancy_grid_mapping) by extensions ['colcon_pkg']
[0.143s] Level 1:colcon.colcon_core.package_identification:_identify(src/rse_prob_robotics/rse_occupancy_grid_mapping) by extension 'colcon_pkg'
[0.143s] Level 1:colcon.colcon_core.package_identification:_identify(src/rse_prob_robotics/rse_occupancy_grid_mapping) by extensions ['colcon_meta']
[0.143s] Level 1:colcon.colcon_core.package_identification:_identify(src/rse_prob_robotics/rse_occupancy_grid_mapping) by extension 'colcon_meta'
[0.143s] Level 1:colcon.colcon_core.package_identification:_identify(src/rse_prob_robotics/rse_occupancy_grid_mapping) by extensions ['ros']
[0.143s] Level 1:colcon.colcon_core.package_identification:_identify(src/rse_prob_robotics/rse_occupancy_grid_mapping) by extension 'ros'
[0.144s] DEBUG:colcon.colcon_core.package_identification:Package 'src/rse_prob_robotics/rse_occupancy_grid_mapping' with type 'ros.ament_python' and name 'rse_occupancy_grid_mapping'
[0.144s] Level 1:colcon.colcon_core.package_identification:_identify(src/rse_prob_robotics/rse_perception_experiments) by extensions ['ignore', 'ignore_ament_install']
[0.144s] Level 1:colcon.colcon_core.package_identification:_identify(src/rse_prob_robotics/rse_perception_experiments) by extension 'ignore'
[0.144s] Level 1:colcon.colcon_core.package_identification:_identify(src/rse_prob_robotics/rse_perception_experiments) by extension 'ignore_ament_install'
[0.144s] Level 1:colcon.colcon_core.package_identification:_identify(src/rse_prob_robotics/rse_perception_experiments) by extensions ['colcon_pkg']
[0.144s] Level 1:colcon.colcon_core.package_identification:_identify(src/rse_prob_robotics/rse_perception_experiments) by extension 'colcon_pkg'
[0.144s] Level 1:colcon.colcon_core.package_identification:_identify(src/rse_prob_robotics/rse_perception_experiments) by extensions ['colcon_meta']
[0.144s] Level 1:colcon.colcon_core.package_identification:_identify(src/rse_prob_robotics/rse_perception_experiments) by extension 'colcon_meta'
[0.144s] Level 1:colcon.colcon_core.package_identification:_identify(src/rse_prob_robotics/rse_perception_experiments) by extensions ['ros']
[0.144s] Level 1:colcon.colcon_core.package_identification:_identify(src/rse_prob_robotics/rse_perception_experiments) by extension 'ros'
[0.144s] Level 1:colcon.colcon_core.package_identification:_identify(src/rse_prob_robotics/rse_perception_experiments) by extensions ['cmake', 'python']
[0.144s] Level 1:colcon.colcon_core.package_identification:_identify(src/rse_prob_robotics/rse_perception_experiments) by extension 'cmake'
[0.144s] Level 1:colcon.colcon_core.package_identification:_identify(src/rse_prob_robotics/rse_perception_experiments) by extension 'python'
[0.144s] Level 1:colcon.colcon_core.package_identification:_identify(src/rse_prob_robotics/rse_perception_experiments) by extensions ['python_setup_py']
[0.144s] Level 1:colcon.colcon_core.package_identification:_identify(src/rse_prob_robotics/rse_perception_experiments) by extension 'python_setup_py'
[0.144s] Level 1:colcon.colcon_core.package_identification:_identify(src/rse_prob_robotics/rse_perception_experiments/notebooks) by extensions ['ignore', 'ignore_ament_install']
[0.144s] Level 1:colcon.colcon_core.package_identification:_identify(src/rse_prob_robotics/rse_perception_experiments/notebooks) by extension 'ignore'
[0.144s] Level 1:colcon.colcon_core.package_identification:_identify(src/rse_prob_robotics/rse_perception_experiments/notebooks) by extension 'ignore_ament_install'
[0.144s] Level 1:colcon.colcon_core.package_identification:_identify(src/rse_prob_robotics/rse_perception_experiments/notebooks) by extensions ['colcon_pkg']
[0.144s] Level 1:colcon.colcon_core.package_identification:_identify(src/rse_prob_robotics/rse_perception_experiments/notebooks) by extension 'colcon_pkg'
[0.144s] Level 1:colcon.colcon_core.package_identification:_identify(src/rse_prob_robotics/rse_perception_experiments/notebooks) by extensions ['colcon_meta']
[0.144s] Level 1:colcon.colcon_core.package_identification:_identify(src/rse_prob_robotics/rse_perception_experiments/notebooks) by extension 'colcon_meta'
[0.144s] Level 1:colcon.colcon_core.package_identification:_identify(src/rse_prob_robotics/rse_perception_experiments/notebooks) by extensions ['ros']
[0.144s] Level 1:colcon.colcon_core.package_identification:_identify(src/rse_prob_robotics/rse_perception_experiments/notebooks) by extension 'ros'
[0.144s] Level 1:colcon.colcon_core.package_identification:_identify(src/rse_prob_robotics/rse_perception_experiments/notebooks) by extensions ['cmake', 'python']
[0.144s] Level 1:colcon.colcon_core.package_identification:_identify(src/rse_prob_robotics/rse_perception_experiments/notebooks) by extension 'cmake'
[0.144s] Level 1:colcon.colcon_core.package_identification:_identify(src/rse_prob_robotics/rse_perception_experiments/notebooks) by extension 'python'
[0.144s] Level 1:colcon.colcon_core.package_identification:_identify(src/rse_prob_robotics/rse_perception_experiments/notebooks) by extensions ['python_setup_py']
[0.144s] Level 1:colcon.colcon_core.package_identification:_identify(src/rse_prob_robotics/rse_perception_experiments/notebooks) by extension 'python_setup_py'
[0.144s] Level 1:colcon.colcon_core.package_identification:_identify(src/rse_prob_robotics/rse_sensor_models) by extensions ['ignore', 'ignore_ament_install']
[0.144s] Level 1:colcon.colcon_core.package_identification:_identify(src/rse_prob_robotics/rse_sensor_models) by extension 'ignore'
[0.144s] Level 1:colcon.colcon_core.package_identification:_identify(src/rse_prob_robotics/rse_sensor_models) by extension 'ignore_ament_install'
[0.144s] Level 1:colcon.colcon_core.package_identification:_identify(src/rse_prob_robotics/rse_sensor_models) by extensions ['colcon_pkg']
[0.144s] Level 1:colcon.colcon_core.package_identification:_identify(src/rse_prob_robotics/rse_sensor_models) by extension 'colcon_pkg'
[0.144s] Level 1:colcon.colcon_core.package_identification:_identify(src/rse_prob_robotics/rse_sensor_models) by extensions ['colcon_meta']
[0.144s] Level 1:colcon.colcon_core.package_identification:_identify(src/rse_prob_robotics/rse_sensor_models) by extension 'colcon_meta'
[0.144s] Level 1:colcon.colcon_core.package_identification:_identify(src/rse_prob_robotics/rse_sensor_models) by extensions ['ros']
[0.144s] Level 1:colcon.colcon_core.package_identification:_identify(src/rse_prob_robotics/rse_sensor_models) by extension 'ros'
[0.145s] DEBUG:colcon.colcon_core.package_identification:Package 'src/rse_prob_robotics/rse_sensor_models' with type 'ros.ament_python' and name 'rse_sensor_models'
[0.145s] Level 1:colcon.colcon_core.package_discovery:discover_packages(recursive) using defaults
[0.145s] Level 1:colcon.colcon_core.package_discovery:discover_packages(ignore) discover
[0.145s] Level 1:colcon.colcon_core.package_discovery:discover_packages(ignore) using defaults
[0.145s] Level 1:colcon.colcon_core.package_discovery:discover_packages(path) discover
[0.145s] Level 1:colcon.colcon_core.package_discovery:discover_packages(path) using defaults
[0.161s] INFO:colcon.colcon_core.package_selection:Skipping not selected package 'rse_map_models' in 'src/rse_prob_robotics/rse_map_models'
[0.161s] INFO:colcon.colcon_core.package_selection:Skipping not selected package 'rse_motion_models' in 'src/rse_prob_robotics/rse_motion_models'
[0.161s] INFO:colcon.colcon_core.package_selection:Skipping not selected package 'rse_nonparametric_filters' in 'src/rse_prob_robotics/rse_nonparametric_filters'
[0.161s] INFO:colcon.colcon_core.package_selection:Skipping not selected package 'rse_observation_models' in 'src/rse_prob_robotics/rse_observation_models'
[0.161s] INFO:colcon.colcon_core.package_selection:Skipping not selected package 'rse_occupancy_grid_mapping' in 'src/rse_prob_robotics/rse_occupancy_grid_mapping'
[0.161s] INFO:colcon.colcon_core.package_selection:Skipping not selected package 'rse_sensor_models' in 'src/rse_prob_robotics/rse_sensor_models'
[0.161s] INFO:colcon.colcon_core.package_selection:Skipping not selected package 'rse_lidar_odometry' in 'src/rse_prob_robotics/rse_lidar_odometry'
[0.162s] Level 1:colcon.colcon_core.package_discovery:discover_packages(prefix_path) check parameters
[0.162s] Level 1:colcon.colcon_core.package_discovery:discover_packages(prefix_path) discover
[0.163s] DEBUG:colcon.colcon_installed_package_information.package_discovery:Found 392 installed packages in /opt/ros/humble
[0.164s] Level 1:colcon.colcon_core.package_discovery:discover_packages(prefix_path) using defaults
[0.186s] Level 5:colcon.colcon_core.verb:set package 'rse_common_utils' build argument 'cmake_args' from command line to 'None'
[0.186s] Level 5:colcon.colcon_core.verb:set package 'rse_common_utils' build argument 'cmake_target' from command line to 'None'
[0.186s] Level 5:colcon.colcon_core.verb:set package 'rse_common_utils' build argument 'cmake_target_skip_unavailable' from command line to 'False'
[0.186s] Level 5:colcon.colcon_core.verb:set package 'rse_common_utils' build argument 'cmake_clean_cache' from command line to 'False'
[0.186s] Level 5:colcon.colcon_core.verb:set package 'rse_common_utils' build argument 'cmake_clean_first' from command line to 'False'
[0.186s] Level 5:colcon.colcon_core.verb:set package 'rse_common_utils' build argument 'cmake_force_configure' from command line to 'False'
[0.186s] Level 5:colcon.colcon_core.verb:set package 'rse_common_utils' build argument 'ament_cmake_args' from command line to 'None'
[0.186s] Level 5:colcon.colcon_core.verb:set package 'rse_common_utils' build argument 'catkin_cmake_args' from command line to 'None'
[0.186s] Level 5:colcon.colcon_core.verb:set package 'rse_common_utils' build argument 'catkin_skip_building_tests' from command line to 'False'
[0.186s] DEBUG:colcon.colcon_core.verb:Building package 'rse_common_utils' with the following arguments: {'ament_cmake_args': None, 'build_base': '/home/jjy/ros2_ws/build/rse_common_utils', 'catkin_cmake_args': None, 'catkin_skip_building_tests': False, 'cmake_args': None, 'cmake_clean_cache': False, 'cmake_clean_first': False, 'cmake_force_configure': False, 'cmake_target': None, 'cmake_target_skip_unavailable': False, 'install_base': '/home/jjy/ros2_ws/install/rse_common_utils', 'merge_install': False, 'path': '/home/jjy/ros2_ws/src/rse_prob_robotics/rse_common_utils', 'symlink_install': True, 'test_result_base': None}
[0.187s] Level 5:colcon.colcon_core.verb:set package 'rse_gaussian_filters' build argument 'cmake_args' from command line to 'None'
[0.187s] Level 5:colcon.colcon_core.verb:set package 'rse_gaussian_filters' build argument 'cmake_target' from command line to 'None'
[0.187s] Level 5:colcon.colcon_core.verb:set package 'rse_gaussian_filters' build argument 'cmake_target_skip_unavailable' from command line to 'False'
[0.187s] Level 5:colcon.colcon_core.verb:set package 'rse_gaussian_filters' build argument 'cmake_clean_cache' from command line to 'False'
[0.187s] Level 5:colcon.colcon_core.verb:set package 'rse_gaussian_filters' build argument 'cmake_clean_first' from command line to 'False'
[0.187s] Level 5:colcon.colcon_core.verb:set package 'rse_gaussian_filters' build argument 'cmake_force_configure' from command line to 'False'
[0.187s] Level 5:colcon.colcon_core.verb:set package 'rse_gaussian_filters' build argument 'ament_cmake_args' from command line to 'None'
[0.187s] Level 5:colcon.colcon_core.verb:set package 'rse_gaussian_filters' build argument 'catkin_cmake_args' from command line to 'None'
[0.187s] Level 5:colcon.colcon_core.verb:set package 'rse_gaussian_filters' build argument 'catkin_skip_building_tests' from command line to 'False'
[0.187s] DEBUG:colcon.colcon_core.verb:Building package 'rse_gaussian_filters' with the following arguments: {'ament_cmake_args': None, 'build_base': '/home/jjy/ros2_ws/build/rse_gaussian_filters', 'catkin_cmake_args': None, 'catkin_skip_building_tests': False, 'cmake_args': None, 'cmake_clean_cache': False, 'cmake_clean_first': False, 'cmake_force_configure': False, 'cmake_target': None, 'cmake_target_skip_unavailable': False, 'install_base': '/home/jjy/ros2_ws/install/rse_gaussian_filters', 'merge_install': False, 'path': '/home/jjy/ros2_ws/src/rse_prob_robotics/rse_gaussian_filters', 'symlink_install': True, 'test_result_base': None}
[0.187s] INFO:colcon.colcon_core.executor:Executing jobs using 'parallel' executor
[0.187s] DEBUG:colcon.colcon_parallel_executor.executor.parallel:run_until_complete
[0.188s] INFO:colcon.colcon_ros.task.ament_python.build:Building ROS package in '/home/jjy/ros2_ws/src/rse_prob_robotics/rse_common_utils' with build type 'ament_python'
[0.188s] Level 1:colcon.colcon_core.shell:create_environment_hook('rse_common_utils', 'ament_prefix_path')
[0.189s] INFO:colcon.colcon_core.plugin_system:Skipping extension 'colcon_core.shell.bat': Not used on non-Windows systems
[0.189s] INFO:colcon.colcon_core.shell:Creating environment hook '/home/jjy/ros2_ws/install/rse_common_utils/share/rse_common_utils/hook/ament_prefix_path.ps1'
[0.189s] INFO:colcon.colcon_core.shell:Creating environment descriptor '/home/jjy/ros2_ws/install/rse_common_utils/share/rse_common_utils/hook/ament_prefix_path.dsv'
[0.189s] INFO:colcon.colcon_core.shell:Creating environment hook '/home/jjy/ros2_ws/install/rse_common_utils/share/rse_common_utils/hook/ament_prefix_path.sh'
[0.190s] INFO:colcon.colcon_core.shell:Skip shell extension 'powershell' for command environment: Not usable outside of PowerShell
[0.190s] DEBUG:colcon.colcon_core.shell:Skip shell extension 'dsv' for command environment
[0.320s] INFO:colcon.colcon_core.task.python.build:Building Python package in '/home/jjy/ros2_ws/src/rse_prob_robotics/rse_common_utils'
[0.320s] INFO:colcon.colcon_core.shell:Skip shell extension 'powershell' for command environment: Not usable outside of PowerShell
[0.320s] DEBUG:colcon.colcon_core.shell:Skip shell extension 'dsv' for command environment
[0.497s] DEBUG:colcon.colcon_core.event_handler.log_command:Invoking command in '/home/jjy/ros2_ws/build/rse_common_utils': AMENT_PREFIX_PATH=/home/jjy/ros2_ws/install/rse_observation_models:/home/jjy/ros2_ws/install/rse_motion_models:${AMENT_PREFIX_PATH} PYTHONPATH=/home/jjy/ros2_ws/build/rse_common_utils/prefix_override:/usr/lib/python3/dist-packages/colcon_core/task/python/colcon_distutils_commands:/home/jjy/ros2_ws/install/rse_common_utils/lib/python3.10/site-packages:/home/jjy/ros2_ws/install/rse_observation_models/lib/python3.10/site-packages:/home/jjy/ros2_ws/install/rse_motion_models/lib/python3.10/site-packages:${PYTHONPATH} /usr/bin/python3 -W ignore:setup.py install is deprecated -W ignore:easy_install command is deprecated setup.py develop --editable --build-directory /home/jjy/ros2_ws/build/rse_common_utils/build --no-deps symlink_data
[0.711s] Level 1:colcon.colcon_core.shell:create_environment_hook('rse_common_utils', 'pythonpath_develop')
[0.711s] INFO:colcon.colcon_core.shell:Creating environment hook '/home/jjy/ros2_ws/build/rse_common_utils/share/rse_common_utils/hook/pythonpath_develop.ps1'
[0.712s] DEBUG:colcon.colcon_core.event_handler.log_command:Invoked command in '/home/jjy/ros2_ws/build/rse_common_utils' returned '0': AMENT_PREFIX_PATH=/home/jjy/ros2_ws/install/rse_observation_models:/home/jjy/ros2_ws/install/rse_motion_models:${AMENT_PREFIX_PATH} PYTHONPATH=/home/jjy/ros2_ws/build/rse_common_utils/prefix_override:/usr/lib/python3/dist-packages/colcon_core/task/python/colcon_distutils_commands:/home/jjy/ros2_ws/install/rse_common_utils/lib/python3.10/site-packages:/home/jjy/ros2_ws/install/rse_observation_models/lib/python3.10/site-packages:/home/jjy/ros2_ws/install/rse_motion_models/lib/python3.10/site-packages:${PYTHONPATH} /usr/bin/python3 -W ignore:setup.py install is deprecated -W ignore:easy_install command is deprecated setup.py develop --editable --build-directory /home/jjy/ros2_ws/build/rse_common_utils/build --no-deps symlink_data
[0.712s] INFO:colcon.colcon_core.shell:Creating environment descriptor '/home/jjy/ros2_ws/build/rse_common_utils/share/rse_common_utils/hook/pythonpath_develop.dsv'
[0.712s] INFO:colcon.colcon_core.shell:Creating environment hook '/home/jjy/ros2_ws/build/rse_common_utils/share/rse_common_utils/hook/pythonpath_develop.sh'
[0.713s] Level 1:colcon.colcon_core.environment:checking '/home/jjy/ros2_ws/install/rse_common_utils' for CMake module files
[0.714s] Level 1:colcon.colcon_core.environment:checking '/home/jjy/ros2_ws/install/rse_common_utils' for CMake config files
[0.714s] Level 1:colcon.colcon_core.environment:checking '/home/jjy/ros2_ws/install/rse_common_utils/lib'
[0.714s] Level 1:colcon.colcon_core.environment:checking '/home/jjy/ros2_ws/install/rse_common_utils/bin'
[0.714s] Level 1:colcon.colcon_core.environment:checking '/home/jjy/ros2_ws/install/rse_common_utils/lib/pkgconfig/rse_common_utils.pc'
[0.714s] Level 1:colcon.colcon_core.environment:checking '/home/jjy/ros2_ws/install/rse_common_utils/lib/python3.10/site-packages'
[0.714s] Level 1:colcon.colcon_core.shell:create_environment_hook('rse_common_utils', 'pythonpath')
[0.714s] INFO:colcon.colcon_core.shell:Creating environment hook '/home/jjy/ros2_ws/install/rse_common_utils/share/rse_common_utils/hook/pythonpath.ps1'
[0.715s] INFO:colcon.colcon_core.shell:Creating environment descriptor '/home/jjy/ros2_ws/install/rse_common_utils/share/rse_common_utils/hook/pythonpath.dsv'
[0.715s] INFO:colcon.colcon_core.shell:Creating environment hook '/home/jjy/ros2_ws/install/rse_common_utils/share/rse_common_utils/hook/pythonpath.sh'
[0.715s] Level 1:colcon.colcon_core.environment:checking '/home/jjy/ros2_ws/install/rse_common_utils/bin'
[0.715s] Level 1:colcon.colcon_core.environment:create_environment_scripts_only(rse_common_utils)
[0.715s] INFO:colcon.colcon_core.shell:Creating package script '/home/jjy/ros2_ws/install/rse_common_utils/share/rse_common_utils/package.ps1'
[0.716s] INFO:colcon.colcon_core.shell:Creating package descriptor '/home/jjy/ros2_ws/install/rse_common_utils/share/rse_common_utils/package.dsv'
[0.716s] INFO:colcon.colcon_core.shell:Creating package script '/home/jjy/ros2_ws/install/rse_common_utils/share/rse_common_utils/package.sh'
[0.716s] INFO:colcon.colcon_core.shell:Creating package script '/home/jjy/ros2_ws/install/rse_common_utils/share/rse_common_utils/package.bash'
[0.717s] INFO:colcon.colcon_core.shell:Creating package script '/home/jjy/ros2_ws/install/rse_common_utils/share/rse_common_utils/package.zsh'
[0.717s] Level 1:colcon.colcon_core.environment:create_file_with_runtime_dependencies(/home/jjy/ros2_ws/install/rse_common_utils/share/colcon-core/packages/rse_common_utils)
[0.717s] INFO:colcon.colcon_ros.task.ament_python.build:Building ROS package in '/home/jjy/ros2_ws/src/rse_prob_robotics/rse_gaussian_filters' with build type 'ament_python'
[0.717s] Level 1:colcon.colcon_core.shell:create_environment_hook('rse_gaussian_filters', 'ament_prefix_path')
[0.717s] INFO:colcon.colcon_core.shell:Creating environment hook '/home/jjy/ros2_ws/install/rse_gaussian_filters/share/rse_gaussian_filters/hook/ament_prefix_path.ps1'
[0.718s] INFO:colcon.colcon_core.shell:Creating environment descriptor '/home/jjy/ros2_ws/install/rse_gaussian_filters/share/rse_gaussian_filters/hook/ament_prefix_path.dsv'
[0.718s] INFO:colcon.colcon_core.shell:Creating environment hook '/home/jjy/ros2_ws/install/rse_gaussian_filters/share/rse_gaussian_filters/hook/ament_prefix_path.sh'
[0.718s] INFO:colcon.colcon_core.shell:Skip shell extension 'powershell' for command environment: Not usable outside of PowerShell
[0.718s] DEBUG:colcon.colcon_core.shell:Skip shell extension 'dsv' for command environment
[0.847s] INFO:colcon.colcon_core.task.python.build:Building Python package in '/home/jjy/ros2_ws/src/rse_prob_robotics/rse_gaussian_filters'
[0.847s] INFO:colcon.colcon_core.shell:Skip shell extension 'powershell' for command environment: Not usable outside of PowerShell
[0.847s] DEBUG:colcon.colcon_core.shell:Skip shell extension 'dsv' for command environment
[1.027s] DEBUG:colcon.colcon_core.event_handler.log_command:Invoking command in '/home/jjy/ros2_ws/build/rse_gaussian_filters': AMENT_PREFIX_PATH=/home/jjy/ros2_ws/install/rse_common_utils:/home/jjy/ros2_ws/install/rse_observation_models:/home/jjy/ros2_ws/install/rse_motion_models:${AMENT_PREFIX_PATH} PYTHONPATH=/home/jjy/ros2_ws/build/rse_gaussian_filters/prefix_override:/usr/lib/python3/dist-packages/colcon_core/task/python/colcon_distutils_commands:/home/jjy/ros2_ws/install/rse_gaussian_filters/lib/python3.10/site-packages:/home/jjy/ros2_ws/build/rse_common_utils:/home/jjy/ros2_ws/install/rse_common_utils/lib/python3.10/site-packages:/home/jjy/ros2_ws/install/rse_observation_models/lib/python3.10/site-packages:/home/jjy/ros2_ws/install/rse_motion_models/lib/python3.10/site-packages:${PYTHONPATH} /usr/bin/python3 -W ignore:setup.py install is deprecated -W ignore:easy_install command is deprecated setup.py develop --editable --build-directory /home/jjy/ros2_ws/build/rse_gaussian_filters/build --no-deps symlink_data
[1.261s] Level 1:colcon.colcon_core.shell:create_environment_hook('rse_gaussian_filters', 'pythonpath_develop')
[1.262s] INFO:colcon.colcon_core.shell:Creating environment hook '/home/jjy/ros2_ws/build/rse_gaussian_filters/share/rse_gaussian_filters/hook/pythonpath_develop.ps1'
[1.262s] DEBUG:colcon.colcon_core.event_handler.log_command:Invoked command in '/home/jjy/ros2_ws/build/rse_gaussian_filters' returned '0': AMENT_PREFIX_PATH=/home/jjy/ros2_ws/install/rse_common_utils:/home/jjy/ros2_ws/install/rse_observation_models:/home/jjy/ros2_ws/install/rse_motion_models:${AMENT_PREFIX_PATH} PYTHONPATH=/home/jjy/ros2_ws/build/rse_gaussian_filters/prefix_override:/usr/lib/python3/dist-packages/colcon_core/task/python/colcon_distutils_commands:/home/jjy/ros2_ws/install/rse_gaussian_filters/lib/python3.10/site-packages:/home/jjy/ros2_ws/build/rse_common_utils:/home/jjy/ros2_ws/install/rse_common_utils/lib/python3.10/site-packages:/home/jjy/ros2_ws/install/rse_observation_models/lib/python3.10/site-packages:/home/jjy/ros2_ws/install/rse_motion_models/lib/python3.10/site-packages:${PYTHONPATH} /usr/bin/python3 -W ignore:setup.py install is deprecated -W ignore:easy_install command is deprecated setup.py develop --editable --build-directory /home/jjy/ros2_ws/build/rse_gaussian_filters/build --no-deps symlink_data
[1.262s] INFO:colcon.colcon_core.shell:Creating environment descriptor '/home/jjy/ros2_ws/build/rse_gaussian_filters/share/rse_gaussian_filters/hook/pythonpath_develop.dsv'
[1.262s] INFO:colcon.colcon_core.shell:Creating environment hook '/home/jjy/ros2_ws/build/rse_gaussian_filters/share/rse_gaussian_filters/hook/pythonpath_develop.sh'
[1.263s] Level 1:colcon.colcon_core.environment:checking '/home/jjy/ros2_ws/install/rse_gaussian_filters' for CMake module files
[1.263s] Level 1:colcon.colcon_core.environment:checking '/home/jjy/ros2_ws/install/rse_gaussian_filters' for CMake config files
[1.263s] Level 1:colcon.colcon_core.environment:checking '/home/jjy/ros2_ws/install/rse_gaussian_filters/lib'
[1.263s] Level 1:colcon.colcon_core.environment:checking '/home/jjy/ros2_ws/install/rse_gaussian_filters/bin'
[1.263s] Level 1:colcon.colcon_core.environment:checking '/home/jjy/ros2_ws/install/rse_gaussian_filters/lib/pkgconfig/rse_gaussian_filters.pc'
[1.263s] Level 1:colcon.colcon_core.environment:checking '/home/jjy/ros2_ws/install/rse_gaussian_filters/lib/python3.10/site-packages'
[1.264s] Level 1:colcon.colcon_core.shell:create_environment_hook('rse_gaussian_filters', 'pythonpath')
[1.264s] INFO:colcon.colcon_core.shell:Creating environment hook '/home/jjy/ros2_ws/install/rse_gaussian_filters/share/rse_gaussian_filters/hook/pythonpath.ps1'
[1.264s] INFO:colcon.colcon_core.shell:Creating environment descriptor '/home/jjy/ros2_ws/install/rse_gaussian_filters/share/rse_gaussian_filters/hook/pythonpath.dsv'
[1.264s] INFO:colcon.colcon_core.shell:Creating environment hook '/home/jjy/ros2_ws/install/rse_gaussian_filters/share/rse_gaussian_filters/hook/pythonpath.sh'
[1.264s] Level 1:colcon.colcon_core.environment:checking '/home/jjy/ros2_ws/install/rse_gaussian_filters/bin'
[1.264s] Level 1:colcon.colcon_core.environment:create_environment_scripts_only(rse_gaussian_filters)
[1.265s] INFO:colcon.colcon_core.shell:Creating package script '/home/jjy/ros2_ws/install/rse_gaussian_filters/share/rse_gaussian_filters/package.ps1'
[1.265s] INFO:colcon.colcon_core.shell:Creating package descriptor '/home/jjy/ros2_ws/install/rse_gaussian_filters/share/rse_gaussian_filters/package.dsv'
[1.265s] INFO:colcon.colcon_core.shell:Creating package script '/home/jjy/ros2_ws/install/rse_gaussian_filters/share/rse_gaussian_filters/package.sh'
[1.265s] INFO:colcon.colcon_core.shell:Creating package script '/home/jjy/ros2_ws/install/rse_gaussian_filters/share/rse_gaussian_filters/package.bash'
[1.265s] INFO:colcon.colcon_core.shell:Creating package script '/home/jjy/ros2_ws/install/rse_gaussian_filters/share/rse_gaussian_filters/package.zsh'
[1.265s] Level 1:colcon.colcon_core.environment:create_file_with_runtime_dependencies(/home/jjy/ros2_ws/install/rse_gaussian_filters/share/colcon-core/packages/rse_gaussian_filters)
[1.266s] DEBUG:colcon.colcon_parallel_executor.executor.parallel:closing loop
[1.266s] DEBUG:colcon.colcon_parallel_executor.executor.parallel:loop closed
[1.266s] DEBUG:colcon.colcon_parallel_executor.executor.parallel:run_until_complete finished with '0'
[1.266s] DEBUG:colcon.colcon_core.event_reactor:joining thread
[1.270s] INFO:colcon.colcon_core.plugin_system:Skipping extension 'colcon_notification.desktop_notification.terminal_notifier': Not used on non-Darwin systems
[1.270s] INFO:colcon.colcon_core.plugin_system:Skipping extension 'colcon_notification.desktop_notification.win32': Not used on non-Windows systems
[1.270s] INFO:colcon.colcon_notification.desktop_notification:Sending desktop notification using 'notify2'
[1.276s] DEBUG:colcon.colcon_core.event_reactor:joined thread
[1.276s] INFO:colcon.colcon_core.shell:Creating prefix script '/home/jjy/ros2_ws/install/local_setup.ps1'
[1.277s] INFO:colcon.colcon_core.shell:Creating prefix util module '/home/jjy/ros2_ws/install/_local_setup_util_ps1.py'
[1.278s] INFO:colcon.colcon_core.shell:Creating prefix chain script '/home/jjy/ros2_ws/install/setup.ps1'
[1.278s] INFO:colcon.colcon_core.shell:Creating prefix script '/home/jjy/ros2_ws/install/local_setup.sh'
[1.279s] INFO:colcon.colcon_core.shell:Creating prefix util module '/home/jjy/ros2_ws/install/_local_setup_util_sh.py'
[1.279s] INFO:colcon.colcon_core.shell:Creating prefix chain script '/home/jjy/ros2_ws/install/setup.sh'
[1.279s] INFO:colcon.colcon_core.shell:Creating prefix script '/home/jjy/ros2_ws/install/local_setup.bash'
[1.280s] INFO:colcon.colcon_core.shell:Creating prefix chain script '/home/jjy/ros2_ws/install/setup.bash'
[1.280s] INFO:colcon.colcon_core.shell:Creating prefix script '/home/jjy/ros2_ws/install/local_setup.zsh'
[1.280s] INFO:colcon.colcon_core.shell:Creating prefix chain script '/home/jjy/ros2_ws/install/setup.zsh'
