running develop
Removing /home/jjy/ros2_ws/install/rse_sensor_models/lib/python3.10/site-packages/rse-sensor-models.egg-link (link to .)
running egg_info
writing ../../../build/rse_sensor_models/rse_sensor_models.egg-info/PKG-INFO
writing dependency_links to ../../../build/rse_sensor_models/rse_sensor_models.egg-info/dependency_links.txt
writing entry points to ../../../build/rse_sensor_models/rse_sensor_models.egg-info/entry_points.txt
writing requirements to ../../../build/rse_sensor_models/rse_sensor_models.egg-info/requires.txt
writing top-level names to ../../../build/rse_sensor_models/rse_sensor_models.egg-info/top_level.txt
reading manifest file '../../../build/rse_sensor_models/rse_sensor_models.egg-info/SOURCES.txt'
writing manifest file '../../../build/rse_sensor_models/rse_sensor_models.egg-info/SOURCES.txt'
running build
running build_py
creating /home/jjy/ros2_ws/build/rse_sensor_models/build
creating /home/jjy/ros2_ws/build/rse_sensor_models/build/lib
creating /home/jjy/ros2_ws/build/rse_sensor_models/build/lib/rse_sensor_models
copying rse_sensor_models/__init__.py -> /home/jjy/ros2_ws/build/rse_sensor_models/build/lib/rse_sensor_models
copying rse_sensor_models/inverse_sensor_models.py -> /home/jjy/ros2_ws/build/rse_sensor_models/build/lib/rse_sensor_models
running install
running install_lib
creating /home/jjy/ros2_ws/install/rse_sensor_models/lib/python3.10/site-packages/rse_sensor_models
copying /home/jjy/ros2_ws/build/rse_sensor_models/build/lib/rse_sensor_models/__init__.py -> /home/jjy/ros2_ws/install/rse_sensor_models/lib/python3.10/site-packages/rse_sensor_models
copying /home/jjy/ros2_ws/build/rse_sensor_models/build/lib/rse_sensor_models/inverse_sensor_models.py -> /home/jjy/ros2_ws/install/rse_sensor_models/lib/python3.10/site-packages/rse_sensor_models
byte-compiling /home/jjy/ros2_ws/install/rse_sensor_models/lib/python3.10/site-packages/rse_sensor_models/__init__.py to __init__.cpython-310.pyc
byte-compiling /home/jjy/ros2_ws/install/rse_sensor_models/lib/python3.10/site-packages/rse_sensor_models/inverse_sensor_models.py to inverse_sensor_models.cpython-310.pyc
running install_data
copying resource/rse_sensor_models -> /home/jjy/ros2_ws/install/rse_sensor_models/share/ament_index/resource_index/packages
copying package.xml -> /home/jjy/ros2_ws/install/rse_sensor_models/share/rse_sensor_models
running install_egg_info
Copying ../../../build/rse_sensor_models/rse_sensor_models.egg-info to /home/jjy/ros2_ws/install/rse_sensor_models/lib/python3.10/site-packages/rse_sensor_models-0.0.0-py3.10.egg-info
running install_scripts
writing list of installed files to '/home/jjy/ros2_ws/build/rse_sensor_models/install.log'
