[0.975s] Invoking command in '/home/jjy/ros2_ws/build/rse_sensor_models': PYTHONPATH=/home/jjy/ros2_ws/build/rse_sensor_models/prefix_override:/usr/lib/python3/dist-packages/colcon_core/task/python/colcon_distutils_commands:/home/jjy/ros2_ws/install/rse_sensor_models/lib/python3.10/site-packages:${PYTHONPATH} /usr/bin/python3 -W ignore:setup.py install is deprecated -W ignore:easy_install command is deprecated setup.py develop --uninstall --editable --build-directory /home/jjy/ros2_ws/build/rse_sensor_models/build
[1.100s] running develop
[1.174s] Removing /home/jjy/ros2_ws/install/rse_sensor_models/lib/python3.10/site-packages/rse-sensor-models.egg-link (link to .)
[1.190s] Invoked command in '/home/jjy/ros2_ws/build/rse_sensor_models' returned '0': PYTHONPATH=/home/jjy/ros2_ws/build/rse_sensor_models/prefix_override:/usr/lib/python3/dist-packages/colcon_core/task/python/colcon_distutils_commands:/home/jjy/ros2_ws/install/rse_sensor_models/lib/python3.10/site-packages:${PYTHONPATH} /usr/bin/python3 -W ignore:setup.py install is deprecated -W ignore:easy_install command is deprecated setup.py develop --uninstall --editable --build-directory /home/jjy/ros2_ws/build/rse_sensor_models/build
[1.192s] Invoking command in '/home/jjy/ros2_ws/src/rse_prob_robotics/rse_sensor_models': PYTHONPATH=/home/jjy/ros2_ws/build/rse_sensor_models/prefix_override:/usr/lib/python3/dist-packages/colcon_core/task/python/colcon_distutils_commands:/home/jjy/ros2_ws/install/rse_sensor_models/lib/python3.10/site-packages:${PYTHONPATH} /usr/bin/python3 -W ignore:setup.py install is deprecated -W ignore:easy_install command is deprecated setup.py egg_info --egg-base ../../../build/rse_sensor_models build --build-base /home/jjy/ros2_ws/build/rse_sensor_models/build install --record /home/jjy/ros2_ws/build/rse_sensor_models/install.log --single-version-externally-managed install_data --force
[1.316s] running egg_info
[1.317s] writing ../../../build/rse_sensor_models/rse_sensor_models.egg-info/PKG-INFO
[1.317s] writing dependency_links to ../../../build/rse_sensor_models/rse_sensor_models.egg-info/dependency_links.txt
[1.317s] writing entry points to ../../../build/rse_sensor_models/rse_sensor_models.egg-info/entry_points.txt
[1.317s] writing requirements to ../../../build/rse_sensor_models/rse_sensor_models.egg-info/requires.txt
[1.317s] writing top-level names to ../../../build/rse_sensor_models/rse_sensor_models.egg-info/top_level.txt
[1.318s] reading manifest file '../../../build/rse_sensor_models/rse_sensor_models.egg-info/SOURCES.txt'
[1.318s] writing manifest file '../../../build/rse_sensor_models/rse_sensor_models.egg-info/SOURCES.txt'
[1.318s] running build
[1.318s] running build_py
[1.318s] creating /home/jjy/ros2_ws/build/rse_sensor_models/build
[1.318s] creating /home/jjy/ros2_ws/build/rse_sensor_models/build/lib
[1.318s] creating /home/jjy/ros2_ws/build/rse_sensor_models/build/lib/rse_sensor_models
[1.319s] copying rse_sensor_models/__init__.py -> /home/jjy/ros2_ws/build/rse_sensor_models/build/lib/rse_sensor_models
[1.319s] copying rse_sensor_models/inverse_sensor_models.py -> /home/jjy/ros2_ws/build/rse_sensor_models/build/lib/rse_sensor_models
[1.319s] running install
[1.319s] running install_lib
[1.320s] creating /home/jjy/ros2_ws/install/rse_sensor_models/lib/python3.10/site-packages/rse_sensor_models
[1.320s] copying /home/jjy/ros2_ws/build/rse_sensor_models/build/lib/rse_sensor_models/__init__.py -> /home/jjy/ros2_ws/install/rse_sensor_models/lib/python3.10/site-packages/rse_sensor_models
[1.320s] copying /home/jjy/ros2_ws/build/rse_sensor_models/build/lib/rse_sensor_models/inverse_sensor_models.py -> /home/jjy/ros2_ws/install/rse_sensor_models/lib/python3.10/site-packages/rse_sensor_models
[1.320s] byte-compiling /home/jjy/ros2_ws/install/rse_sensor_models/lib/python3.10/site-packages/rse_sensor_models/__init__.py to __init__.cpython-310.pyc
[1.320s] byte-compiling /home/jjy/ros2_ws/install/rse_sensor_models/lib/python3.10/site-packages/rse_sensor_models/inverse_sensor_models.py to inverse_sensor_models.cpython-310.pyc
[1.321s] running install_data
[1.321s] copying resource/rse_sensor_models -> /home/jjy/ros2_ws/install/rse_sensor_models/share/ament_index/resource_index/packages
[1.321s] copying package.xml -> /home/jjy/ros2_ws/install/rse_sensor_models/share/rse_sensor_models
[1.321s] running install_egg_info
[1.322s] Copying ../../../build/rse_sensor_models/rse_sensor_models.egg-info to /home/jjy/ros2_ws/install/rse_sensor_models/lib/python3.10/site-packages/rse_sensor_models-0.0.0-py3.10.egg-info
[1.323s] running install_scripts
[1.338s] writing list of installed files to '/home/jjy/ros2_ws/build/rse_sensor_models/install.log'
[1.357s] Invoked command in '/home/jjy/ros2_ws/src/rse_prob_robotics/rse_sensor_models' returned '0': PYTHONPATH=/home/jjy/ros2_ws/build/rse_sensor_models/prefix_override:/usr/lib/python3/dist-packages/colcon_core/task/python/colcon_distutils_commands:/home/jjy/ros2_ws/install/rse_sensor_models/lib/python3.10/site-packages:${PYTHONPATH} /usr/bin/python3 -W ignore:setup.py install is deprecated -W ignore:easy_install command is deprecated setup.py egg_info --egg-base ../../../build/rse_sensor_models build --build-base /home/jjy/ros2_ws/build/rse_sensor_models/build install --record /home/jjy/ros2_ws/build/rse_sensor_models/install.log --single-version-externally-managed install_data --force
