running develop
Removing /home/jjy/ros2_ws/install/rse_occupancy_grid_mapping/lib/python3.10/site-packages/rse-occupancy-grid-mapping.egg-link (link to .)
running egg_info
writing ../../../build/rse_occupancy_grid_mapping/rse_occupancy_grid_mapping.egg-info/PKG-INFO
writing dependency_links to ../../../build/rse_occupancy_grid_mapping/rse_occupancy_grid_mapping.egg-info/dependency_links.txt
writing entry points to ../../../build/rse_occupancy_grid_mapping/rse_occupancy_grid_mapping.egg-info/entry_points.txt
writing requirements to ../../../build/rse_occupancy_grid_mapping/rse_occupancy_grid_mapping.egg-info/requires.txt
writing top-level names to ../../../build/rse_occupancy_grid_mapping/rse_occupancy_grid_mapping.egg-info/top_level.txt
reading manifest file '../../../build/rse_occupancy_grid_mapping/rse_occupancy_grid_mapping.egg-info/SOURCES.txt'
writing manifest file '../../../build/rse_occupancy_grid_mapping/rse_occupancy_grid_mapping.egg-info/SOURCES.txt'
running build
running build_py
creating /home/jjy/ros2_ws/build/rse_occupancy_grid_mapping/build
creating /home/jjy/ros2_ws/build/rse_occupancy_grid_mapping/build/lib
creating /home/jjy/ros2_ws/build/rse_occupancy_grid_mapping/build/lib/rse_occupancy_grid_mapping
copying rse_occupancy_grid_mapping/occupancy_grid_mapping.py -> /home/jjy/ros2_ws/build/rse_occupancy_grid_mapping/build/lib/rse_occupancy_grid_mapping
copying rse_occupancy_grid_mapping/occupancy_grid_mapping_node.py -> /home/jjy/ros2_ws/build/rse_occupancy_grid_mapping/build/lib/rse_occupancy_grid_mapping
copying rse_occupancy_grid_mapping/__init__.py -> /home/jjy/ros2_ws/build/rse_occupancy_grid_mapping/build/lib/rse_occupancy_grid_mapping
running install
running install_lib
creating /home/jjy/ros2_ws/install/rse_occupancy_grid_mapping/lib/python3.10/site-packages/rse_occupancy_grid_mapping
copying /home/jjy/ros2_ws/build/rse_occupancy_grid_mapping/build/lib/rse_occupancy_grid_mapping/occupancy_grid_mapping.py -> /home/jjy/ros2_ws/install/rse_occupancy_grid_mapping/lib/python3.10/site-packages/rse_occupancy_grid_mapping
copying /home/jjy/ros2_ws/build/rse_occupancy_grid_mapping/build/lib/rse_occupancy_grid_mapping/occupancy_grid_mapping_node.py -> /home/jjy/ros2_ws/install/rse_occupancy_grid_mapping/lib/python3.10/site-packages/rse_occupancy_grid_mapping
copying /home/jjy/ros2_ws/build/rse_occupancy_grid_mapping/build/lib/rse_occupancy_grid_mapping/__init__.py -> /home/jjy/ros2_ws/install/rse_occupancy_grid_mapping/lib/python3.10/site-packages/rse_occupancy_grid_mapping
byte-compiling /home/jjy/ros2_ws/install/rse_occupancy_grid_mapping/lib/python3.10/site-packages/rse_occupancy_grid_mapping/occupancy_grid_mapping.py to occupancy_grid_mapping.cpython-310.pyc
byte-compiling /home/jjy/ros2_ws/install/rse_occupancy_grid_mapping/lib/python3.10/site-packages/rse_occupancy_grid_mapping/occupancy_grid_mapping_node.py to occupancy_grid_mapping_node.cpython-310.pyc
byte-compiling /home/jjy/ros2_ws/install/rse_occupancy_grid_mapping/lib/python3.10/site-packages/rse_occupancy_grid_mapping/__init__.py to __init__.cpython-310.pyc
running install_data
copying resource/rse_occupancy_grid_mapping -> /home/jjy/ros2_ws/install/rse_occupancy_grid_mapping/share/ament_index/resource_index/packages
copying package.xml -> /home/jjy/ros2_ws/install/rse_occupancy_grid_mapping/share/rse_occupancy_grid_mapping
running install_egg_info
Copying ../../../build/rse_occupancy_grid_mapping/rse_occupancy_grid_mapping.egg-info to /home/jjy/ros2_ws/install/rse_occupancy_grid_mapping/lib/python3.10/site-packages/rse_occupancy_grid_mapping-0.0.0-py3.10.egg-info
running install_scripts
Installing occupancy_grid_mapping script to /home/jjy/ros2_ws/install/rse_occupancy_grid_mapping/lib/rse_occupancy_grid_mapping
writing list of installed files to '/home/jjy/ros2_ws/build/rse_occupancy_grid_mapping/install.log'
