[0.967s] Invoking command in '/home/jjy/ros2_ws/build/rse_occupancy_grid_mapping': PYTHONPATH=/home/jjy/ros2_ws/build/rse_occupancy_grid_mapping/prefix_override:/usr/lib/python3/dist-packages/colcon_core/task/python/colcon_distutils_commands:/home/jjy/ros2_ws/install/rse_occupancy_grid_mapping/lib/python3.10/site-packages:${PYTHONPATH} /usr/bin/python3 -W ignore:setup.py install is deprecated -W ignore:easy_install command is deprecated setup.py develop --uninstall --editable --build-directory /home/jjy/ros2_ws/build/rse_occupancy_grid_mapping/build
[1.091s] running develop
[1.166s] Removing /home/jjy/ros2_ws/install/rse_occupancy_grid_mapping/lib/python3.10/site-packages/rse-occupancy-grid-mapping.egg-link (link to .)
[1.181s] Invoked command in '/home/jjy/ros2_ws/build/rse_occupancy_grid_mapping' returned '0': PYTHONPATH=/home/jjy/ros2_ws/build/rse_occupancy_grid_mapping/prefix_override:/usr/lib/python3/dist-packages/colcon_core/task/python/colcon_distutils_commands:/home/jjy/ros2_ws/install/rse_occupancy_grid_mapping/lib/python3.10/site-packages:${PYTHONPATH} /usr/bin/python3 -W ignore:setup.py install is deprecated -W ignore:easy_install command is deprecated setup.py develop --uninstall --editable --build-directory /home/jjy/ros2_ws/build/rse_occupancy_grid_mapping/build
[1.182s] Invoking command in '/home/jjy/ros2_ws/src/rse_prob_robotics/rse_occupancy_grid_mapping': PYTHONPATH=/home/jjy/ros2_ws/build/rse_occupancy_grid_mapping/prefix_override:/usr/lib/python3/dist-packages/colcon_core/task/python/colcon_distutils_commands:/home/jjy/ros2_ws/install/rse_occupancy_grid_mapping/lib/python3.10/site-packages:${PYTHONPATH} /usr/bin/python3 -W ignore:setup.py install is deprecated -W ignore:easy_install command is deprecated setup.py egg_info --egg-base ../../../build/rse_occupancy_grid_mapping build --build-base /home/jjy/ros2_ws/build/rse_occupancy_grid_mapping/build install --record /home/jjy/ros2_ws/build/rse_occupancy_grid_mapping/install.log --single-version-externally-managed install_data --force
[1.343s] running egg_info
[1.344s] writing ../../../build/rse_occupancy_grid_mapping/rse_occupancy_grid_mapping.egg-info/PKG-INFO
[1.344s] writing dependency_links to ../../../build/rse_occupancy_grid_mapping/rse_occupancy_grid_mapping.egg-info/dependency_links.txt
[1.344s] writing entry points to ../../../build/rse_occupancy_grid_mapping/rse_occupancy_grid_mapping.egg-info/entry_points.txt
[1.344s] writing requirements to ../../../build/rse_occupancy_grid_mapping/rse_occupancy_grid_mapping.egg-info/requires.txt
[1.344s] writing top-level names to ../../../build/rse_occupancy_grid_mapping/rse_occupancy_grid_mapping.egg-info/top_level.txt
[1.346s] reading manifest file '../../../build/rse_occupancy_grid_mapping/rse_occupancy_grid_mapping.egg-info/SOURCES.txt'
[1.346s] writing manifest file '../../../build/rse_occupancy_grid_mapping/rse_occupancy_grid_mapping.egg-info/SOURCES.txt'
[1.346s] running build
[1.346s] running build_py
[1.347s] creating /home/jjy/ros2_ws/build/rse_occupancy_grid_mapping/build
[1.347s] creating /home/jjy/ros2_ws/build/rse_occupancy_grid_mapping/build/lib
[1.347s] creating /home/jjy/ros2_ws/build/rse_occupancy_grid_mapping/build/lib/rse_occupancy_grid_mapping
[1.347s] copying rse_occupancy_grid_mapping/occupancy_grid_mapping.py -> /home/jjy/ros2_ws/build/rse_occupancy_grid_mapping/build/lib/rse_occupancy_grid_mapping
[1.347s] copying rse_occupancy_grid_mapping/occupancy_grid_mapping_node.py -> /home/jjy/ros2_ws/build/rse_occupancy_grid_mapping/build/lib/rse_occupancy_grid_mapping
[1.347s] copying rse_occupancy_grid_mapping/__init__.py -> /home/jjy/ros2_ws/build/rse_occupancy_grid_mapping/build/lib/rse_occupancy_grid_mapping
[1.347s] running install
[1.347s] running install_lib
[1.349s] creating /home/jjy/ros2_ws/install/rse_occupancy_grid_mapping/lib/python3.10/site-packages/rse_occupancy_grid_mapping
[1.349s] copying /home/jjy/ros2_ws/build/rse_occupancy_grid_mapping/build/lib/rse_occupancy_grid_mapping/occupancy_grid_mapping.py -> /home/jjy/ros2_ws/install/rse_occupancy_grid_mapping/lib/python3.10/site-packages/rse_occupancy_grid_mapping
[1.349s] copying /home/jjy/ros2_ws/build/rse_occupancy_grid_mapping/build/lib/rse_occupancy_grid_mapping/occupancy_grid_mapping_node.py -> /home/jjy/ros2_ws/install/rse_occupancy_grid_mapping/lib/python3.10/site-packages/rse_occupancy_grid_mapping
[1.349s] copying /home/jjy/ros2_ws/build/rse_occupancy_grid_mapping/build/lib/rse_occupancy_grid_mapping/__init__.py -> /home/jjy/ros2_ws/install/rse_occupancy_grid_mapping/lib/python3.10/site-packages/rse_occupancy_grid_mapping
[1.350s] byte-compiling /home/jjy/ros2_ws/install/rse_occupancy_grid_mapping/lib/python3.10/site-packages/rse_occupancy_grid_mapping/occupancy_grid_mapping.py to occupancy_grid_mapping.cpython-310.pyc
[1.350s] byte-compiling /home/jjy/ros2_ws/install/rse_occupancy_grid_mapping/lib/python3.10/site-packages/rse_occupancy_grid_mapping/occupancy_grid_mapping_node.py to occupancy_grid_mapping_node.cpython-310.pyc
[1.351s] byte-compiling /home/jjy/ros2_ws/install/rse_occupancy_grid_mapping/lib/python3.10/site-packages/rse_occupancy_grid_mapping/__init__.py to __init__.cpython-310.pyc
[1.351s] running install_data
[1.351s] copying resource/rse_occupancy_grid_mapping -> /home/jjy/ros2_ws/install/rse_occupancy_grid_mapping/share/ament_index/resource_index/packages
[1.352s] copying package.xml -> /home/jjy/ros2_ws/install/rse_occupancy_grid_mapping/share/rse_occupancy_grid_mapping
[1.352s] running install_egg_info
[1.354s] Copying ../../../build/rse_occupancy_grid_mapping/rse_occupancy_grid_mapping.egg-info to /home/jjy/ros2_ws/install/rse_occupancy_grid_mapping/lib/python3.10/site-packages/rse_occupancy_grid_mapping-0.0.0-py3.10.egg-info
[1.354s] running install_scripts
[1.373s] Installing occupancy_grid_mapping script to /home/jjy/ros2_ws/install/rse_occupancy_grid_mapping/lib/rse_occupancy_grid_mapping
[1.373s] writing list of installed files to '/home/jjy/ros2_ws/build/rse_occupancy_grid_mapping/install.log'
[1.509s] Invoked command in '/home/jjy/ros2_ws/src/rse_prob_robotics/rse_occupancy_grid_mapping' returned '0': PYTHONPATH=/home/jjy/ros2_ws/build/rse_occupancy_grid_mapping/prefix_override:/usr/lib/python3/dist-packages/colcon_core/task/python/colcon_distutils_commands:/home/jjy/ros2_ws/install/rse_occupancy_grid_mapping/lib/python3.10/site-packages:${PYTHONPATH} /usr/bin/python3 -W ignore:setup.py install is deprecated -W ignore:easy_install command is deprecated setup.py egg_info --egg-base ../../../build/rse_occupancy_grid_mapping build --build-base /home/jjy/ros2_ws/build/rse_occupancy_grid_mapping/build install --record /home/jjy/ros2_ws/build/rse_occupancy_grid_mapping/install.log --single-version-externally-managed install_data --force
